<?xml version="1.0" encoding="ISO-8859-1" ?>
<link_info>
   <banner>TI ARM Clang Linker PC v4.0.2.LTS</banner>
   <copyright>Copyright (c) 1996-2018 Texas Instruments Incorporated</copyright>
   <command_line>C:\ti\ccs2011\ccs\tools\compiler\ti-cgt-armllvm_4.0.2.LTS\bin\tiarmlnk -IC:\ti\ccs2011\ccs\tools\compiler\ti-cgt-armllvm_4.0.2.LTS\lib -o empty_am263px-cc_r5fss0-0_nortos_ti-arm-clang.out -mempty.Release.map -iC:/ti/mcu_plus_sdk_am263px_10_01_00_34/source/kernel/nortos/lib -iC:/ti/mcu_plus_sdk_am263px_10_01_00_34/source/drivers/lib -iC:/ti/ccs2011/ccs/tools/compiler/ti-cgt-armllvm_4.0.2.LTS/lib --reread_libs --diag_suppress=10063 --diag_wrap=off --display_error_number --warn_sections --gen_xml_func_hash --xml_link_info=empty_am263px-cc_r5fss0-0_nortos_ti-arm-clang_linkInfo.xml --ram_model ./syscfg/ti_dpl_config.o ./syscfg/ti_drivers_config.o ./syscfg/ti_drivers_open_close.o ./syscfg/ti_pinmux_config.o ./syscfg/ti_power_clock_config.o ./syscfg/ti_board_config.o ./syscfg/ti_board_open_close.o ./syscfg/ti_enet_config.o ./syscfg/ti_enet_open_close.o ./syscfg/ti_enet_soc.o ./syscfg/ti_enet_lwipif.o ./high_side_switches_test.o ./ideal_diode_test.o ./main.o -lsyscfg/linker.cmd -lnortos.am263px.r5f.ti-arm-clang.release.lib -ldrivers.am263px.r5f.ti-arm-clang.release.lib -llibc.a -llibsysbm.a --start-group -llibc++.a -llibc++abi.a -llibc.a -llibsys.a -llibsysbm.a -llibclang_rt.builtins.a -llibclang_rt.profile.a --end-group --cg_opt_level=s</command_line>
   <link_time>0x683618cc</link_time>
   <link_errors>0x0</link_errors>
   <output_file>C:\Users\carim\workspace_ccstheia\empty_am263px-cc_r5fss0-0_nortos_ti-arm-clang\Release\empty_am263px-cc_r5fss0-0_nortos_ti-arm-clang.out</output_file>
   <entry_point>
      <name>_vectors</name>
      <address>0x0</address>
   </entry_point>
   <input_file_list>
      <input_file id="fl-1">
         <path>C:\Users\carim\workspace_ccstheia\empty_am263px-cc_r5fss0-0_nortos_ti-arm-clang\Release\.\syscfg\</path>
         <kind>object</kind>
         <file>ti_dpl_config.o</file>
         <name>ti_dpl_config.o</name>
      </input_file>
      <input_file id="fl-2">
         <path>C:\Users\carim\workspace_ccstheia\empty_am263px-cc_r5fss0-0_nortos_ti-arm-clang\Release\.\syscfg\</path>
         <kind>object</kind>
         <file>ti_drivers_config.o</file>
         <name>ti_drivers_config.o</name>
      </input_file>
      <input_file id="fl-3">
         <path>C:\Users\carim\workspace_ccstheia\empty_am263px-cc_r5fss0-0_nortos_ti-arm-clang\Release\.\syscfg\</path>
         <kind>object</kind>
         <file>ti_drivers_open_close.o</file>
         <name>ti_drivers_open_close.o</name>
      </input_file>
      <input_file id="fl-4">
         <path>C:\Users\carim\workspace_ccstheia\empty_am263px-cc_r5fss0-0_nortos_ti-arm-clang\Release\.\syscfg\</path>
         <kind>object</kind>
         <file>ti_pinmux_config.o</file>
         <name>ti_pinmux_config.o</name>
      </input_file>
      <input_file id="fl-5">
         <path>C:\Users\carim\workspace_ccstheia\empty_am263px-cc_r5fss0-0_nortos_ti-arm-clang\Release\.\syscfg\</path>
         <kind>object</kind>
         <file>ti_power_clock_config.o</file>
         <name>ti_power_clock_config.o</name>
      </input_file>
      <input_file id="fl-6">
         <path>C:\Users\carim\workspace_ccstheia\empty_am263px-cc_r5fss0-0_nortos_ti-arm-clang\Release\.\syscfg\</path>
         <kind>object</kind>
         <file>ti_board_config.o</file>
         <name>ti_board_config.o</name>
      </input_file>
      <input_file id="fl-7">
         <path>C:\Users\carim\workspace_ccstheia\empty_am263px-cc_r5fss0-0_nortos_ti-arm-clang\Release\.\syscfg\</path>
         <kind>object</kind>
         <file>ti_board_open_close.o</file>
         <name>ti_board_open_close.o</name>
      </input_file>
      <input_file id="fl-8">
         <path>C:\Users\carim\workspace_ccstheia\empty_am263px-cc_r5fss0-0_nortos_ti-arm-clang\Release\.\syscfg\</path>
         <kind>object</kind>
         <file>ti_enet_config.o</file>
         <name>ti_enet_config.o</name>
      </input_file>
      <input_file id="fl-9">
         <path>C:\Users\carim\workspace_ccstheia\empty_am263px-cc_r5fss0-0_nortos_ti-arm-clang\Release\.\syscfg\</path>
         <kind>object</kind>
         <file>ti_enet_open_close.o</file>
         <name>ti_enet_open_close.o</name>
      </input_file>
      <input_file id="fl-a">
         <path>C:\Users\carim\workspace_ccstheia\empty_am263px-cc_r5fss0-0_nortos_ti-arm-clang\Release\.\syscfg\</path>
         <kind>object</kind>
         <file>ti_enet_soc.o</file>
         <name>ti_enet_soc.o</name>
      </input_file>
      <input_file id="fl-b">
         <path>C:\Users\carim\workspace_ccstheia\empty_am263px-cc_r5fss0-0_nortos_ti-arm-clang\Release\.\syscfg\</path>
         <kind>object</kind>
         <file>ti_enet_lwipif.o</file>
         <name>ti_enet_lwipif.o</name>
      </input_file>
      <input_file id="fl-c">
         <path>C:\Users\carim\workspace_ccstheia\empty_am263px-cc_r5fss0-0_nortos_ti-arm-clang\Release\.\</path>
         <kind>object</kind>
         <file>high_side_switches_test.o</file>
         <name>high_side_switches_test.o</name>
      </input_file>
      <input_file id="fl-d">
         <path>C:\Users\carim\workspace_ccstheia\empty_am263px-cc_r5fss0-0_nortos_ti-arm-clang\Release\.\</path>
         <kind>object</kind>
         <file>ideal_diode_test.o</file>
         <name>ideal_diode_test.o</name>
      </input_file>
      <input_file id="fl-e">
         <path>C:\Users\carim\workspace_ccstheia\empty_am263px-cc_r5fss0-0_nortos_ti-arm-clang\Release\.\</path>
         <kind>object</kind>
         <file>main.o</file>
         <name>main.o</name>
      </input_file>
      <input_file id="fl-1c">
         <path>C:\Users\carim\workspace_ccstheia\empty_am263px-cc_r5fss0-0_nortos_ti-arm-clang\Release\</path>
         <kind>object</kind>
         <file>&lt;internal&gt;</file>
         <name>&lt;internal&gt;</name>
      </input_file>
      <input_file id="fl-1d">
         <path>C:\ti\mcu_plus_sdk_am263px_10_01_00_34\source\kernel\nortos\lib\</path>
         <kind>archive</kind>
         <file>nortos.am263px.r5f.ti-arm-clang.release.lib</file>
         <name>AddrTranslateP_32bit.obj</name>
      </input_file>
      <input_file id="fl-1e">
         <path>C:\ti\mcu_plus_sdk_am263px_10_01_00_34\source\kernel\nortos\lib\</path>
         <kind>archive</kind>
         <file>nortos.am263px.r5f.ti-arm-clang.release.lib</file>
         <name>DebugP_uartLogWriter.obj</name>
      </input_file>
      <input_file id="fl-1f">
         <path>C:\ti\mcu_plus_sdk_am263px_10_01_00_34\source\kernel\nortos\lib\</path>
         <kind>archive</kind>
         <file>nortos.am263px.r5f.ti-arm-clang.release.lib</file>
         <name>DebugP_log.obj</name>
      </input_file>
      <input_file id="fl-20">
         <path>C:\ti\mcu_plus_sdk_am263px_10_01_00_34\source\kernel\nortos\lib\</path>
         <kind>archive</kind>
         <file>nortos.am263px.r5f.ti-arm-clang.release.lib</file>
         <name>DebugP_nortos.obj</name>
      </input_file>
      <input_file id="fl-21">
         <path>C:\ti\mcu_plus_sdk_am263px_10_01_00_34\source\kernel\nortos\lib\</path>
         <kind>archive</kind>
         <file>nortos.am263px.r5f.ti-arm-clang.release.lib</file>
         <name>ClockP_nortos.obj</name>
      </input_file>
      <input_file id="fl-22">
         <path>C:\ti\mcu_plus_sdk_am263px_10_01_00_34\source\kernel\nortos\lib\</path>
         <kind>archive</kind>
         <file>nortos.am263px.r5f.ti-arm-clang.release.lib</file>
         <name>ClockP_nortos_r5.obj</name>
      </input_file>
      <input_file id="fl-23">
         <path>C:\ti\mcu_plus_sdk_am263px_10_01_00_34\source\kernel\nortos\lib\</path>
         <kind>archive</kind>
         <file>nortos.am263px.r5f.ti-arm-clang.release.lib</file>
         <name>TimerP_rti.obj</name>
      </input_file>
      <input_file id="fl-24">
         <path>C:\ti\mcu_plus_sdk_am263px_10_01_00_34\source\kernel\nortos\lib\</path>
         <kind>archive</kind>
         <file>nortos.am263px.r5f.ti-arm-clang.release.lib</file>
         <name>HwiP_armv7r_vim.obj</name>
      </input_file>
      <input_file id="fl-25">
         <path>C:\ti\mcu_plus_sdk_am263px_10_01_00_34\source\kernel\nortos\lib\</path>
         <kind>archive</kind>
         <file>nortos.am263px.r5f.ti-arm-clang.release.lib</file>
         <name>HwiP_armv7r_handlers_nortos.obj</name>
      </input_file>
      <input_file id="fl-26">
         <path>C:\ti\mcu_plus_sdk_am263px_10_01_00_34\source\kernel\nortos\lib\</path>
         <kind>archive</kind>
         <file>nortos.am263px.r5f.ti-arm-clang.release.lib</file>
         <name>MpuP_armv7r.obj</name>
      </input_file>
      <input_file id="fl-27">
         <path>C:\ti\mcu_plus_sdk_am263px_10_01_00_34\source\kernel\nortos\lib\</path>
         <kind>archive</kind>
         <file>nortos.am263px.r5f.ti-arm-clang.release.lib</file>
         <name>CacheP_armv7r.obj</name>
      </input_file>
      <input_file id="fl-28">
         <path>C:\ti\mcu_plus_sdk_am263px_10_01_00_34\source\kernel\nortos\lib\</path>
         <kind>archive</kind>
         <file>nortos.am263px.r5f.ti-arm-clang.release.lib</file>
         <name>printf.obj</name>
      </input_file>
      <input_file id="fl-29">
         <path>C:\ti\mcu_plus_sdk_am263px_10_01_00_34\source\kernel\nortos\lib\</path>
         <kind>archive</kind>
         <file>nortos.am263px.r5f.ti-arm-clang.release.lib</file>
         <name>PmuP_armv7r.obj</name>
      </input_file>
      <input_file id="fl-2a">
         <path>C:\ti\mcu_plus_sdk_am263px_10_01_00_34\source\kernel\nortos\lib\</path>
         <kind>archive</kind>
         <file>nortos.am263px.r5f.ti-arm-clang.release.lib</file>
         <name>HwiP_armv7r_handlers_nortos_asm.obj</name>
      </input_file>
      <input_file id="fl-2b">
         <path>C:\ti\mcu_plus_sdk_am263px_10_01_00_34\source\kernel\nortos\lib\</path>
         <kind>archive</kind>
         <file>nortos.am263px.r5f.ti-arm-clang.release.lib</file>
         <name>HwiP_armv7r_vectors_nortos_asm.obj</name>
      </input_file>
      <input_file id="fl-2c">
         <path>C:\ti\mcu_plus_sdk_am263px_10_01_00_34\source\kernel\nortos\lib\</path>
         <kind>archive</kind>
         <file>nortos.am263px.r5f.ti-arm-clang.release.lib</file>
         <name>boot_armv7r_asm.obj</name>
      </input_file>
      <input_file id="fl-2d">
         <path>C:\ti\mcu_plus_sdk_am263px_10_01_00_34\source\kernel\nortos\lib\</path>
         <kind>archive</kind>
         <file>nortos.am263px.r5f.ti-arm-clang.release.lib</file>
         <name>HwiP_armv7r_asm.obj</name>
      </input_file>
      <input_file id="fl-2e">
         <path>C:\ti\mcu_plus_sdk_am263px_10_01_00_34\source\kernel\nortos\lib\</path>
         <kind>archive</kind>
         <file>nortos.am263px.r5f.ti-arm-clang.release.lib</file>
         <name>MpuP_armv7r_asm.obj</name>
      </input_file>
      <input_file id="fl-2f">
         <path>C:\ti\mcu_plus_sdk_am263px_10_01_00_34\source\kernel\nortos\lib\</path>
         <kind>archive</kind>
         <file>nortos.am263px.r5f.ti-arm-clang.release.lib</file>
         <name>CacheP_armv7r_asm.obj</name>
      </input_file>
      <input_file id="fl-30">
         <path>C:\ti\mcu_plus_sdk_am263px_10_01_00_34\source\kernel\nortos\lib\</path>
         <kind>archive</kind>
         <file>nortos.am263px.r5f.ti-arm-clang.release.lib</file>
         <name>PmuP_armv7r_asm.obj</name>
      </input_file>
      <input_file id="fl-31">
         <path>C:\ti\mcu_plus_sdk_am263px_10_01_00_34\source\kernel\nortos\lib\</path>
         <kind>archive</kind>
         <file>nortos.am263px.r5f.ti-arm-clang.release.lib</file>
         <name>boot_armv7r.obj</name>
      </input_file>
      <input_file id="fl-32">
         <path>C:\ti\mcu_plus_sdk_am263px_10_01_00_34\source\kernel\nortos\lib\</path>
         <kind>archive</kind>
         <file>nortos.am263px.r5f.ti-arm-clang.release.lib</file>
         <name>SemaphoreP_nortos.obj</name>
      </input_file>
      <input_file id="fl-33">
         <path>C:\ti\mcu_plus_sdk_am263px_10_01_00_34\source\drivers\lib\</path>
         <kind>archive</kind>
         <file>drivers.am263px.r5f.ti-arm-clang.release.lib</file>
         <name>adc.obj</name>
      </input_file>
      <input_file id="fl-34">
         <path>C:\ti\mcu_plus_sdk_am263px_10_01_00_34\source\drivers\lib\</path>
         <kind>archive</kind>
         <file>drivers.am263px.r5f.ti-arm-clang.release.lib</file>
         <name>edma.obj</name>
      </input_file>
      <input_file id="fl-35">
         <path>C:\ti\mcu_plus_sdk_am263px_10_01_00_34\source\drivers\lib\</path>
         <kind>archive</kind>
         <file>drivers.am263px.r5f.ti-arm-clang.release.lib</file>
         <name>gpio.obj</name>
      </input_file>
      <input_file id="fl-36">
         <path>C:\ti\mcu_plus_sdk_am263px_10_01_00_34\source\drivers\lib\</path>
         <kind>archive</kind>
         <file>drivers.am263px.r5f.ti-arm-clang.release.lib</file>
         <name>mcspi_v0.obj</name>
      </input_file>
      <input_file id="fl-37">
         <path>C:\ti\mcu_plus_sdk_am263px_10_01_00_34\source\drivers\lib\</path>
         <kind>archive</kind>
         <file>drivers.am263px.r5f.ti-arm-clang.release.lib</file>
         <name>pinmux.obj</name>
      </input_file>
      <input_file id="fl-38">
         <path>C:\ti\mcu_plus_sdk_am263px_10_01_00_34\source\drivers\lib\</path>
         <kind>archive</kind>
         <file>drivers.am263px.r5f.ti-arm-clang.release.lib</file>
         <name>soc.obj</name>
      </input_file>
      <input_file id="fl-39">
         <path>C:\ti\mcu_plus_sdk_am263px_10_01_00_34\source\drivers\lib\</path>
         <kind>archive</kind>
         <file>drivers.am263px.r5f.ti-arm-clang.release.lib</file>
         <name>soc_rcm.obj</name>
      </input_file>
      <input_file id="fl-3a">
         <path>C:\ti\mcu_plus_sdk_am263px_10_01_00_34\source\drivers\lib\</path>
         <kind>archive</kind>
         <file>drivers.am263px.r5f.ti-arm-clang.release.lib</file>
         <name>uart_v0.obj</name>
      </input_file>
      <input_file id="fl-3b">
         <path>C:\ti\mcu_plus_sdk_am263px_10_01_00_34\source\drivers\lib\</path>
         <kind>archive</kind>
         <file>drivers.am263px.r5f.ti-arm-clang.release.lib</file>
         <name>uart_v0_lld.obj</name>
      </input_file>
      <input_file id="fl-3c">
         <path>C:\ti\mcu_plus_sdk_am263px_10_01_00_34\source\drivers\lib\</path>
         <kind>archive</kind>
         <file>drivers.am263px.r5f.ti-arm-clang.release.lib</file>
         <name>uart_dma_edma.obj</name>
      </input_file>
      <input_file id="fl-3d">
         <path>C:\ti\mcu_plus_sdk_am263px_10_01_00_34\source\drivers\lib\</path>
         <kind>archive</kind>
         <file>drivers.am263px.r5f.ti-arm-clang.release.lib</file>
         <name>mcspi_v0_lld.obj</name>
      </input_file>
      <input_file id="fl-3e">
         <path>C:\ti\mcu_plus_sdk_am263px_10_01_00_34\source\drivers\lib\</path>
         <kind>archive</kind>
         <file>drivers.am263px.r5f.ti-arm-clang.release.lib</file>
         <name>mcspi_dma_edma.obj</name>
      </input_file>
      <input_file id="fl-55">
         <path>C:\ti\ccs2011\ccs\tools\compiler\ti-cgt-armllvm_4.0.2.LTS\lib\armv7r-ti-none-eabihf\c\</path>
         <kind>archive</kind>
         <file>libc.a</file>
         <name>fputc.c.obj</name>
      </input_file>
      <input_file id="fl-56">
         <path>C:\ti\ccs2011\ccs\tools\compiler\ti-cgt-armllvm_4.0.2.LTS\lib\armv7r-ti-none-eabihf\c\</path>
         <kind>archive</kind>
         <file>libc.a</file>
         <name>_io_perm.c.obj</name>
      </input_file>
      <input_file id="fl-57">
         <path>C:\ti\ccs2011\ccs\tools\compiler\ti-cgt-armllvm_4.0.2.LTS\lib\armv7r-ti-none-eabihf\c\</path>
         <kind>archive</kind>
         <file>libc.a</file>
         <name>setvbuf.c.obj</name>
      </input_file>
      <input_file id="fl-58">
         <path>C:\ti\ccs2011\ccs\tools\compiler\ti-cgt-armllvm_4.0.2.LTS\lib\armv7r-ti-none-eabihf\c\</path>
         <kind>archive</kind>
         <file>libc.a</file>
         <name>exit.c.obj</name>
      </input_file>
      <input_file id="fl-59">
         <path>C:\ti\ccs2011\ccs\tools\compiler\ti-cgt-armllvm_4.0.2.LTS\lib\armv7r-ti-none-eabihf\c\</path>
         <kind>archive</kind>
         <file>libc.a</file>
         <name>_lock.c.obj</name>
      </input_file>
      <input_file id="fl-5a">
         <path>C:\ti\ccs2011\ccs\tools\compiler\ti-cgt-armllvm_4.0.2.LTS\lib\armv7r-ti-none-eabihf\c\</path>
         <kind>archive</kind>
         <file>libc.a</file>
         <name>defs.c.obj</name>
      </input_file>
      <input_file id="fl-5b">
         <path>C:\ti\ccs2011\ccs\tools\compiler\ti-cgt-armllvm_4.0.2.LTS\lib\armv7r-ti-none-eabihf\c\</path>
         <kind>archive</kind>
         <file>libc.a</file>
         <name>memory.c.obj</name>
      </input_file>
      <input_file id="fl-5c">
         <path>C:\ti\ccs2011\ccs\tools\compiler\ti-cgt-armllvm_4.0.2.LTS\lib\armv7r-ti-none-eabihf\c\</path>
         <kind>archive</kind>
         <file>libc.a</file>
         <name>autoinit.c.obj</name>
      </input_file>
      <input_file id="fl-5d">
         <path>C:\ti\ccs2011\ccs\tools\compiler\ti-cgt-armllvm_4.0.2.LTS\lib\armv7r-ti-none-eabihf\c\</path>
         <kind>archive</kind>
         <file>libc.a</file>
         <name>cpy_tbl.c.obj</name>
      </input_file>
      <input_file id="fl-5e">
         <path>C:\ti\ccs2011\ccs\tools\compiler\ti-cgt-armllvm_4.0.2.LTS\lib\armv7r-ti-none-eabihf\c\</path>
         <kind>archive</kind>
         <file>libc.a</file>
         <name>fflush.c.obj</name>
      </input_file>
      <input_file id="fl-5f">
         <path>C:\ti\ccs2011\ccs\tools\compiler\ti-cgt-armllvm_4.0.2.LTS\lib\armv7r-ti-none-eabihf\c\</path>
         <kind>archive</kind>
         <file>libc.a</file>
         <name>fopen.c.obj</name>
      </input_file>
      <input_file id="fl-60">
         <path>C:\ti\ccs2011\ccs\tools\compiler\ti-cgt-armllvm_4.0.2.LTS\lib\armv7r-ti-none-eabihf\c\</path>
         <kind>archive</kind>
         <file>libc.a</file>
         <name>fseek.c.obj</name>
      </input_file>
      <input_file id="fl-61">
         <path>C:\ti\ccs2011\ccs\tools\compiler\ti-cgt-armllvm_4.0.2.LTS\lib\armv7r-ti-none-eabihf\c\</path>
         <kind>archive</kind>
         <file>libc.a</file>
         <name>aeabi_portable.c.obj</name>
      </input_file>
      <input_file id="fl-62">
         <path>C:\ti\ccs2011\ccs\tools\compiler\ti-cgt-armllvm_4.0.2.LTS\lib\armv7r-ti-none-eabihf\c\</path>
         <kind>archive</kind>
         <file>libc.a</file>
         <name>assert.c.obj</name>
      </input_file>
      <input_file id="fl-63">
         <path>C:\ti\ccs2011\ccs\tools\compiler\ti-cgt-armllvm_4.0.2.LTS\lib\armv7r-ti-none-eabihf\c\</path>
         <kind>archive</kind>
         <file>libc.a</file>
         <name>sprintf.c.obj</name>
      </input_file>
      <input_file id="fl-64">
         <path>C:\ti\ccs2011\ccs\tools\compiler\ti-cgt-armllvm_4.0.2.LTS\lib\armv7r-ti-none-eabihf\c\</path>
         <kind>archive</kind>
         <file>libc.a</file>
         <name>fclose.c.obj</name>
      </input_file>
      <input_file id="fl-65">
         <path>C:\ti\ccs2011\ccs\tools\compiler\ti-cgt-armllvm_4.0.2.LTS\lib\armv7r-ti-none-eabihf\c\</path>
         <kind>archive</kind>
         <file>libc.a</file>
         <name>fputs.c.obj</name>
      </input_file>
      <input_file id="fl-66">
         <path>C:\ti\ccs2011\ccs\tools\compiler\ti-cgt-armllvm_4.0.2.LTS\lib\armv7r-ti-none-eabihf\c\</path>
         <kind>archive</kind>
         <file>libc.a</file>
         <name>_printfi.c.obj</name>
      </input_file>
      <input_file id="fl-67">
         <path>C:\ti\ccs2011\ccs\tools\compiler\ti-cgt-armllvm_4.0.2.LTS\lib\armv7r-ti-none-eabihf\c\</path>
         <kind>archive</kind>
         <file>libc.a</file>
         <name>_ltoa.c.obj</name>
      </input_file>
      <input_file id="fl-68">
         <path>C:\ti\ccs2011\ccs\tools\compiler\ti-cgt-armllvm_4.0.2.LTS\lib\armv7r-ti-none-eabihf\c\</path>
         <kind>archive</kind>
         <file>libc.a</file>
         <name>atoi.c.obj</name>
      </input_file>
      <input_file id="fl-69">
         <path>C:\ti\ccs2011\ccs\tools\compiler\ti-cgt-armllvm_4.0.2.LTS\lib\armv7r-ti-none-eabihf\c\</path>
         <kind>archive</kind>
         <file>libc.a</file>
         <name>memccpy.c.obj</name>
      </input_file>
      <input_file id="fl-6a">
         <path>C:\ti\ccs2011\ccs\tools\compiler\ti-cgt-armllvm_4.0.2.LTS\lib\armv7r-ti-none-eabihf\c\</path>
         <kind>archive</kind>
         <file>libc.a</file>
         <name>s_frexp.c.obj</name>
      </input_file>
      <input_file id="fl-6b">
         <path>C:\ti\ccs2011\ccs\tools\compiler\ti-cgt-armllvm_4.0.2.LTS\lib\armv7r-ti-none-eabihf\c\</path>
         <kind>archive</kind>
         <file>libc.a</file>
         <name>s_scalbn.c.obj</name>
      </input_file>
      <input_file id="fl-6c">
         <path>C:\ti\ccs2011\ccs\tools\compiler\ti-cgt-armllvm_4.0.2.LTS\lib\armv7r-ti-none-eabihf\c\</path>
         <kind>archive</kind>
         <file>libc.a</file>
         <name>wcslen.c.obj</name>
      </input_file>
      <input_file id="fl-6d">
         <path>C:\ti\ccs2011\ccs\tools\compiler\ti-cgt-armllvm_4.0.2.LTS\lib\armv7r-ti-none-eabihf\c\</path>
         <kind>archive</kind>
         <file>libc.a</file>
         <name>aeabi_ctype.S.obj</name>
      </input_file>
      <input_file id="fl-84">
         <path>C:\ti\ccs2011\ccs\tools\compiler\ti-cgt-armllvm_4.0.2.LTS\lib\armv7r-ti-none-eabihf\c\</path>
         <kind>archive</kind>
         <file>libsysbm.a</file>
         <name>hostexit.c.obj</name>
      </input_file>
      <input_file id="fl-85">
         <path>C:\ti\ccs2011\ccs\tools\compiler\ti-cgt-armllvm_4.0.2.LTS\lib\armv7r-ti-none-eabihf\c\</path>
         <kind>archive</kind>
         <file>libsysbm.a</file>
         <name>write.c.obj</name>
      </input_file>
      <input_file id="fl-86">
         <path>C:\ti\ccs2011\ccs\tools\compiler\ti-cgt-armllvm_4.0.2.LTS\lib\armv7r-ti-none-eabihf\c\</path>
         <kind>archive</kind>
         <file>libsysbm.a</file>
         <name>host_device.c.obj</name>
      </input_file>
      <input_file id="fl-87">
         <path>C:\ti\ccs2011\ccs\tools\compiler\ti-cgt-armllvm_4.0.2.LTS\lib\armv7r-ti-none-eabihf\c\</path>
         <kind>archive</kind>
         <file>libsysbm.a</file>
         <name>remove.c.obj</name>
      </input_file>
      <input_file id="fl-88">
         <path>C:\ti\ccs2011\ccs\tools\compiler\ti-cgt-armllvm_4.0.2.LTS\lib\armv7r-ti-none-eabihf\c\</path>
         <kind>archive</kind>
         <file>libsysbm.a</file>
         <name>open.c.obj</name>
      </input_file>
      <input_file id="fl-89">
         <path>C:\ti\ccs2011\ccs\tools\compiler\ti-cgt-armllvm_4.0.2.LTS\lib\armv7r-ti-none-eabihf\c\</path>
         <kind>archive</kind>
         <file>libsysbm.a</file>
         <name>lseek.c.obj</name>
      </input_file>
      <input_file id="fl-8a">
         <path>C:\ti\ccs2011\ccs\tools\compiler\ti-cgt-armllvm_4.0.2.LTS\lib\armv7r-ti-none-eabihf\c\</path>
         <kind>archive</kind>
         <file>libsysbm.a</file>
         <name>close.c.obj</name>
      </input_file>
      <input_file id="fl-8b">
         <path>C:\ti\ccs2011\ccs\tools\compiler\ti-cgt-armllvm_4.0.2.LTS\lib\armv7r-ti-none-eabihf\c\</path>
         <kind>archive</kind>
         <file>libsysbm.a</file>
         <name>unlink.c.obj</name>
      </input_file>
      <input_file id="fl-8c">
         <path>C:\ti\ccs2011\ccs\tools\compiler\ti-cgt-armllvm_4.0.2.LTS\lib\armv7r-ti-none-eabihf\c\</path>
         <kind>archive</kind>
         <file>libsysbm.a</file>
         <name>hostclose.c.obj</name>
      </input_file>
      <input_file id="fl-8d">
         <path>C:\ti\ccs2011\ccs\tools\compiler\ti-cgt-armllvm_4.0.2.LTS\lib\armv7r-ti-none-eabihf\c\</path>
         <kind>archive</kind>
         <file>libsysbm.a</file>
         <name>hostlseek.c.obj</name>
      </input_file>
      <input_file id="fl-8e">
         <path>C:\ti\ccs2011\ccs\tools\compiler\ti-cgt-armllvm_4.0.2.LTS\lib\armv7r-ti-none-eabihf\c\</path>
         <kind>archive</kind>
         <file>libsysbm.a</file>
         <name>hostopen.c.obj</name>
      </input_file>
      <input_file id="fl-8f">
         <path>C:\ti\ccs2011\ccs\tools\compiler\ti-cgt-armllvm_4.0.2.LTS\lib\armv7r-ti-none-eabihf\c\</path>
         <kind>archive</kind>
         <file>libsysbm.a</file>
         <name>hostread.c.obj</name>
      </input_file>
      <input_file id="fl-90">
         <path>C:\ti\ccs2011\ccs\tools\compiler\ti-cgt-armllvm_4.0.2.LTS\lib\armv7r-ti-none-eabihf\c\</path>
         <kind>archive</kind>
         <file>libsysbm.a</file>
         <name>hostrename.c.obj</name>
      </input_file>
      <input_file id="fl-91">
         <path>C:\ti\ccs2011\ccs\tools\compiler\ti-cgt-armllvm_4.0.2.LTS\lib\armv7r-ti-none-eabihf\c\</path>
         <kind>archive</kind>
         <file>libsysbm.a</file>
         <name>hostunlink.c.obj</name>
      </input_file>
      <input_file id="fl-92">
         <path>C:\ti\ccs2011\ccs\tools\compiler\ti-cgt-armllvm_4.0.2.LTS\lib\armv7r-ti-none-eabihf\c\</path>
         <kind>archive</kind>
         <file>libsysbm.a</file>
         <name>hostwrite.c.obj</name>
      </input_file>
      <input_file id="fl-93">
         <path>C:\ti\ccs2011\ccs\tools\compiler\ti-cgt-armllvm_4.0.2.LTS\lib\armv7r-ti-none-eabihf\c\</path>
         <kind>archive</kind>
         <file>libsysbm.a</file>
         <name>trgmsg.c.obj</name>
      </input_file>
      <input_file id="fl-11d">
         <path>C:\ti\ccs2011\ccs\tools\compiler\ti-cgt-armllvm_4.0.2.LTS\lib\armv7r-ti-none-eabihf\c\</path>
         <kind>archive</kind>
         <file>libc.a</file>
         <name>getdevice.c.obj</name>
      </input_file>
      <input_file id="fl-11e">
         <path>C:\ti\ccs2011\ccs\tools\compiler\ti-cgt-armllvm_4.0.2.LTS\lib\armv7r-ti-none-eabihf\c\</path>
         <kind>archive</kind>
         <file>libc.a</file>
         <name>strcmp32.S.obj</name>
      </input_file>
      <input_file id="fl-11f">
         <path>C:\ti\ccs2011\ccs\tools\compiler\ti-cgt-armllvm_4.0.2.LTS\lib\armv7r-ti-none-eabihf\</path>
         <kind>archive</kind>
         <file>libclang_rt.builtins.a</file>
         <name>divsi3.S.obj</name>
      </input_file>
      <input_file id="fl-120">
         <path>C:\ti\ccs2011\ccs\tools\compiler\ti-cgt-armllvm_4.0.2.LTS\lib\armv7r-ti-none-eabihf\</path>
         <kind>archive</kind>
         <file>libclang_rt.builtins.a</file>
         <name>udivsi3.S.obj</name>
      </input_file>
      <input_file id="fl-121">
         <path>C:\ti\ccs2011\ccs\tools\compiler\ti-cgt-armllvm_4.0.2.LTS\lib\armv7r-ti-none-eabihf\</path>
         <kind>archive</kind>
         <file>libclang_rt.builtins.a</file>
         <name>aeabi_div0.c.obj</name>
      </input_file>
      <input_file id="fl-122">
         <path>C:\ti\ccs2011\ccs\tools\compiler\ti-cgt-armllvm_4.0.2.LTS\lib\armv7r-ti-none-eabihf\</path>
         <kind>archive</kind>
         <file>libclang_rt.builtins.a</file>
         <name>aeabi_memcpy.S.obj</name>
      </input_file>
      <input_file id="fl-123">
         <path>C:\ti\ccs2011\ccs\tools\compiler\ti-cgt-armllvm_4.0.2.LTS\lib\armv7r-ti-none-eabihf\</path>
         <kind>archive</kind>
         <file>libclang_rt.builtins.a</file>
         <name>aeabi_memset.S.obj</name>
      </input_file>
      <input_file id="fl-124">
         <path>C:\ti\ccs2011\ccs\tools\compiler\ti-cgt-armllvm_4.0.2.LTS\lib\armv7r-ti-none-eabihf\</path>
         <kind>archive</kind>
         <file>libclang_rt.builtins.a</file>
         <name>aeabi_uldivmod.S.obj</name>
      </input_file>
      <input_file id="fl-125">
         <path>C:\ti\ccs2011\ccs\tools\compiler\ti-cgt-armllvm_4.0.2.LTS\lib\armv7r-ti-none-eabihf\</path>
         <kind>archive</kind>
         <file>libclang_rt.builtins.a</file>
         <name>udivmoddi4.S.obj</name>
      </input_file>
      <input_file id="fl-126">
         <path>C:\ti\ccs2011\ccs\tools\compiler\ti-cgt-armllvm_4.0.2.LTS\lib\armv7r-ti-none-eabihf\c\</path>
         <kind>archive</kind>
         <file>libc.a</file>
         <name>memcpy32.S.obj</name>
      </input_file>
      <input_file id="fl-127">
         <path>C:\ti\ccs2011\ccs\tools\compiler\ti-cgt-armllvm_4.0.2.LTS\lib\armv7r-ti-none-eabihf\c\</path>
         <kind>archive</kind>
         <file>libc.a</file>
         <name>memset32.S.obj</name>
      </input_file>
      <input_file id="fl-128">
         <path>C:\ti\mcu_plus_sdk_am263px_10_01_00_34\source\kernel\nortos\lib\</path>
         <kind>archive</kind>
         <file>nortos.am263px.r5f.ti-arm-clang.release.lib</file>
         <name>CpuId_armv7r.obj</name>
      </input_file>
      <input_file id="fl-129">
         <path>C:\ti\mcu_plus_sdk_am263px_10_01_00_34\source\kernel\nortos\lib\</path>
         <kind>archive</kind>
         <file>nortos.am263px.r5f.ti-arm-clang.release.lib</file>
         <name>TaskP_nortos.obj</name>
      </input_file>
      <input_file id="fl-12a">
         <path>C:\ti\mcu_plus_sdk_am263px_10_01_00_34\source\kernel\nortos\lib\</path>
         <kind>archive</kind>
         <file>nortos.am263px.r5f.ti-arm-clang.release.lib</file>
         <name>CpuId_armv7r_asm.obj</name>
      </input_file>
   </input_file_list>
   <object_component_list>
      <object_component id="oc-2a">
         <name>.vectors</name>
         <load_address>0x0</load_address>
         <readonly>true</readonly>
         <executable>true</executable>
         <run_address>0x0</run_address>
         <size>0x40</size>
         <alignment>0x4</alignment>
         <input_file_ref idref="fl-2b"/>
         <refd_ro_sections>
            <object_component_ref idref="oc-4b"/>
            <object_component_ref idref="oc-53"/>
            <object_component_ref idref="oc-4f"/>
         </refd_ro_sections>
         <value>bffef2be7e91ca2dc0d1710b37945bf4</value>
      </object_component>
      <object_component id="oc-71">
         <name>.text.hwi</name>
         <load_address>0x70057910</load_address>
         <readonly>true</readonly>
         <executable>true</executable>
         <run_address>0x70057910</run_address>
         <size>0x3f8</size>
         <alignment>0x2</alignment>
         <input_file_ref idref="fl-24"/>
         <refd_ro_sections>
            <object_component_ref idref="oc-bb"/>
            <object_component_ref idref="oc-76"/>
            <object_component_ref idref="oc-53"/>
            <object_component_ref idref="oc-4f"/>
         </refd_ro_sections>
         <refd_rw_sections>
            <object_component_ref idref="oc-c1"/>
            <object_component_ref idref="oc-6f"/>
            <object_component_ref idref="oc-6e"/>
         </refd_rw_sections>
         <value>8da766789fa032be9fe348560eceef1c</value>
      </object_component>
      <object_component id="oc-53">
         <name>.text.hwi</name>
         <load_address>0x70057d08</load_address>
         <readonly>true</readonly>
         <executable>true</executable>
         <run_address>0x70057d08</run_address>
         <size>0x38a</size>
         <alignment>0x2</alignment>
         <input_file_ref idref="fl-25"/>
         <refd_ro_sections>
            <object_component_ref idref="oc-76"/>
            <object_component_ref idref="oc-4f"/>
            <object_component_ref idref="oc-71"/>
         </refd_ro_sections>
         <refd_rw_sections>
            <object_component_ref idref="oc-6f"/>
            <object_component_ref idref="oc-6e"/>
         </refd_rw_sections>
         <value>4a20d46083e6606996f736090a97f1fb</value>
      </object_component>
      <object_component id="oc-4f">
         <name>.text.hwi</name>
         <load_address>0x70058094</load_address>
         <readonly>true</readonly>
         <executable>true</executable>
         <run_address>0x70058094</run_address>
         <size>0x178</size>
         <alignment>0x4</alignment>
         <input_file_ref idref="fl-2a"/>
         <refd_ro_sections>
            <object_component_ref idref="oc-53"/>
         </refd_ro_sections>
         <value>ad351fd738b9f24593d6b05084940481</value>
      </object_component>
      <object_component id="oc-76">
         <name>.text.hwi</name>
         <load_address>0x7005820c</load_address>
         <readonly>true</readonly>
         <executable>true</executable>
         <run_address>0x7005820c</run_address>
         <size>0x70</size>
         <alignment>0x4</alignment>
         <input_file_ref idref="fl-2d"/>
         <value>787d7b637e8a91b15a7ff1700f5395cd</value>
      </object_component>
      <object_component id="oc-472">
         <name>.tramp.HwiP_enableFIQ.1</name>
         <load_address>0x7005827c</load_address>
         <readonly>true</readonly>
         <executable>true</executable>
         <run_address>0x7005827c</run_address>
         <size>0x8</size>
         <alignment>0x4</alignment>
         <input_file_ref idref="fl-2d"/>
      </object_component>
      <object_component id="oc-c7">
         <name>.text.cache</name>
         <load_address>0x70058288</load_address>
         <readonly>true</readonly>
         <executable>true</executable>
         <run_address>0x70058288</run_address>
         <size>0x340</size>
         <alignment>0x4</alignment>
         <input_file_ref idref="fl-2f"/>
         <refd_ro_sections>
            <object_component_ref idref="oc-157"/>
            <object_component_ref idref="oc-158"/>
         </refd_ro_sections>
         <value>28201a9cf2d673acf236201cbf3c08e7</value>
      </object_component>
      <object_component id="oc-82">
         <name>.text.cache</name>
         <load_address>0x700585c8</load_address>
         <readonly>true</readonly>
         <executable>true</executable>
         <run_address>0x700585c8</run_address>
         <size>0xd8</size>
         <alignment>0x2</alignment>
         <input_file_ref idref="fl-27"/>
         <refd_ro_sections>
            <object_component_ref idref="oc-cb"/>
            <object_component_ref idref="oc-bb"/>
            <object_component_ref idref="oc-c7"/>
            <object_component_ref idref="oc-76"/>
         </refd_ro_sections>
         <value>46ca8e7e3e4609bb9292a5c682c59859</value>
      </object_component>
      <object_component id="oc-475">
         <name>.tramp.CacheP_invL1d.1</name>
         <load_address>0x700586a0</load_address>
         <readonly>true</readonly>
         <executable>true</executable>
         <run_address>0x700586a0</run_address>
         <size>0x8</size>
         <alignment>0x4</alignment>
         <input_file_ref idref="fl-2f"/>
      </object_component>
      <object_component id="oc-474">
         <name>.tramp.CacheP_enableL1p.1</name>
         <load_address>0x700586a8</load_address>
         <readonly>true</readonly>
         <executable>true</executable>
         <run_address>0x700586a8</run_address>
         <size>0x8</size>
         <alignment>0x4</alignment>
         <input_file_ref idref="fl-2f"/>
      </object_component>
      <object_component id="oc-473">
         <name>.tramp.HwiP_restore.2</name>
         <load_address>0x700586b0</load_address>
         <readonly>true</readonly>
         <executable>true</executable>
         <run_address>0x700586b0</run_address>
         <size>0x8</size>
         <alignment>0x4</alignment>
         <input_file_ref idref="fl-2d"/>
      </object_component>
      <object_component id="oc-7e">
         <name>.text.mpu</name>
         <load_address>0x700586b8</load_address>
         <readonly>true</readonly>
         <executable>true</executable>
         <run_address>0x700586b8</run_address>
         <size>0x190</size>
         <alignment>0x2</alignment>
         <input_file_ref idref="fl-26"/>
         <refd_ro_sections>
            <object_component_ref idref="oc-cb"/>
            <object_component_ref idref="oc-bb"/>
            <object_component_ref idref="oc-82"/>
            <object_component_ref idref="oc-c7"/>
            <object_component_ref idref="oc-76"/>
            <object_component_ref idref="oc-c3"/>
         </refd_ro_sections>
         <value>8ecc6258a1f7b53b58bf830d47013f8b</value>
      </object_component>
      <object_component id="oc-c3">
         <name>.text.mpu</name>
         <load_address>0x70058848</load_address>
         <readonly>true</readonly>
         <executable>true</executable>
         <run_address>0x70058848</run_address>
         <size>0x78</size>
         <alignment>0x4</alignment>
         <input_file_ref idref="fl-2e"/>
         <value>81f7fff56ae0fd196005f1def4853920</value>
      </object_component>
      <object_component id="oc-477">
         <name>.tramp.HwiP_restore.3</name>
         <load_address>0x700588c0</load_address>
         <readonly>true</readonly>
         <executable>true</executable>
         <run_address>0x700588c0</run_address>
         <size>0x8</size>
         <alignment>0x4</alignment>
         <input_file_ref idref="fl-2d"/>
      </object_component>
      <object_component id="oc-476">
         <name>.tramp.MpuP_isEnableAsm.1</name>
         <load_address>0x700588c8</load_address>
         <readonly>true</readonly>
         <executable>true</executable>
         <run_address>0x700588c8</run_address>
         <size>0x8</size>
         <alignment>0x4</alignment>
         <input_file_ref idref="fl-2e"/>
      </object_component>
      <object_component id="oc-4b">
         <name>.text.boot</name>
         <load_address>0x700588d0</load_address>
         <readonly>true</readonly>
         <executable>true</executable>
         <run_address>0x700588d0</run_address>
         <size>0x144</size>
         <alignment>0x4</alignment>
         <input_file_ref idref="fl-2c"/>
         <refd_ro_sections>
            <object_component_ref idref="oc-62"/>
            <object_component_ref idref="oc-5d"/>
            <object_component_ref idref="oc-b7"/>
            <object_component_ref idref="oc-67"/>
            <object_component_ref idref="oc-91"/>
         </refd_ro_sections>
         <refd_linker_syms>
            <symbol_ref idref="sm-f"/>
            <symbol_ref idref="sm-b"/>
            <symbol_ref idref="sm-9"/>
            <symbol_ref idref="sm-15"/>
            <symbol_ref idref="sm-d"/>
            <symbol_ref idref="sm-11"/>
         </refd_linker_syms>
         <value>3dda733e3a517cbab0fef541a85342e0</value>
      </object_component>
      <object_component id="oc-bb">
         <name>.text.boot</name>
         <load_address>0x70058a14</load_address>
         <readonly>true</readonly>
         <executable>true</executable>
         <run_address>0x70058a14</run_address>
         <size>0x1e</size>
         <alignment>0x2</alignment>
         <input_file_ref idref="fl-1f"/>
         <refd_ro_sections>
            <object_component_ref idref="oc-76"/>
         </refd_ro_sections>
         <value>71355147a8a5b75875ba8d68c20c33a8</value>
      </object_component>
      <object_component id="oc-62">
         <name>.text.boot</name>
         <load_address>0x70058a32</load_address>
         <readonly>true</readonly>
         <executable>true</executable>
         <run_address>0x70058a32</run_address>
         <size>0x1c</size>
         <alignment>0x2</alignment>
         <input_file_ref idref="fl-31"/>
         <refd_ro_sections>
            <object_component_ref idref="oc-89"/>
         </refd_ro_sections>
         <refd_linker_syms>
            <symbol_ref idref="sm-7"/>
            <symbol_ref idref="sm-6"/>
         </refd_linker_syms>
         <value>a7fddd2eab8a55466f5850478c0696ca</value>
      </object_component>
      <object_component id="oc-5d">
         <name>.text.boot</name>
         <load_address>0x70058a4e</load_address>
         <readonly>true</readonly>
         <executable>true</executable>
         <run_address>0x70058a4e</run_address>
         <size>0xe</size>
         <alignment>0x2</alignment>
         <input_file_ref idref="fl-1"/>
         <of_notshared>true</of_notshared>
         <refd_ro_sections>
            <object_component_ref idref="oc-82"/>
            <object_component_ref idref="oc-7e"/>
         </refd_ro_sections>
         <value>367db0d8226d91001836645e2bef4260</value>
      </object_component>
      <object_component id="oc-b2">
         <name>.text:abort</name>
         <load_address>0x70058a60</load_address>
         <readonly>true</readonly>
         <executable>true</executable>
         <run_address>0x70058a60</run_address>
         <size>0x8</size>
         <alignment>0x4</alignment>
         <input_file_ref idref="fl-58"/>
         <refd_ro_sections>
            <object_component_ref idref="oc-14a"/>
         </refd_ro_sections>
         <value>e27b954847891444abf2be07f27b8b79</value>
      </object_component>
      <object_component id="oc-a8">
         <name>.text.high_side_switches_test</name>
         <load_address>0x7004d1c0</load_address>
         <readonly>true</readonly>
         <executable>true</executable>
         <run_address>0x7004d1c0</run_address>
         <size>0x7f4</size>
         <alignment>0x4</alignment>
         <input_file_ref idref="fl-c"/>
         <refd_ro_sections>
            <object_component_ref idref="oc-13a"/>
            <object_component_ref idref="oc-121"/>
            <object_component_ref idref="oc-140"/>
            <object_component_ref idref="oc-122"/>
            <object_component_ref idref="oc-132"/>
            <object_component_ref idref="oc-130"/>
            <object_component_ref idref="oc-13c"/>
            <object_component_ref idref="oc-13f"/>
            <object_component_ref idref="oc-124"/>
            <object_component_ref idref="oc-123"/>
            <object_component_ref idref="oc-13d"/>
            <object_component_ref idref="oc-119"/>
            <object_component_ref idref="oc-12e"/>
            <object_component_ref idref="oc-137"/>
            <object_component_ref idref="oc-138"/>
            <object_component_ref idref="oc-120"/>
            <object_component_ref idref="oc-13e"/>
            <object_component_ref idref="oc-133"/>
            <object_component_ref idref="oc-135"/>
            <object_component_ref idref="oc-131"/>
            <object_component_ref idref="oc-13b"/>
            <object_component_ref idref="oc-139"/>
            <object_component_ref idref="oc-136"/>
            <object_component_ref idref="oc-12d"/>
            <object_component_ref idref="oc-134"/>
            <object_component_ref idref="oc-125"/>
            <object_component_ref idref="oc-12f"/>
            <object_component_ref idref="oc-141"/>
            <object_component_ref idref="oc-10c"/>
            <object_component_ref idref="oc-126"/>
            <object_component_ref idref="oc-142"/>
            <object_component_ref idref="oc-107"/>
            <object_component_ref idref="oc-113"/>
            <object_component_ref idref="oc-11a"/>
            <object_component_ref idref="oc-12c"/>
         </refd_ro_sections>
         <refd_rw_sections>
            <object_component_ref idref="oc-111"/>
            <object_component_ref idref="oc-112"/>
         </refd_rw_sections>
         <value>6dee5bc2f9df3832904b51c386c7f895</value>
      </object_component>
      <object_component id="oc-1c3">
         <name>.text.Drivers_adcOpen</name>
         <load_address>0x7004d9b4</load_address>
         <readonly>true</readonly>
         <executable>true</executable>
         <run_address>0x7004d9b4</run_address>
         <size>0x726</size>
         <alignment>0x2</alignment>
         <input_file_ref idref="fl-3"/>
         <refd_ro_sections>
            <object_component_ref idref="oc-232"/>
            <object_component_ref idref="oc-241"/>
            <object_component_ref idref="oc-23d"/>
            <object_component_ref idref="oc-236"/>
            <object_component_ref idref="oc-237"/>
            <object_component_ref idref="oc-233"/>
            <object_component_ref idref="oc-240"/>
            <object_component_ref idref="oc-23c"/>
            <object_component_ref idref="oc-23f"/>
            <object_component_ref idref="oc-231"/>
            <object_component_ref idref="oc-239"/>
            <object_component_ref idref="oc-234"/>
            <object_component_ref idref="oc-23e"/>
            <object_component_ref idref="oc-235"/>
            <object_component_ref idref="oc-23b"/>
            <object_component_ref idref="oc-23a"/>
            <object_component_ref idref="oc-22b"/>
            <object_component_ref idref="oc-238"/>
            <object_component_ref idref="oc-126"/>
            <object_component_ref idref="oc-193"/>
         </refd_ro_sections>
         <value>a403747c4e5dd2ab1cf9359a68b72957</value>
      </object_component>
      <object_component id="oc-ae">
         <name>.text.Board_deinit</name>
         <load_address>0x7004e0da</load_address>
         <readonly>true</readonly>
         <executable>true</executable>
         <run_address>0x7004e0da</run_address>
         <size>0x2</size>
         <alignment>0x2</alignment>
         <input_file_ref idref="fl-6"/>
         <value>d1a51d9bea3c0661dce49dfbc1477361</value>
      </object_component>
      <object_component id="oc-24b">
         <name>.text._vsnprintf</name>
         <load_address>0x7004e0dc</load_address>
         <readonly>true</readonly>
         <executable>true</executable>
         <run_address>0x7004e0dc</run_address>
         <size>0x580</size>
         <alignment>0x4</alignment>
         <input_file_ref idref="fl-28"/>
         <refd_ro_sections>
            <object_component_ref idref="oc-2b1"/>
            <object_component_ref idref="oc-2b0"/>
            <object_component_ref idref="oc-2b3"/>
            <object_component_ref idref="oc-2b2"/>
            <object_component_ref idref="oc-2af"/>
         </refd_ro_sections>
         <value>11d285028d24beaa865a0843bd4c0694</value>
      </object_component>
      <object_component id="oc-289">
         <name>.text.SOC_rcmEnablePeripheralClock</name>
         <load_address>0x7004e65c</load_address>
         <readonly>true</readonly>
         <executable>true</executable>
         <run_address>0x7004e65c</run_address>
         <size>0x4cc</size>
         <alignment>0x4</alignment>
         <input_file_ref idref="fl-39"/>
         <value>e17ea71fe5fe5bad6ca3b5fa83ad9958</value>
      </object_component>
      <object_component id="oc-2b0">
         <name>.text._ftoa</name>
         <load_address>0x7004eb28</load_address>
         <readonly>true</readonly>
         <executable>true</executable>
         <run_address>0x7004eb28</run_address>
         <size>0x400</size>
         <alignment>0x8</alignment>
         <input_file_ref idref="fl-28"/>
         <refd_ro_sections>
            <object_component_ref idref="oc-310"/>
            <object_component_ref idref="oc-30c"/>
            <object_component_ref idref="oc-30b"/>
            <object_component_ref idref="oc-30d"/>
            <object_component_ref idref="oc-311"/>
            <object_component_ref idref="oc-30f"/>
            <object_component_ref idref="oc-2b1"/>
            <object_component_ref idref="oc-30e"/>
         </refd_ro_sections>
         <value>6fd4e41bffb081ef1d9a34ec4ba38e87</value>
      </object_component>
      <object_component id="oc-1db">
         <name>.text.GPIO_pinRead</name>
         <load_address>0x7004ef28</load_address>
         <readonly>true</readonly>
         <executable>true</executable>
         <run_address>0x7004ef28</run_address>
         <size>0x18</size>
         <alignment>0x2</alignment>
         <input_file_ref idref="fl-35"/>
         <value>4f2fd48cb54c20201f63034037927055</value>
      </object_component>
      <object_component id="oc-432">
         <name>.text:strcmp</name>
         <load_address>0x7004ef40</load_address>
         <readonly>true</readonly>
         <executable>true</executable>
         <run_address>0x7004ef40</run_address>
         <size>0x390</size>
         <alignment>0x20</alignment>
         <input_file_ref idref="fl-11e"/>
         <refd_ro_sections>
            <object_component_ref idref="oc-437"/>
         </refd_ro_sections>
         <value>fd3c5b17c2b678f93f63ffd0e9262618</value>
      </object_component>
      <object_component id="oc-2b1">
         <name>.text._etoa</name>
         <load_address>0x7004f2d0</load_address>
         <readonly>true</readonly>
         <executable>true</executable>
         <run_address>0x7004f2d0</run_address>
         <size>0x310</size>
         <alignment>0x8</alignment>
         <input_file_ref idref="fl-28"/>
         <refd_ro_sections>
            <object_component_ref idref="oc-2b0"/>
            <object_component_ref idref="oc-2b3"/>
         </refd_ro_sections>
         <value>dce784b4ca6f12003d92507cb01ec67b</value>
      </object_component>
      <object_component id="oc-247">
         <name>.text.UART_open</name>
         <load_address>0x7004f5e0</load_address>
         <readonly>true</readonly>
         <executable>true</executable>
         <run_address>0x7004f5e0</run_address>
         <size>0x2a8</size>
         <alignment>0x4</alignment>
         <input_file_ref idref="fl-3a"/>
         <refd_ro_sections>
            <object_component_ref idref="oc-26d"/>
            <object_component_ref idref="oc-2ac"/>
            <object_component_ref idref="oc-1b5"/>
            <object_component_ref idref="oc-2a5"/>
            <object_component_ref idref="oc-1b4"/>
            <object_component_ref idref="oc-298"/>
            <object_component_ref idref="oc-2a6"/>
            <object_component_ref idref="oc-24f"/>
            <object_component_ref idref="oc-1a3"/>
            <object_component_ref idref="oc-250"/>
            <object_component_ref idref="oc-25b"/>
            <object_component_ref idref="oc-2a2"/>
            <object_component_ref idref="oc-1de"/>
            <object_component_ref idref="oc-2ad"/>
            <object_component_ref idref="oc-2a9"/>
            <object_component_ref idref="oc-2a4"/>
            <object_component_ref idref="oc-2a3"/>
            <object_component_ref idref="oc-2a7"/>
            <object_component_ref idref="oc-2a8"/>
            <object_component_ref idref="oc-193"/>
            <object_component_ref idref="oc-160"/>
            <object_component_ref idref="oc-71"/>
         </refd_ro_sections>
         <refd_rw_sections>
            <object_component_ref idref="oc-1b3"/>
            <object_component_ref idref="oc-1b1"/>
            <object_component_ref idref="oc-2ab"/>
            <object_component_ref idref="oc-2aa"/>
            <object_component_ref idref="oc-1b2"/>
         </refd_rw_sections>
         <value>e4373512b47eea33bf38e5b352a8a00e</value>
      </object_component>
      <object_component id="oc-243">
         <name>.text.MCSPI_open</name>
         <load_address>0x7004f888</load_address>
         <readonly>true</readonly>
         <executable>true</executable>
         <run_address>0x7004f888</run_address>
         <size>0x298</size>
         <alignment>0x4</alignment>
         <input_file_ref idref="fl-36"/>
         <refd_ro_sections>
            <object_component_ref idref="oc-25e"/>
            <object_component_ref idref="oc-1ac"/>
            <object_component_ref idref="oc-296"/>
            <object_component_ref idref="oc-29e"/>
            <object_component_ref idref="oc-1ad"/>
            <object_component_ref idref="oc-29f"/>
            <object_component_ref idref="oc-25d"/>
            <object_component_ref idref="oc-19d"/>
            <object_component_ref idref="oc-298"/>
            <object_component_ref idref="oc-1dc"/>
            <object_component_ref idref="oc-29a"/>
            <object_component_ref idref="oc-2a0"/>
            <object_component_ref idref="oc-295"/>
            <object_component_ref idref="oc-294"/>
            <object_component_ref idref="oc-2a1"/>
            <object_component_ref idref="oc-299"/>
            <object_component_ref idref="oc-24f"/>
            <object_component_ref idref="oc-250"/>
            <object_component_ref idref="oc-25b"/>
            <object_component_ref idref="oc-193"/>
            <object_component_ref idref="oc-11a"/>
            <object_component_ref idref="oc-89"/>
            <object_component_ref idref="oc-71"/>
         </refd_ro_sections>
         <refd_rw_sections>
            <object_component_ref idref="oc-29b"/>
            <object_component_ref idref="oc-1ab"/>
            <object_component_ref idref="oc-1a9"/>
            <object_component_ref idref="oc-29c"/>
            <object_component_ref idref="oc-297"/>
            <object_component_ref idref="oc-1aa"/>
            <object_component_ref idref="oc-29d"/>
         </refd_rw_sections>
         <value>c7d7434e0cda6eb46acbe00ec0ea9472</value>
      </object_component>
      <object_component id="oc-ef">
         <name>.text.EDMA_init</name>
         <load_address>0x7004fb20</load_address>
         <readonly>true</readonly>
         <executable>true</executable>
         <run_address>0x7004fb20</run_address>
         <size>0x27c</size>
         <alignment>0x4</alignment>
         <input_file_ref idref="fl-34"/>
         <refd_ro_sections>
            <object_component_ref idref="oc-19a"/>
            <object_component_ref idref="oc-199"/>
            <object_component_ref idref="oc-198"/>
            <object_component_ref idref="oc-194"/>
            <object_component_ref idref="oc-195"/>
            <object_component_ref idref="oc-193"/>
            <object_component_ref idref="oc-89"/>
         </refd_ro_sections>
         <refd_rw_sections>
            <object_component_ref idref="oc-197"/>
            <object_component_ref idref="oc-196"/>
         </refd_rw_sections>
         <value>7aebf498f9916e14c247f9170a5ee52c</value>
      </object_component>
      <object_component id="oc-28a">
         <name>.text.SOC_rcmSetPeripheralClock</name>
         <load_address>0x7004fd9c</load_address>
         <readonly>true</readonly>
         <executable>true</executable>
         <run_address>0x7004fd9c</run_address>
         <size>0x250</size>
         <alignment>0x4</alignment>
         <input_file_ref idref="fl-39"/>
         <refd_ro_sections>
            <object_component_ref idref="oc-2e7"/>
            <object_component_ref idref="oc-2e8"/>
            <object_component_ref idref="oc-2e5"/>
            <object_component_ref idref="oc-2e6"/>
            <object_component_ref idref="oc-2ea"/>
            <object_component_ref idref="oc-2e9"/>
            <object_component_ref idref="oc-2e4"/>
            <object_component_ref idref="oc-2e3"/>
         </refd_ro_sections>
         <value>4f0a9d2a32b2521ca55e2a6ccadb488a</value>
      </object_component>
      <object_component id="oc-2fc">
         <name>.text.UART_configInstance</name>
         <load_address>0x7004ffec</load_address>
         <readonly>true</readonly>
         <executable>true</executable>
         <run_address>0x7004ffec</run_address>
         <size>0x23c</size>
         <alignment>0x2</alignment>
         <input_file_ref idref="fl-3b"/>
         <refd_ro_sections>
            <object_component_ref idref="oc-342"/>
            <object_component_ref idref="oc-341"/>
            <object_component_ref idref="oc-343"/>
            <object_component_ref idref="oc-340"/>
            <object_component_ref idref="oc-344"/>
            <object_component_ref idref="oc-261"/>
         </refd_ro_sections>
         <value>5477a707a619bf4237e60aceae2e714d</value>
      </object_component>
      <object_component id="oc-31d">
         <name>.text.MCSPI_transferControllerPoll</name>
         <load_address>0x70050228</load_address>
         <readonly>true</readonly>
         <executable>true</executable>
         <run_address>0x70050228</run_address>
         <size>0x20c</size>
         <alignment>0x4</alignment>
         <input_file_ref idref="fl-3d"/>
         <refd_ro_sections>
            <object_component_ref idref="oc-2f6"/>
            <object_component_ref idref="oc-2f2"/>
            <object_component_ref idref="oc-2f4"/>
            <object_component_ref idref="oc-2bd"/>
         </refd_ro_sections>
         <value>128c6f2cda0b59fd7300835e4b6825b1</value>
      </object_component>
      <object_component id="oc-320">
         <name>.text.EDMA_freeChannelRegion</name>
         <load_address>0x70050434</load_address>
         <readonly>true</readonly>
         <executable>true</executable>
         <run_address>0x70050434</run_address>
         <size>0x204</size>
         <alignment>0x4</alignment>
         <input_file_ref idref="fl-34"/>
         <refd_ro_sections>
            <object_component_ref idref="oc-2eb"/>
            <object_component_ref idref="oc-35b"/>
            <object_component_ref idref="oc-35c"/>
            <object_component_ref idref="oc-199"/>
            <object_component_ref idref="oc-26f"/>
            <object_component_ref idref="oc-35d"/>
            <object_component_ref idref="oc-35a"/>
            <object_component_ref idref="oc-198"/>
            <object_component_ref idref="oc-359"/>
            <object_component_ref idref="oc-357"/>
            <object_component_ref idref="oc-356"/>
            <object_component_ref idref="oc-358"/>
            <object_component_ref idref="oc-193"/>
         </refd_ro_sections>
         <refd_rw_sections>
            <object_component_ref idref="oc-197"/>
            <object_component_ref idref="oc-196"/>
         </refd_rw_sections>
         <value>1698eb8cafaed534bf73e3d13766dbda</value>
      </object_component>
      <object_component id="oc-2a0">
         <name>.text.MCSPI_lld_controllerIsr</name>
         <load_address>0x70050638</load_address>
         <readonly>true</readonly>
         <executable>true</executable>
         <run_address>0x70050638</run_address>
         <size>0x1e8</size>
         <alignment>0x4</alignment>
         <input_file_ref idref="fl-3d"/>
         <refd_ro_sections>
            <object_component_ref idref="oc-2f7"/>
            <object_component_ref idref="oc-2f6"/>
            <object_component_ref idref="oc-2f2"/>
            <object_component_ref idref="oc-2f1"/>
            <object_component_ref idref="oc-2f4"/>
            <object_component_ref idref="oc-2f3"/>
            <object_component_ref idref="oc-2f5"/>
            <object_component_ref idref="oc-2bd"/>
         </refd_ro_sections>
         <value>9c815489713edbdd4820390a2a33ba74</value>
      </object_component>
      <object_component id="oc-31e">
         <name>.text.MCSPI_lld_dmaTransfer</name>
         <load_address>0x70050820</load_address>
         <readonly>true</readonly>
         <executable>true</executable>
         <run_address>0x70050820</run_address>
         <size>0x1cc</size>
         <alignment>0x2</alignment>
         <input_file_ref idref="fl-3e"/>
         <refd_ro_sections>
            <object_component_ref idref="oc-351"/>
            <object_component_ref idref="oc-353"/>
            <object_component_ref idref="oc-354"/>
            <object_component_ref idref="oc-195"/>
            <object_component_ref idref="oc-352"/>
         </refd_ro_sections>
         <value>cc59f48dac160277c6063be4258d4cb2</value>
      </object_component>
      <object_component id="oc-2f0">
         <name>.text.MCSPI_lld_dmaChInit</name>
         <load_address>0x700509ec</load_address>
         <readonly>true</readonly>
         <executable>true</executable>
         <run_address>0x700509ec</run_address>
         <size>0x1c0</size>
         <alignment>0x4</alignment>
         <input_file_ref idref="fl-3e"/>
         <refd_ro_sections>
            <object_component_ref idref="oc-337"/>
            <object_component_ref idref="oc-339"/>
            <object_component_ref idref="oc-338"/>
            <object_component_ref idref="oc-33a"/>
            <object_component_ref idref="oc-334"/>
            <object_component_ref idref="oc-335"/>
            <object_component_ref idref="oc-336"/>
            <object_component_ref idref="oc-33b"/>
            <object_component_ref idref="oc-33d"/>
            <object_component_ref idref="oc-33c"/>
         </refd_ro_sections>
         <value>8158ccddacdd803524f0b5eef3946697</value>
      </object_component>
      <object_component id="oc-2ef">
         <name>.text.MCSPI_lld_chConfig</name>
         <load_address>0x70050bac</load_address>
         <readonly>true</readonly>
         <executable>true</executable>
         <run_address>0x70050bac</run_address>
         <size>0x1a8</size>
         <alignment>0x4</alignment>
         <input_file_ref idref="fl-3d"/>
         <refd_ro_sections>
            <object_component_ref idref="oc-333"/>
            <object_component_ref idref="oc-332"/>
            <object_component_ref idref="oc-11a"/>
         </refd_ro_sections>
         <value>ad0b880292eb0266ba278861f321afb3</value>
      </object_component>
      <object_component id="oc-3ac">
         <name>.text.free</name>
         <load_address>0x70050d54</load_address>
         <readonly>true</readonly>
         <executable>true</executable>
         <run_address>0x70050d54</run_address>
         <size>0x1a8</size>
         <alignment>0x4</alignment>
         <input_file_ref idref="fl-5b"/>
         <refd_ro_sections>
            <object_component_ref idref="oc-3c2"/>
            <object_component_ref idref="oc-3c1"/>
         </refd_ro_sections>
         <refd_rw_sections>
            <object_component_ref idref="oc-150"/>
            <object_component_ref idref="oc-153"/>
            <object_component_ref idref="oc-49"/>
         </refd_rw_sections>
         <refd_linker_syms>
            <symbol_ref idref="sm-16"/>
         </refd_linker_syms>
         <value>c2c6a0883acd2f1093dcc82e731bbced</value>
      </object_component>
      <object_component id="oc-3c3">
         <name>.text.aligned_alloc</name>
         <load_address>0x70050efc</load_address>
         <readonly>true</readonly>
         <executable>true</executable>
         <run_address>0x70050efc</run_address>
         <size>0x1a4</size>
         <alignment>0x4</alignment>
         <input_file_ref idref="fl-5b"/>
         <refd_ro_sections>
            <object_component_ref idref="oc-3c2"/>
            <object_component_ref idref="oc-3c1"/>
            <object_component_ref idref="oc-3ef"/>
         </refd_ro_sections>
         <refd_rw_sections>
            <object_component_ref idref="oc-3ee"/>
            <object_component_ref idref="oc-150"/>
            <object_component_ref idref="oc-153"/>
            <object_component_ref idref="oc-3f0"/>
            <object_component_ref idref="oc-49"/>
         </refd_rw_sections>
         <refd_linker_syms>
            <symbol_ref idref="sm-16"/>
         </refd_linker_syms>
         <value>897beb5ba77f18dd45527654a554f37b</value>
      </object_component>
      <object_component id="oc-2fd">
         <name>.text.UART_lld_dmaInit</name>
         <load_address>0x700510a0</load_address>
         <readonly>true</readonly>
         <executable>true</executable>
         <run_address>0x700510a0</run_address>
         <size>0x194</size>
         <alignment>0x4</alignment>
         <input_file_ref idref="fl-3c"/>
         <refd_ro_sections>
            <object_component_ref idref="oc-337"/>
            <object_component_ref idref="oc-339"/>
            <object_component_ref idref="oc-338"/>
            <object_component_ref idref="oc-33a"/>
            <object_component_ref idref="oc-334"/>
            <object_component_ref idref="oc-335"/>
            <object_component_ref idref="oc-336"/>
            <object_component_ref idref="oc-33b"/>
            <object_component_ref idref="oc-347"/>
            <object_component_ref idref="oc-345"/>
            <object_component_ref idref="oc-346"/>
         </refd_ro_sections>
         <value>e7b6d4e56f74e336685e9beaf54a1509</value>
      </object_component>
      <object_component id="oc-252">
         <name>.text.MCSPI_transfer</name>
         <load_address>0x70051234</load_address>
         <readonly>true</readonly>
         <executable>true</executable>
         <run_address>0x70051234</run_address>
         <size>0x190</size>
         <alignment>0x4</alignment>
         <input_file_ref idref="fl-36"/>
         <refd_ro_sections>
            <object_component_ref idref="oc-1ac"/>
            <object_component_ref idref="oc-2bf"/>
            <object_component_ref idref="oc-1ad"/>
            <object_component_ref idref="oc-2be"/>
            <object_component_ref idref="oc-25d"/>
            <object_component_ref idref="oc-2bb"/>
            <object_component_ref idref="oc-2bc"/>
            <object_component_ref idref="oc-2ba"/>
            <object_component_ref idref="oc-2bd"/>
            <object_component_ref idref="oc-250"/>
            <object_component_ref idref="oc-193"/>
            <object_component_ref idref="oc-160"/>
            <object_component_ref idref="oc-76"/>
         </refd_ro_sections>
         <value>9af429f4bfc5c0af11eac1c0d24149c9</value>
      </object_component>
      <object_component id="oc-145">
         <name>.text.EDMA_deinit</name>
         <load_address>0x700513c4</load_address>
         <readonly>true</readonly>
         <executable>true</executable>
         <run_address>0x700513c4</run_address>
         <size>0x160</size>
         <alignment>0x4</alignment>
         <input_file_ref idref="fl-34"/>
         <refd_ro_sections>
            <object_component_ref idref="oc-89"/>
         </refd_ro_sections>
         <refd_rw_sections>
            <object_component_ref idref="oc-197"/>
            <object_component_ref idref="oc-196"/>
         </refd_rw_sections>
         <value>6fc01ec0cb0b3ef7c9f17a3eb90b59ea</value>
      </object_component>
      <object_component id="oc-2ad">
         <name>.text.UART_lld_controllerIsr</name>
         <load_address>0x70051524</load_address>
         <readonly>true</readonly>
         <executable>true</executable>
         <run_address>0x70051524</run_address>
         <size>0x15c</size>
         <alignment>0x2</alignment>
         <input_file_ref idref="fl-3b"/>
         <refd_ro_sections>
            <object_component_ref idref="oc-303"/>
            <object_component_ref idref="oc-2ff"/>
            <object_component_ref idref="oc-261"/>
            <object_component_ref idref="oc-300"/>
            <object_component_ref idref="oc-302"/>
            <object_component_ref idref="oc-301"/>
            <object_component_ref idref="oc-89"/>
         </refd_ro_sections>
         <value>5b69bdc693d0c4531baa82ed945422b6</value>
      </object_component>
      <object_component id="oc-2d3">
         <name>.text.UART_lld_dmaDeInit</name>
         <load_address>0x70051680</load_address>
         <readonly>true</readonly>
         <executable>true</executable>
         <run_address>0x70051680</run_address>
         <size>0x14e</size>
         <alignment>0x2</alignment>
         <input_file_ref idref="fl-3c"/>
         <refd_ro_sections>
            <object_component_ref idref="oc-320"/>
            <object_component_ref idref="oc-321"/>
            <object_component_ref idref="oc-323"/>
            <object_component_ref idref="oc-322"/>
            <object_component_ref idref="oc-31f"/>
         </refd_ro_sections>
         <value>c368d92b3444e27c2e6a80a1c86984bb</value>
      </object_component>
      <object_component id="oc-2c1">
         <name>.text.MCSPI_lld_dmaDeInit</name>
         <load_address>0x700517ce</load_address>
         <readonly>true</readonly>
         <executable>true</executable>
         <run_address>0x700517ce</run_address>
         <size>0x14c</size>
         <alignment>0x2</alignment>
         <input_file_ref idref="fl-3e"/>
         <refd_ro_sections>
            <object_component_ref idref="oc-320"/>
            <object_component_ref idref="oc-321"/>
            <object_component_ref idref="oc-323"/>
            <object_component_ref idref="oc-322"/>
            <object_component_ref idref="oc-31f"/>
         </refd_ro_sections>
         <value>ea6117f654f711d5c0aca30905a098ff</value>
      </object_component>
      <object_component id="oc-141">
         <name>.text.Board_driversClose</name>
         <load_address>0x7005191a</load_address>
         <readonly>true</readonly>
         <executable>true</executable>
         <run_address>0x7005191a</run_address>
         <size>0x2</size>
         <alignment>0x2</alignment>
         <input_file_ref idref="fl-7"/>
         <value>d1a51d9bea3c0661dce49dfbc1477361</value>
      </object_component>
      <object_component id="oc-394">
         <name>.text.setvbuf</name>
         <load_address>0x7005191c</load_address>
         <readonly>true</readonly>
         <executable>true</executable>
         <run_address>0x7005191c</run_address>
         <size>0x144</size>
         <alignment>0x4</alignment>
         <input_file_ref idref="fl-57"/>
         <refd_ro_sections>
            <object_component_ref idref="oc-3af"/>
            <object_component_ref idref="oc-3ac"/>
            <object_component_ref idref="oc-3ae"/>
         </refd_ro_sections>
         <refd_rw_sections>
            <object_component_ref idref="oc-152"/>
            <object_component_ref idref="oc-150"/>
            <object_component_ref idref="oc-153"/>
         </refd_rw_sections>
         <value>64fe1afe11d1e7d97f8c4dcbf5d68045</value>
      </object_component>
      <object_component id="oc-1fe">
         <name>.text.TimerP_setup</name>
         <load_address>0x70051a60</load_address>
         <readonly>true</readonly>
         <executable>true</executable>
         <run_address>0x70051a60</run_address>
         <size>0x140</size>
         <alignment>0x2</alignment>
         <input_file_ref idref="fl-23"/>
         <refd_ro_sections>
            <object_component_ref idref="oc-279"/>
            <object_component_ref idref="oc-27d"/>
            <object_component_ref idref="oc-27c"/>
            <object_component_ref idref="oc-27a"/>
            <object_component_ref idref="oc-27e"/>
            <object_component_ref idref="oc-278"/>
            <object_component_ref idref="oc-27b"/>
            <object_component_ref idref="oc-193"/>
            <object_component_ref idref="oc-180"/>
         </refd_ro_sections>
         <value>b9463f888aeea141dbed7262c1bbeda1</value>
      </object_component>
      <object_component id="oc-352">
         <name>.text.SOC_virtToPhy</name>
         <load_address>0x70051ba0</load_address>
         <readonly>true</readonly>
         <executable>true</executable>
         <run_address>0x70051ba0</run_address>
         <size>0x13c</size>
         <alignment>0x4</alignment>
         <input_file_ref idref="fl-38"/>
         <refd_ro_sections>
            <object_component_ref idref="oc-385"/>
            <object_component_ref idref="oc-38b"/>
         </refd_ro_sections>
         <refd_rw_sections>
            <object_component_ref idref="oc-38d"/>
            <object_component_ref idref="oc-38c"/>
         </refd_rw_sections>
         <value>2a0be40b83204e6e3b2b7e59600a808f</value>
      </object_component>
      <object_component id="oc-1de">
         <name>.text.UART_close</name>
         <load_address>0x70051cdc</load_address>
         <readonly>true</readonly>
         <executable>true</executable>
         <run_address>0x70051cdc</run_address>
         <size>0x138</size>
         <alignment>0x4</alignment>
         <input_file_ref idref="fl-3a"/>
         <refd_ro_sections>
            <object_component_ref idref="oc-26d"/>
            <object_component_ref idref="oc-26c"/>
            <object_component_ref idref="oc-1b5"/>
            <object_component_ref idref="oc-26b"/>
            <object_component_ref idref="oc-1b4"/>
            <object_component_ref idref="oc-1e1"/>
            <object_component_ref idref="oc-250"/>
            <object_component_ref idref="oc-25b"/>
            <object_component_ref idref="oc-260"/>
            <object_component_ref idref="oc-267"/>
            <object_component_ref idref="oc-261"/>
            <object_component_ref idref="oc-26a"/>
            <object_component_ref idref="oc-269"/>
            <object_component_ref idref="oc-268"/>
            <object_component_ref idref="oc-193"/>
            <object_component_ref idref="oc-71"/>
         </refd_ro_sections>
         <refd_rw_sections>
            <object_component_ref idref="oc-1b2"/>
         </refd_rw_sections>
         <value>96addec2cd2d4c0351e90d44bd8c4184</value>
      </object_component>
      <object_component id="oc-2bb">
         <name>.text.MCSPI_lld_readWrite</name>
         <load_address>0x70051e14</load_address>
         <readonly>true</readonly>
         <executable>true</executable>
         <run_address>0x70051e14</run_address>
         <size>0x134</size>
         <alignment>0x2</alignment>
         <input_file_ref idref="fl-3d"/>
         <refd_ro_sections>
            <object_component_ref idref="oc-317"/>
            <object_component_ref idref="oc-31a"/>
            <object_component_ref idref="oc-318"/>
            <object_component_ref idref="oc-31d"/>
            <object_component_ref idref="oc-31c"/>
         </refd_ro_sections>
         <value>8c05aec6f9b6cc61539fe56bdb7dbae9</value>
      </object_component>
      <object_component id="oc-312">
         <name>.text._ntoa_format</name>
         <load_address>0x70051f48</load_address>
         <readonly>true</readonly>
         <executable>true</executable>
         <run_address>0x70051f48</run_address>
         <size>0x132</size>
         <alignment>0x2</alignment>
         <input_file_ref idref="fl-28"/>
         <refd_ro_sections>
            <object_component_ref idref="oc-30f"/>
            <object_component_ref idref="oc-30e"/>
         </refd_ro_sections>
         <value>a5a919170c2d613efdd401dc70285b4f</value>
      </object_component>
      <object_component id="oc-2ba">
         <name>.text.MCSPI_lld_readWriteIntr</name>
         <load_address>0x7005207a</load_address>
         <readonly>true</readonly>
         <executable>true</executable>
         <run_address>0x7005207a</run_address>
         <size>0x11c</size>
         <alignment>0x2</alignment>
         <input_file_ref idref="fl-3d"/>
         <refd_ro_sections>
            <object_component_ref idref="oc-317"/>
            <object_component_ref idref="oc-31a"/>
            <object_component_ref idref="oc-318"/>
            <object_component_ref idref="oc-31b"/>
            <object_component_ref idref="oc-319"/>
         </refd_ro_sections>
         <value>9223064752377d184882398ab2324eac</value>
      </object_component>
      <object_component id="oc-a3">
         <name>.text.Board_init</name>
         <load_address>0x70052196</load_address>
         <readonly>true</readonly>
         <executable>true</executable>
         <run_address>0x70052196</run_address>
         <size>0x2</size>
         <alignment>0x2</alignment>
         <input_file_ref idref="fl-6"/>
         <value>d1a51d9bea3c0661dce49dfbc1477361</value>
      </object_component>
      <object_component id="oc-362">
         <name>.text.Alloc_resource</name>
         <load_address>0x70052198</load_address>
         <readonly>true</readonly>
         <executable>true</executable>
         <run_address>0x70052198</run_address>
         <size>0x118</size>
         <alignment>0x4</alignment>
         <input_file_ref idref="fl-34"/>
         <refd_ro_sections>
            <object_component_ref idref="oc-76"/>
         </refd_ro_sections>
         <value>3e4aae3ac20f8a21030fa48fe455052d</value>
      </object_component>
      <object_component id="oc-209">
         <name>.text</name>
         <load_address>0x700522b0</load_address>
         <readonly>true</readonly>
         <executable>true</executable>
         <run_address>0x700522b0</run_address>
         <size>0x118</size>
         <alignment>0x4</alignment>
         <input_file_ref idref="fl-125"/>
         <refd_ro_sections>
            <object_component_ref idref="oc-282"/>
         </refd_ro_sections>
         <value>eaf1edc13536b37e5b03b807401e07f2</value>
      </object_component>
      <object_component id="oc-2e3">
         <name>.text.SOC_rcmGetPeripheralClockFrequency</name>
         <load_address>0x700523c8</load_address>
         <readonly>true</readonly>
         <executable>true</executable>
         <run_address>0x700523c8</run_address>
         <size>0x114</size>
         <alignment>0x4</alignment>
         <input_file_ref idref="fl-39"/>
         <refd_ro_sections>
            <object_component_ref idref="oc-32b"/>
            <object_component_ref idref="oc-2dc"/>
            <object_component_ref idref="oc-32d"/>
            <object_component_ref idref="oc-32e"/>
            <object_component_ref idref="oc-2dd"/>
            <object_component_ref idref="oc-2df"/>
            <object_component_ref idref="oc-32c"/>
            <object_component_ref idref="oc-2db"/>
            <object_component_ref idref="oc-281"/>
            <object_component_ref idref="oc-193"/>
         </refd_ro_sections>
         <value>8b54793e3124248086d2ff5a08a09441</value>
      </object_component>
      <object_component id="oc-382">
         <name>.text.UART_lld_write</name>
         <load_address>0x700524dc</load_address>
         <readonly>true</readonly>
         <executable>true</executable>
         <run_address>0x700524dc</run_address>
         <size>0x10e</size>
         <alignment>0x2</alignment>
         <input_file_ref idref="fl-3b"/>
         <refd_ro_sections>
            <object_component_ref idref="oc-301"/>
            <object_component_ref idref="oc-89"/>
         </refd_ro_sections>
         <value>d779b19611bf6523b2e17a2f9cfedd5a</value>
      </object_component>
      <object_component id="oc-2f8">
         <name>.text.MCSPI_continuePeripheralTxRx</name>
         <load_address>0x700525ea</load_address>
         <readonly>true</readonly>
         <executable>true</executable>
         <run_address>0x700525ea</run_address>
         <size>0x106</size>
         <alignment>0x2</alignment>
         <input_file_ref idref="fl-3d"/>
         <refd_ro_sections>
            <object_component_ref idref="oc-2f2"/>
            <object_component_ref idref="oc-2f1"/>
            <object_component_ref idref="oc-2f4"/>
            <object_component_ref idref="oc-2f3"/>
         </refd_ro_sections>
         <value>f5123269680208a8ca00708eeddb89c3</value>
      </object_component>
      <object_component id="oc-28b">
         <name>.text.EDMA_transferCompletionMasterIsrFxn</name>
         <load_address>0x700526f0</load_address>
         <readonly>true</readonly>
         <executable>true</executable>
         <run_address>0x700526f0</run_address>
         <size>0x104</size>
         <alignment>0x4</alignment>
         <input_file_ref idref="fl-34"/>
         <refd_ro_sections>
            <object_component_ref idref="oc-2eb"/>
            <object_component_ref idref="oc-2ec"/>
            <object_component_ref idref="oc-199"/>
            <object_component_ref idref="oc-26f"/>
            <object_component_ref idref="oc-198"/>
            <object_component_ref idref="oc-193"/>
         </refd_ro_sections>
         <value>c10fda514200d5d6dcb3a0638004a1ec</value>
      </object_component>
      <object_component id="oc-36c">
         <name>.text.UART_lld_dmaWrite</name>
         <load_address>0x700527f4</load_address>
         <readonly>true</readonly>
         <executable>true</executable>
         <run_address>0x700527f4</run_address>
         <size>0x104</size>
         <alignment>0x4</alignment>
         <input_file_ref idref="fl-3c"/>
         <refd_ro_sections>
            <object_component_ref idref="oc-351"/>
            <object_component_ref idref="oc-353"/>
            <object_component_ref idref="oc-354"/>
[...]
         <object_component_ref idref="oc-426"/>
         <local>true</local>
      </symbol>
      <symbol id="sm-77d">
         <name></name>
         <value>0x178f1</value>
         <object_component_ref idref="oc-42b"/>
         <local>true</local>
      </symbol>
      <symbol id="sm-77e">
         <name></name>
         <value>0x4fcb</value>
         <object_component_ref idref="oc-430"/>
         <local>true</local>
      </symbol>
      <symbol id="sm-77f">
         <name></name>
         <value>0x2bb8</value>
         <object_component_ref idref="oc-427"/>
         <local>true</local>
      </symbol>
      <symbol id="sm-780">
         <name></name>
         <value>0x1c895</value>
         <object_component_ref idref="oc-431"/>
         <local>true</local>
      </symbol>
      <symbol id="sm-781">
         <name></name>
         <value>0x37d4</value>
         <object_component_ref idref="oc-429"/>
         <local>true</local>
      </symbol>
      <symbol id="sm-782">
         <name></name>
         <value>0x12d9a</value>
         <object_component_ref idref="oc-428"/>
         <local>true</local>
      </symbol>
      <symbol id="sm-783">
         <name>finddevice</name>
         <value>0x700553d0</value>
         <object_component_ref idref="oc-42f"/>
         <function>true</function>
         <callees>
            <symbol_ref idref="sm-78f"/>
         </callees>
      </symbol>
      <symbol id="sm-784">
         <name>getdevice</name>
         <value>0x70053050</value>
         <object_component_ref idref="oc-426"/>
         <function>true</function>
         <callees>
            <symbol_ref idref="sm-7ae"/>
            <symbol_ref idref="sm-783"/>
         </callees>
      </symbol>
      <symbol id="sm-785">
         <name></name>
         <value>0x700568c0</value>
         <object_component_ref idref="oc-437"/>
         <local>true</local>
      </symbol>
      <symbol id="sm-786">
         <name>.Lfastpath_exit</name>
         <value>0x700568c0</value>
         <object_component_ref idref="oc-437"/>
         <local>true</local>
      </symbol>
      <symbol id="sm-787">
         <name>$a.0</name>
         <value>0x700568c0</value>
         <object_component_ref idref="oc-437"/>
         <local>true</local>
      </symbol>
      <symbol id="sm-788">
         <name></name>
         <value>0x7004ef40</value>
         <object_component_ref idref="oc-432"/>
         <local>true</local>
      </symbol>
      <symbol id="sm-789">
         <name></name>
         <value>0x7004ef40</value>
         <object_component_ref idref="oc-432"/>
         <local>true</local>
      </symbol>
      <symbol id="sm-78a">
         <name>$a.1</name>
         <value>0x7004ef40</value>
         <object_component_ref idref="oc-432"/>
         <local>true</local>
      </symbol>
      <symbol id="sm-78b">
         <name></name>
         <value>0x2f7b1</value>
         <object_component_ref idref="oc-435"/>
         <local>true</local>
      </symbol>
      <symbol id="sm-78c">
         <name></name>
         <value>0x5150</value>
         <object_component_ref idref="oc-438"/>
         <local>true</local>
      </symbol>
      <symbol id="sm-78d">
         <name></name>
         <value>0x2bd0</value>
         <object_component_ref idref="oc-433"/>
         <local>true</local>
      </symbol>
      <symbol id="sm-78e">
         <name></name>
         <value>0x12fa2</value>
         <object_component_ref idref="oc-434"/>
         <local>true</local>
      </symbol>
      <symbol id="sm-78f">
         <name>strcmp</name>
         <value>0x7004ef40</value>
         <object_component_ref idref="oc-432"/>
         <function>true</function>
      </symbol>
      <symbol id="sm-791">
         <name></name>
         <value>0x70056944</value>
         <object_component_ref idref="oc-282"/>
         <local>true</local>
      </symbol>
      <symbol id="sm-792">
         <name>$a.1</name>
         <value>0x70056944</value>
         <object_component_ref idref="oc-282"/>
         <local>true</local>
      </symbol>
      <symbol id="sm-793">
         <name></name>
         <value>0x17a31</value>
         <object_component_ref idref="oc-284"/>
         <local>true</local>
      </symbol>
      <symbol id="sm-794">
         <name></name>
         <value>0x516f</value>
         <object_component_ref idref="oc-2e1"/>
         <local>true</local>
      </symbol>
      <symbol id="sm-795">
         <name></name>
         <value>0x2bf8</value>
         <object_component_ref idref="oc-286"/>
         <local>true</local>
      </symbol>
      <symbol id="sm-796">
         <name></name>
         <value>0x1ca6c</value>
         <object_component_ref idref="oc-2e2"/>
         <local>true</local>
      </symbol>
      <symbol id="sm-797">
         <name></name>
         <value>0x3824</value>
         <object_component_ref idref="oc-283"/>
         <local>true</local>
      </symbol>
      <symbol id="sm-798">
         <name></name>
         <value>0x130d5</value>
         <object_component_ref idref="oc-285"/>
         <local>true</local>
      </symbol>
      <symbol id="sm-799">
         <name>__aeabi_ldiv0</name>
         <value>0x70056944</value>
         <object_component_ref idref="oc-282"/>
         <function>true</function>
      </symbol>
      <symbol id="sm-79a">
         <name></name>
         <value>0x70056948</value>
         <object_component_ref idref="oc-160"/>
         <local>true</local>
      </symbol>
      <symbol id="sm-79b">
         <name>$a.0</name>
         <value>0x70056948</value>
         <object_component_ref idref="oc-160"/>
         <local>true</local>
      </symbol>
      <symbol id="sm-79c">
         <name></name>
         <value>0x2f941</value>
         <object_component_ref idref="oc-162"/>
         <local>true</local>
      </symbol>
      <symbol id="sm-79d">
         <name></name>
         <value>0x51c8</value>
         <object_component_ref idref="oc-1ed"/>
         <local>true</local>
      </symbol>
      <symbol id="sm-79e">
         <name></name>
         <value>0x1318a</value>
         <object_component_ref idref="oc-163"/>
         <local>true</local>
      </symbol>
      <symbol id="sm-79f">
         <name>__aeabi_memcpy</name>
         <value>0x70056948</value>
         <object_component_ref idref="oc-160"/>
         <function>true</function>
         <callees>
            <symbol_ref idref="sm-7c3"/>
         </callees>
      </symbol>
      <symbol id="sm-7a0">
         <name>__aeabi_memcpy4</name>
         <value>0x70056948</value>
         <object_component_ref idref="oc-160"/>
         <function>true</function>
         <callees>
            <symbol_ref idref="sm-7c3"/>
         </callees>
      </symbol>
      <symbol id="sm-7a1">
         <name>__aeabi_memcpy8</name>
         <value>0x70056948</value>
         <object_component_ref idref="oc-160"/>
         <function>true</function>
         <callees>
            <symbol_ref idref="sm-7c3"/>
         </callees>
      </symbol>
      <symbol id="sm-7a2">
         <name></name>
         <value>0x70056828</value>
         <object_component_ref idref="oc-30f"/>
         <local>true</local>
      </symbol>
      <symbol id="sm-7a3">
         <name>$a.0</name>
         <value>0x70056828</value>
         <object_component_ref idref="oc-30f"/>
         <local>true</local>
      </symbol>
      <symbol id="sm-7a4">
         <name></name>
         <value>0x700568a4</value>
         <object_component_ref idref="oc-89"/>
         <local>true</local>
      </symbol>
      <symbol id="sm-7a5">
         <name>$a.1</name>
         <value>0x700568a4</value>
         <object_component_ref idref="oc-89"/>
         <local>true</local>
      </symbol>
      <symbol id="sm-7a6">
         <name></name>
         <value>0x2fadc</value>
         <object_component_ref idref="oc-8a"/>
         <local>true</local>
      </symbol>
      <symbol id="sm-7a7">
         <name></name>
         <value>0x51ef</value>
         <object_component_ref idref="oc-d4"/>
         <local>true</local>
      </symbol>
      <symbol id="sm-7a8">
         <name></name>
         <value>0x2c10</value>
         <object_component_ref idref="oc-8c"/>
         <local>true</local>
      </symbol>
      <symbol id="sm-7a9">
         <name></name>
         <value>0x1322c</value>
         <object_component_ref idref="oc-8d"/>
         <local>true</local>
      </symbol>
      <symbol id="sm-7aa">
         <name>__aeabi_memset</name>
         <value>0x70056828</value>
         <object_component_ref idref="oc-30f"/>
         <function>true</function>
         <callees>
            <symbol_ref idref="sm-7cb"/>
         </callees>
      </symbol>
      <symbol id="sm-7ab">
         <name>__aeabi_memset4</name>
         <value>0x70056828</value>
         <object_component_ref idref="oc-30f"/>
         <function>true</function>
         <callees>
            <symbol_ref idref="sm-7cb"/>
         </callees>
      </symbol>
      <symbol id="sm-7ac">
         <name>__aeabi_memset8</name>
         <value>0x70056828</value>
         <object_component_ref idref="oc-30f"/>
         <function>true</function>
         <callees>
            <symbol_ref idref="sm-7cb"/>
         </callees>
      </symbol>
      <symbol id="sm-7ad">
         <name>__aeabi_memclr</name>
         <value>0x700568a4</value>
         <object_component_ref idref="oc-89"/>
         <function>true</function>
         <callees>
            <symbol_ref idref="sm-7cb"/>
         </callees>
      </symbol>
      <symbol id="sm-7ae">
         <name>__aeabi_memclr4</name>
         <value>0x700568a4</value>
         <object_component_ref idref="oc-89"/>
         <function>true</function>
         <callees>
            <symbol_ref idref="sm-7cb"/>
         </callees>
      </symbol>
      <symbol id="sm-7af">
         <name>__aeabi_memclr8</name>
         <value>0x700568a4</value>
         <object_component_ref idref="oc-89"/>
         <function>true</function>
         <callees>
            <symbol_ref idref="sm-7cb"/>
         </callees>
      </symbol>
      <symbol id="sm-7b0">
         <name></name>
         <value>0x70056464</value>
         <object_component_ref idref="oc-180"/>
         <local>true</local>
      </symbol>
      <symbol id="sm-7b1">
         <name>$a.0</name>
         <value>0x70056464</value>
         <object_component_ref idref="oc-180"/>
         <local>true</local>
      </symbol>
      <symbol id="sm-7b2">
         <name></name>
         <value>0x2fc93</value>
         <object_component_ref idref="oc-181"/>
         <local>true</local>
      </symbol>
      <symbol id="sm-7b3">
         <name></name>
         <value>0x5214</value>
         <object_component_ref idref="oc-20d"/>
         <local>true</local>
      </symbol>
      <symbol id="sm-7b4">
         <name></name>
         <value>0x132e2</value>
         <object_component_ref idref="oc-183"/>
         <local>true</local>
      </symbol>
      <symbol id="sm-7b5">
         <name>__aeabi_uldivmod</name>
         <value>0x70056464</value>
         <object_component_ref idref="oc-180"/>
         <function>true</function>
         <callees>
            <symbol_ref idref="sm-7bb"/>
         </callees>
      </symbol>
      <symbol id="sm-7b6">
         <name></name>
         <value>0x700522b0</value>
         <object_component_ref idref="oc-209"/>
         <local>true</local>
      </symbol>
      <symbol id="sm-7b7">
         <name>$a.0</name>
         <value>0x700522b0</value>
         <object_component_ref idref="oc-209"/>
         <local>true</local>
      </symbol>
      <symbol id="sm-7b8">
         <name></name>
         <value>0x2fe32</value>
         <object_component_ref idref="oc-20b"/>
         <local>true</local>
      </symbol>
      <symbol id="sm-7b9">
         <name></name>
         <value>0x523b</value>
         <object_component_ref idref="oc-288"/>
         <local>true</local>
      </symbol>
      <symbol id="sm-7ba">
         <name></name>
         <value>0x13390</value>
         <object_component_ref idref="oc-20a"/>
         <local>true</local>
      </symbol>
      <symbol id="sm-7bb">
         <name>__udivmoddi4</name>
         <value>0x700522b0</value>
         <object_component_ref idref="oc-209"/>
         <function>true</function>
         <callees>
            <symbol_ref idref="sm-799"/>
         </callees>
      </symbol>
      <symbol id="sm-7bc">
         <name></name>
         <value>0x70056634</value>
         <object_component_ref idref="oc-270"/>
         <local>true</local>
      </symbol>
      <symbol id="sm-7bd">
         <name>$a.1</name>
         <value>0x70056634</value>
         <object_component_ref idref="oc-270"/>
         <local>true</local>
      </symbol>
      <symbol id="sm-7be">
         <name>_loop</name>
         <value>0x70056638</value>
         <object_component_ref idref="oc-270"/>
         <local>true</local>
      </symbol>
      <symbol id="sm-7bf">
         <name></name>
         <value>0x2ffc9</value>
         <object_component_ref idref="oc-272"/>
         <local>true</local>
      </symbol>
      <symbol id="sm-7c0">
         <name></name>
         <value>0x5262</value>
         <object_component_ref idref="oc-2d9"/>
         <local>true</local>
      </symbol>
      <symbol id="sm-7c1">
         <name></name>
         <value>0x2c38</value>
         <object_component_ref idref="oc-273"/>
         <local>true</local>
      </symbol>
      <symbol id="sm-7c2">
         <name></name>
         <value>0x1347f</value>
         <object_component_ref idref="oc-274"/>
         <local>true</local>
      </symbol>
      <symbol id="sm-7c3">
         <name>TI_memcpy_small</name>
         <value>0x70056634</value>
         <object_component_ref idref="oc-270"/>
         <function>true</function>
      </symbol>
      <symbol id="sm-7c4">
         <name></name>
         <value>0x70056700</value>
         <object_component_ref idref="oc-15a"/>
         <local>true</local>
      </symbol>
      <symbol id="sm-7c5">
         <name>$a.1</name>
         <value>0x70056700</value>
         <object_component_ref idref="oc-15a"/>
         <local>true</local>
      </symbol>
      <symbol id="sm-7c6">
         <name>_loop</name>
         <value>0x70056704</value>
         <object_component_ref idref="oc-15a"/>
         <local>true</local>
      </symbol>
      <symbol id="sm-7c7">
         <name></name>
         <value>0x30279</value>
         <object_component_ref idref="oc-15b"/>
         <local>true</local>
      </symbol>
      <symbol id="sm-7c8">
         <name></name>
         <value>0x5287</value>
         <object_component_ref idref="oc-1eb"/>
         <local>true</local>
      </symbol>
      <symbol id="sm-7c9">
         <name></name>
         <value>0x2c60</value>
         <object_component_ref idref="oc-15e"/>
         <local>true</local>
      </symbol>
      <symbol id="sm-7ca">
         <name></name>
         <value>0x13530</value>
         <object_component_ref idref="oc-15d"/>
         <local>true</local>
      </symbol>
      <symbol id="sm-7cb">
         <name>TI_memset_small</name>
         <value>0x70056700</value>
         <object_component_ref idref="oc-15a"/>
         <function>true</function>
      </symbol>
      <symbol id="sm-7cd">
         <name></name>
         <value>0x70056650</value>
         <object_component_ref idref="oc-385"/>
         <local>true</local>
      </symbol>
      <symbol id="sm-7ce">
         <name>$t.0</name>
         <value>0x70056650</value>
         <object_component_ref idref="oc-385"/>
         <local>true</local>
      </symbol>
      <symbol id="sm-7cf">
         <name></name>
         <value>0x17a51</value>
         <object_component_ref idref="oc-387"/>
         <local>true</local>
      </symbol>
      <symbol id="sm-7d0">
         <name></name>
         <value>0x52ac</value>
         <object_component_ref idref="oc-3a6"/>
         <local>true</local>
      </symbol>
      <symbol id="sm-7d1">
         <name></name>
         <value>0x2c88</value>
         <object_component_ref idref="oc-388"/>
         <local>true</local>
      </symbol>
      <symbol id="sm-7d2">
         <name></name>
         <value>0x1cc01</value>
         <object_component_ref idref="oc-3a7"/>
         <local>true</local>
      </symbol>
      <symbol id="sm-7d3">
         <name></name>
         <value>0x3854</value>
         <object_component_ref idref="oc-38a"/>
         <local>true</local>
      </symbol>
      <symbol id="sm-7d4">
         <name></name>
         <value>0x135a6</value>
         <object_component_ref idref="oc-386"/>
         <local>true</local>
      </symbol>
      <symbol id="sm-7d5">
         <name>CSL_armR5GetCpuID</name>
         <value>0x70056651</value>
         <object_component_ref idref="oc-385"/>
         <function>true</function>
         <callees>
            <symbol_ref idref="sm-7e3"/>
         </callees>
      </symbol>
      <symbol id="sm-7d7">
         <name></name>
         <value>0x7005335a</value>
         <object_component_ref idref="oc-2ca"/>
         <local>true</local>
      </symbol>
      <symbol id="sm-7d8">
         <name>$t.0</name>
         <value>0x7005335a</value>
         <object_component_ref idref="oc-2ca"/>
         <local>true</local>
      </symbol>
      <symbol id="sm-7d9">
         <name></name>
         <value>0x5355</value>
         <object_component_ref idref="oc-326"/>
         <local>true</local>
      </symbol>
      <symbol id="sm-7da">
         <name></name>
         <value>0x1cd76</value>
         <object_component_ref idref="oc-327"/>
         <local>true</local>
      </symbol>
      <symbol id="sm-7db">
         <name></name>
         <value>0x388c</value>
         <object_component_ref idref="oc-2cd"/>
         <local>true</local>
      </symbol>
      <symbol id="sm-7dc">
         <name></name>
         <value>0x1370c</value>
         <object_component_ref idref="oc-2cb"/>
         <local>true</local>
      </symbol>
      <symbol id="sm-7dd">
         <name>TaskP_yield</name>
         <value>0x7005335b</value>
         <object_component_ref idref="oc-2ca"/>
         <function>true</function>
      </symbol>
      <symbol id="sm-7de">
         <name></name>
         <value>0x700568cc</value>
         <object_component_ref idref="oc-3a2"/>
         <local>true</local>
      </symbol>
      <symbol id="sm-7df">
         <name>$a.0</name>
         <value>0x700568cc</value>
         <object_component_ref idref="oc-3a2"/>
         <local>true</local>
      </symbol>
      <symbol id="sm-7e0">
         <name></name>
         <value>0x3056e</value>
         <object_component_ref idref="oc-3a5"/>
         <local>true</local>
      </symbol>
      <symbol id="sm-7e1">
         <name></name>
         <value>0x5381</value>
         <object_component_ref idref="oc-3bc"/>
         <local>true</local>
      </symbol>
      <symbol id="sm-7e2">
         <name></name>
         <value>0x13758</value>
         <object_component_ref idref="oc-3a4"/>
         <local>true</local>
      </symbol>
      <symbol id="sm-7e3">
         <name>CSL_armR5ReadMpidrReg</name>
         <value>0x700568cc</value>
         <object_component_ref idref="oc-3a2"/>
         <function>true</function>
      </symbol>
      <symbol id="sm-7e4">
         <name>_system_post_cinit</name>
         <value>0x0</value>
      </symbol>
      <symbol id="sm-7e5">
         <name>__TI_Handler_Table_Limit</name>
         <value>0x0</value>
      </symbol>
      <symbol id="sm-7e6">
         <name>__TI_Handler_Table_Base</name>
         <value>0x0</value>
      </symbol>
      <symbol id="sm-7e7">
         <name>__TI_CINIT_Base</name>
         <value>0x0</value>
      </symbol>
      <symbol id="sm-7e8">
         <name>__TI_CINIT_Limit</name>
         <value>0x0</value>
      </symbol>
   </symbol_table>
   <title>Link successful</title>
</link_info>
