******************************************************************************
            TI ARM Clang Linker PC v4.0.2                      
******************************************************************************
>> Linked Mon May 26 16:53:50 2025

OUTPUT FILE NAME:   <empty_am263px-cc_r5fss0-0_nortos_ti-arm-clang.out>
ENTRY POINT SYMBOL: "_vectors"  address: 00000000


MEMORY CONFIGURATION

         name            origin    length      used     unused   attr    fill
----------------------  --------  ---------  --------  --------  ----  --------
  R5F_VECS              00000000   00000040  00000040  00000000  RWIX
  R5F_TCMA              00000040   00007fc0  00000000  00007fc0  RWIX
  R5F_TCMB              00080000   00008000  00000000  00008000  RWIX
  MAILBOX_HSM           44000000   000003ce  00000000  000003ce  RWIX
  MAILBOX_R5F           44000400   000003ce  00000000  000003ce  RWIX
  FLASH                 60100000   00080000  00000000  00080000  RWIX
  SBL                   70000000   00040000  00000000  00040000  RWIX
  OCRAM                 70040000   00040000  0001a2b8  00025d48  RWIX
  USER_SHM_MEM          701d0000   00004000  00000000  00004000  RWIX
  LOG_SHM_MEM           701d4000   00004000  00000000  00004000  RWIX
  RTOS_NORTOS_IPC_SHM_M 72000000   00003e80  00000000  00003e80  RWIX


SEGMENT ALLOCATION MAP

run origin  load origin   length   init length attrs members
----------  ----------- ---------- ----------- ----- -------
00000000    00000000    00000040   00000040    r-x
  00000000    00000000    00000040   00000040    r-x .vectors
70040000    70040000    0000d1b8   00000000    rw-
  70040000    70040000    000011b8   00000000    rw- .bss
  700411b8    700411b8    00008000   00000000    rw- .sysmem
  700491b8    700491b8    00004000   00000000    rw- .stack
7004d1c0    7004d1c0    0000b7b8   0000b7b8    r-x
  7004d1c0    7004d1c0    00009720   00009720    r-x .text
  700568e0    700568e0    00000f40   00000f40    r-- .rodata
  70057820    70057820    00000978   00000978    r-x .text.hwi
  70058198    70058198    00000430   00000430    r-x .text.cache
  700585c8    700585c8    00000218   00000218    r-x .text.mpu
  700587e0    700587e0    00000190   00000190    r-x .text.boot
  70058970    70058970    00000008   00000008    r-x .text:abort
70058978    70058978    00001948   00000548    rw-
  70058978    70058978    00000548   00000548    rw- .data
  70058ec0    70058ec0    00000100   00000000    rw- .irqstack
  70058fc0    70058fc0    00000100   00000000    rw- .fiqstack
  700590c0    700590c0    00001000   00000000    rw- .svcstack
  7005a0c0    7005a0c0    00000100   00000000    rw- .abortstack
  7005a1c0    7005a1c0    00000100   00000000    rw- .undefinedstack


SECTION ALLOCATION MAP

 output                                  attributes/
section   page    origin      length       input sections
--------  ----  ----------  ----------   ----------------
.vectors   0    00000000    00000040     
                  00000000    00000040     nortos.am263px.r5f.ti-arm-clang.release.lib : HwiP_armv7r_vectors_nortos_asm.obj (.vectors)

.bss       0    70040000    000011b8     UNINITIALIZED
                  70040000    00000808     (.common:gHwiCtrl)
                  70040808    000003b8     ti_drivers_config.o (.bss.gMcspiObjects)
                  70040bc0    00000368     ti_drivers_config.o (.bss.gUartObjects)
                  70040f28    00000120     libsysbm.a : trgmsg.c.obj (.bss:_CIOBUF_)
                  70041048    000000a0     libc.a : defs.c.obj (.bss.__TI_tmpnams)
                  700410e8    00000068     ti_drivers_config.o (.bss.gEdmaObjects)
                  70041150    00000038     (.common:gClockCtrl)
                  70041188    00000010     (.common:virtToPhymap)
                  70041198    00000008     libsysbm.a : hostopen.c.obj (.bss.parmbuf)
                  700411a0    00000004     nortos.am263px.r5f.ti-arm-clang.release.lib : HwiP_armv7r_vim.obj (.bss.gdummy)
                  700411a4    00000004     libc.a : memory.c.obj (.bss.sys_free)
                  700411a8    00000004     (.common:gEdmaHandle)
                  700411ac    00000004     (.common:gMcspiHandle)
                  700411b0    00000004     (.common:gUartHandle)
                  700411b4    00000004     --HOLE--

.sysmem    0    700411b8    00008000     UNINITIALIZED
                  700411b8    00000010     libc.a : memory.c.obj (.sysmem)
                  700411c8    00007ff0     --HOLE--

.stack     0    700491b8    00004000     UNINITIALIZED
                  700491b8    00000004     nortos.am263px.r5f.ti-arm-clang.release.lib : boot_armv7r_asm.obj (.stack)
                  700491bc    00003ffc     --HOLE--

.text      0    7004d1c0    00009720     
                  7004d1c0    0000077c     high_side_switches_test.o (.text.high_side_switches_test)
                  7004d93c    00000726     ti_drivers_open_close.o (.text.Drivers_adcOpen)
                  7004e062    00000002     ti_board_config.o (.text.Board_deinit)
                  7004e064    00000580     nortos.am263px.r5f.ti-arm-clang.release.lib : printf.obj (.text._vsnprintf)
                  7004e5e4    000004cc     drivers.am263px.r5f.ti-arm-clang.release.lib : soc_rcm.obj (.text.SOC_rcmEnablePeripheralClock)
                  7004eab0    00000400     nortos.am263px.r5f.ti-arm-clang.release.lib : printf.obj (.text._ftoa)
                  7004eeb0    00000010     drivers.am263px.r5f.ti-arm-clang.release.lib : uart_v0_lld.obj (.text.UART_intr2Disable)
                  7004eec0    00000390     libc.a : strcmp32.S.obj (.text:strcmp)
                  7004f250    00000310     nortos.am263px.r5f.ti-arm-clang.release.lib : printf.obj (.text._etoa)
                  7004f560    000002a8     drivers.am263px.r5f.ti-arm-clang.release.lib : uart_v0.obj (.text.UART_open)
                  7004f808    00000298                                                  : mcspi_v0.obj (.text.MCSPI_open)
                  7004faa0    0000027c                                                  : edma.obj (.text.EDMA_init)
                  7004fd1c    00000250                                                  : soc_rcm.obj (.text.SOC_rcmSetPeripheralClock)
                  7004ff6c    0000023c                                                  : uart_v0_lld.obj (.text.UART_configInstance)
                  700501a8    0000020c                                                  : mcspi_v0_lld.obj (.text.MCSPI_transferControllerPoll)
                  700503b4    00000204                                                  : edma.obj (.text.EDMA_freeChannelRegion)
                  700505b8    000001e8                                                  : mcspi_v0_lld.obj (.text.MCSPI_lld_controllerIsr)
                  700507a0    000001cc                                                  : mcspi_dma_edma.obj (.text.MCSPI_lld_dmaTransfer)
                  7005096c    000001c0                                                  : mcspi_dma_edma.obj (.text.MCSPI_lld_dmaChInit)
                  70050b2c    000001a8                                                  : mcspi_v0_lld.obj (.text.MCSPI_lld_chConfig)
                  70050cd4    000001a8     libc.a : memory.c.obj (.text.free)
                  70050e7c    000001a4            : memory.c.obj (.text.aligned_alloc)
                  70051020    00000194     drivers.am263px.r5f.ti-arm-clang.release.lib : uart_dma_edma.obj (.text.UART_lld_dmaInit)
                  700511b4    00000190                                                  : mcspi_v0.obj (.text.MCSPI_transfer)
                  70051344    00000160                                                  : edma.obj (.text.EDMA_deinit)
                  700514a4    0000015c                                                  : uart_v0_lld.obj (.text.UART_lld_controllerIsr)
                  70051600    0000014e                                                  : uart_dma_edma.obj (.text.UART_lld_dmaDeInit)
                  7005174e    0000014c                                                  : mcspi_dma_edma.obj (.text.MCSPI_lld_dmaDeInit)
                  7005189a    00000002     ti_board_open_close.o (.text.Board_driversClose)
                  7005189c    00000144     libc.a : setvbuf.c.obj (.text.setvbuf)
                  700519e0    00000140     nortos.am263px.r5f.ti-arm-clang.release.lib : TimerP_rti.obj (.text.TimerP_setup)
                  70051b20    0000013c     drivers.am263px.r5f.ti-arm-clang.release.lib : soc.obj (.text.SOC_virtToPhy)
                  70051c5c    00000138                                                  : uart_v0.obj (.text.UART_close)
                  70051d94    00000134                                                  : mcspi_v0_lld.obj (.text.MCSPI_lld_readWrite)
                  70051ec8    00000132     nortos.am263px.r5f.ti-arm-clang.release.lib : printf.obj (.text._ntoa_format)
                  70051ffa    0000011c     drivers.am263px.r5f.ti-arm-clang.release.lib : mcspi_v0_lld.obj (.text.MCSPI_lld_readWriteIntr)
                  70052116    00000002     ti_board_config.o (.text.Board_init)
                  70052118    00000118     drivers.am263px.r5f.ti-arm-clang.release.lib : edma.obj (.text.Alloc_resource)
                  70052230    00000118     libclang_rt.builtins.a : udivmoddi4.S.obj (.text)
                  70052348    00000114     drivers.am263px.r5f.ti-arm-clang.release.lib : soc_rcm.obj (.text.SOC_rcmGetPeripheralClockFrequency)
                  7005245c    0000010e                                                  : uart_v0_lld.obj (.text.UART_lld_write)
                  7005256a    00000106                                                  : mcspi_v0_lld.obj (.text.MCSPI_continuePeripheralTxRx)
                  70052670    00000104                                                  : edma.obj (.text.EDMA_transferCompletionMasterIsrFxn)
                  70052774    00000104                                                  : uart_dma_edma.obj (.text.UART_lld_dmaWrite)
                  70052878    00000102     nortos.am263px.r5f.ti-arm-clang.release.lib : ClockP_nortos_r5.obj (.text.ClockP_init)
                  7005297a    00000002     ti_dpl_config.o (.text.Dpl_deinit)
                  7005297c    00000100     drivers.am263px.r5f.ti-arm-clang.release.lib : mcspi_v0.obj (.text.MCSPI_close)
                  70052a7c    000000fc                                                  : uart_v0.obj (.text.UART_write)
                  70052b78    000000f4                                                  : mcspi_v0_lld.obj (.text.MCSPI_lld_initDma)
                  70052c6c    000000f0     libc.a : fputc.c.obj (.text.fputc)
                  70052d5c    000000da     drivers.am263px.r5f.ti-arm-clang.release.lib : mcspi_v0_lld.obj (.text.MCSPI_lld_readWriteDma)
                  70052e36    00000002     nortos.am263px.r5f.ti-arm-clang.release.lib : SemaphoreP_nortos.obj (.text.SemaphoreP_destruct)
                  70052e38    000000cc     drivers.am263px.r5f.ti-arm-clang.release.lib : edma.obj (.text.EDMA_unregisterIntr)
                  70052f04    000000cc                                                  : uart_v0_lld.obj (.text.UART_lld_initDma)
                  70052fd0    000000c8     libc.a : getdevice.c.obj (.text.getdevice)
                  70053098    000000c4     drivers.am263px.r5f.ti-arm-clang.release.lib : mcspi_v0_lld.obj (.text.MCSPI_lld_init)
                  7005315c    000000c0                                                  : uart_v0_lld.obj (.text.UART_lld_init)
                  7005321c    000000be                                                  : mcspi_dma_edma.obj (.text.MCSPI_edmaIsrTx)
                  700532da    00000002     nortos.am263px.r5f.ti-arm-clang.release.lib : TaskP_nortos.obj (.text.TaskP_yield)
                  700532dc    000000bc     drivers.am263px.r5f.ti-arm-clang.release.lib : edma.obj (.text.EDMA_registerIntr)
                  70053398    000000bc     high_side_switches_test.o (.text.read_values)
                  70053454    000000b4     libc.a : fseek.c.obj (.text.fseeko)
                  70053508    000000b0            : fclose.c.obj (.text.__TI_closefile)
                  700535b8    000000b0     nortos.am263px.r5f.ti-arm-clang.release.lib : printf.obj (.text._ntoa_long_long)
                  70053668    000000ac     drivers.am263px.r5f.ti-arm-clang.release.lib : soc_rcm.obj (.text.SOC_rcmGetCoreHSDivOut)
                  70053714    000000ac                                                  : uart_v0_lld.obj (.text.UART_divisorLatchWrite)
                  700537c0    000000a8                                                  : edma.obj (.text.EDMA_open)
                  70053868    000000a6     nortos.am263px.r5f.ti-arm-clang.release.lib : printf.obj (.text._out_rev)
                  7005390e    00000002     drivers.am263px.r5f.ti-arm-clang.release.lib : uart_dma_edma.obj (.text.UART_edmaDoNothing)
                  70053910    000000a4     libc.a : memory.c.obj (.text.split)
                  700539b4    000000a0     drivers.am263px.r5f.ti-arm-clang.release.lib : edma.obj (.text.EDMA_freeDmaChannel)
                  70053a54    000000a0                                                  : edma.obj (.text.EDMA_freeParam)
                  70053af4    000000a0                                                  : edma.obj (.text.EDMA_freeTcc)
                  70053b94    000000a0     libsysbm.a : hostrename.c.obj (.text.HOSTrename)
                  70053c34    000000a0     drivers.am263px.r5f.ti-arm-clang.release.lib : uart_dma_edma.obj (.text.UART_lld_dmaRead)
                  70053cd4    0000009c     libc.a : _io_perm.c.obj (.text.__TI_wrt_ok)
                  70053d70    00000098     libsysbm.a : hostlseek.c.obj (.text.HOSTlseek)
                  70053e08    00000096     nortos.am263px.r5f.ti-arm-clang.release.lib : SemaphoreP_nortos.obj (.text.SemaphoreP_pend)
                  70053e9e    00000094     drivers.am263px.r5f.ti-arm-clang.release.lib : edma.obj (.text.EDMA_configureChannelRegion)
                  70053f32    00000002                                                  : uart_v0.obj (.text.UART_lld_errorCallback)
                  70053f34    00000094     libsysbm.a : hostopen.c.obj (.text.HOSTopen)
                  70053fc8    00000092     drivers.am263px.r5f.ti-arm-clang.release.lib : uart_dma_edma.obj (.text.UART_edmaIsrTx)
                  7005405a    00000090                                                  : mcspi_v0_lld.obj (.text.MCSPI_setFifoConfig)
                  700540ea    0000008e     nortos.am263px.r5f.ti-arm-clang.release.lib : printf.obj (.text._ntoa_long)
                  70054178    0000008c     drivers.am263px.r5f.ti-arm-clang.release.lib : mcspi_v0_lld.obj (.text.MCSPI_lld_peripheralIsr)
                  70054204    0000008c     libsysbm.a : close.c.obj (.text.close)
                  70054290    00000088     drivers.am263px.r5f.ti-arm-clang.release.lib : adc.obj (.text.ADC_setPPBTripLimits)
                  70054318    00000088                                                  : uart_v0.obj (.text.UART_init)
                  700543a0    00000088                                                  : uart_v0_lld.obj (.text.UART_procLineStatusErr)
                  70054428    00000088     libc.a : fflush.c.obj (.text.__TI_doflush)
                  700544b0    00000084     libsysbm.a : hostread.c.obj (.text.HOSTread)
                  70054534    00000084                : hostwrite.c.obj (.text.HOSTwrite)
                  700545b8    00000084     drivers.am263px.r5f.ti-arm-clang.release.lib : mcspi_v0_lld.obj (.text.MCSPI_setPeripheralFifoConfig)
                  7005463c    00000080                                                  : uart_v0.obj (.text.UART_flushTxFifo)
                  700546bc    0000007e                                                  : mcspi_v0_lld.obj (.text.MCSPI_fifoRead)
                  7005473a    0000007e                                                  : mcspi_v0_lld.obj (.text.MCSPI_transferPeripheralPoll)
                  700547b8    0000007a                                                  : mcspi_dma_edma.obj (.text.MCSPI_edmaIsrRx)
                  70054832    0000007a                                                  : mcspi_v0_lld.obj (.text.MCSPI_initiateLastChunkTransfer)
                  700548ac    00000078     ti_drivers_open_close.o (.text.Drivers_open)
                  70054924    00000078     drivers.am263px.r5f.ti-arm-clang.release.lib : mcspi_v0.obj (.text.MCSPI_init)
                  7005499c    00000072                                                  : mcspi_v0_lld.obj (.text.MCSPI_fifoWrite)
                  70054a0e    00000072                                                  : mcspi_v0_lld.obj (.text.MCSPI_stop)
                  70054a80    00000070                                                  : edma.obj (.text.EDMA_close)
                  70054af0    00000070                                                  : mcspi_dma_edma.obj (.text.MCSPI_lld_dmaStop)
                  70054b60    0000006e                                                  : edma.obj (.text.EDMA_disableTransferRegion)
                  70054bce    0000006e                                                  : edma.obj (.text.EDMA_enableTransferRegion)
                  70054c3c    0000006c     libsysbm.a : hostunlink.c.obj (.text.HOSTunlink)
                  70054ca8    00000068     drivers.am263px.r5f.ti-arm-clang.release.lib : uart_v0_lld.obj (.text.UART_lld_writeIntr)
                  70054d10    00000066                                                  : uart_v0_lld.obj (.text.UART_lld_writeDma)
                  70054d76    00000002     nortos.am263px.r5f.ti-arm-clang.release.lib : printf.obj (.text._out_null)
                  70054d78    00000064     drivers.am263px.r5f.ti-arm-clang.release.lib : soc.obj (.text.SOC_controlModuleUnlockMMR)
                  70054ddc    00000064     high_side_switches_test.o (.text.SPI_ReadWrite)
                  70054e40    00000060     libsysbm.a : hostclose.c.obj (.text.HOSTclose)
                  70054ea0    00000060     nortos.am263px.r5f.ti-arm-clang.release.lib : PmuP_armv7r.obj (.text.pmu)
                  70054f00    0000005e                                                 : ClockP_nortos.obj (.text.ClockP_timerTickIsr)
                  70054f5e    0000005e     drivers.am263px.r5f.ti-arm-clang.release.lib : mcspi_v0_lld.obj (.text.MCSPI_setChDataSize)
                  70054fbc    0000005c                                                  : soc.obj (.text.SOC_controlModuleLockMMR)
                  70055018    0000005c     nortos.am263px.r5f.ti-arm-clang.release.lib : DebugP_log.obj (.text._DebugP_assert)
                  70055074    0000005a     ti_drivers_config.o (.text.GPIO_init)
                  700550ce    00000002     --HOLE-- [fill = 0]
                  700550d0    00000058     libc.a : fopen.c.obj (.text.__TI_cleanup)
                  70055128    00000058     libsysbm.a : trgmsg.c.obj (.text.__TI_readmsg)
                  70055180    00000058                : trgmsg.c.obj (.text.__TI_writemsg)
                  700551d8    00000056     nortos.am263px.r5f.ti-arm-clang.release.lib : ClockP_nortos.obj (.text.ClockP_getTimeUsec)
                  7005522e    00000056     drivers.am263px.r5f.ti-arm-clang.release.lib : uart_v0_lld.obj (.text.UART_intrDisable)
                  70055284    00000056                                                  : uart_v0_lld.obj (.text.UART_writeCancelNoCB)
                  700552da    00000002     --HOLE-- [fill = 0]
                  700552dc    00000054     libc.a : exit.c.obj (.text.exit)
                  70055330    00000054            : getdevice.c.obj (.text.finddevice)
                  70055384    00000054            : autoinit.c.obj (.text:__TI_auto_init_nobinit_nopinit)
                  700553d8    00000052     nortos.am263px.r5f.ti-arm-clang.release.lib : AddrTranslateP_32bit.obj (.text.AddrTranslateP_getLocalAddr)
                  7005542a    00000052     drivers.am263px.r5f.ti-arm-clang.release.lib : mcspi_v0_lld.obj (.text.MCSPI_lld_deInitDma)
                  7005547c    00000050     nortos.am263px.r5f.ti-arm-clang.release.lib : ClockP_nortos.obj (.text.ClockP_construct)
                  700554cc    00000050     drivers.am263px.r5f.ti-arm-clang.release.lib : edma.obj (.text.EDMA_allocDmaChannel)
                  7005551c    00000050                                                  : edma.obj (.text.EDMA_allocParam)
                  7005556c    00000050                                                  : edma.obj (.text.EDMA_allocTcc)
                  700555bc    0000004e     nortos.am263px.r5f.ti-arm-clang.release.lib : ClockP_nortos.obj (.text.ClockP_addToList)
                  7005560a    0000004e     ti_drivers_open_close.o (.text.Drivers_edmaOpen)
                  70055658    0000004e     ti_drivers_open_close.o (.text.Drivers_mcspiOpen)
                  700556a6    0000004e     ti_drivers_open_close.o (.text.Drivers_uartOpen)
                  700556f4    0000004e     drivers.am263px.r5f.ti-arm-clang.release.lib : edma.obj (.text.EDMA_disableChInShadowRegRegion)
                  70055742    0000004e                                                  : mcspi_v0_lld.obj (.text.MCSPI_configInstance)
                  70055790    0000004c                                                  : mcspi_v0.obj (.text.MCSPI_transferCallback)
                  700557dc    0000004c                                                  : mcspi_v0_lld.obj (.text.MCSPI_transferControllerIntr)
                  70055828    0000004c                                                  : soc.obj (.text.SOC_enableAdcReferenceMonitor)
                  70055874    00000048                                                  : soc.obj (.text.SOC_enableAdcGlobalForce)
                  700558bc    00000048                                                  : soc.obj (.text.SOC_enableAdcInternalReference)
                  70055904    00000048                                                  : uart_dma_edma.obj (.text.UART_edmaIsrRx)
                  7005594c    00000048     libsysbm.a : unlink.c.obj (.text.unlink)
                  70055994    00000044     drivers.am263px.r5f.ti-arm-clang.release.lib : soc.obj (.text.SOC_getAdcReferenceStatus)
                  700559d8    00000044                                                  : uart_v0.obj (.text.UART_Params_init)
                  70055a1c    00000044                                                  : uart_v0_lld.obj (.text.UART_lld_deInitDma)
                  70055a60    00000040     nortos.am263px.r5f.ti-arm-clang.release.lib : ClockP_nortos.obj (.text.ClockP_stop)
                  70055aa0    00000040     ti_drivers_open_close.o (.text.Drivers_close)
                  70055ae0    00000040     drivers.am263px.r5f.ti-arm-clang.release.lib : edma.obj (.text.EDMA_mapChToEvtQ)
                  70055b20    00000040                                                  : pinmux.obj (.text.Pinmux_config)
                  70055b60    00000040     nortos.am263px.r5f.ti-arm-clang.release.lib : SemaphoreP_nortos.obj (.text.SemaphoreP_constructBinary)
                  70055ba0    00000040     drivers.am263px.r5f.ti-arm-clang.release.lib : uart_v0_lld.obj (.text.UART_lld_deInit)
                  70055be0    00000040     libc.a : memory.c.obj (.text.free_list_insert)
                  70055c20    0000003e     nortos.am263px.r5f.ti-arm-clang.release.lib : SemaphoreP_nortos.obj (.text.SemaphoreP_constructMutex)
                  70055c5e    00000002     --HOLE-- [fill = 0]
                  70055c60    0000003c     drivers.am263px.r5f.ti-arm-clang.release.lib : edma.obj (.text.EDMA_getBaseAddr)
                  70055c9c    0000003c                                                  : uart_v0_lld.obj (.text.UART_readData)
                  70055cd8    0000003a     nortos.am263px.r5f.ti-arm-clang.release.lib : ClockP_nortos.obj (.text.ClockP_destruct)
                  70055d12    0000003a                                                 : DebugP_uartLogWriter.obj (.text.DebugP_uartLogWriterPutChar)
                  70055d4c    0000003a     ti_power_clock_config.o (.text.Module_clockSetFrequency)
                  70055d86    0000003a     drivers.am263px.r5f.ti-arm-clang.release.lib : uart_v0_lld.obj (.text.UART_lld_flushTxFifo)
                  70055dc0    00000038                                                  : soc_rcm.obj (.text.SOC_rcmADPLLJGetFOut)
                  70055df8    00000038     nortos.am263px.r5f.ti-arm-clang.release.lib : DebugP_nortos.obj (.text._DebugP_logZone)
                  70055e30    00000036     drivers.am263px.r5f.ti-arm-clang.release.lib : edma.obj (.text.EDMA_clrMissEvtRegion)
                  70055e66    00000034     nortos.am263px.r5f.ti-arm-clang.release.lib : ClockP_nortos.obj (.text.ClockP_start)
                  70055e9a    00000034     ti_dpl_config.o (.text.Dpl_init)
                  70055ece    00000034     drivers.am263px.r5f.ti-arm-clang.release.lib : mcspi_v0.obj (.text.MCSPI_errorCallback)
                  70055f02    00000034     ti_power_clock_config.o (.text.Module_clockDisable)
                  70055f36    00000034     ti_power_clock_config.o (.text.Module_clockEnable)
                  70055f6a    00000002     --HOLE-- [fill = 0]
                  70055f6c    00000034     drivers.am263px.r5f.ti-arm-clang.release.lib : soc.obj (.text.SOC_enableAdcDacLoopback)
                  70055fa0    00000034                                                  : soc_rcm.obj (.text.SOC_rcmGetModuleClkDivVal)
                  70055fd4    00000034     libc.a : memory.c.obj (.text.free_list_remove)
                  70056008    00000034     libsysbm.a : lseek.c.obj (.text.lseek)
                  7005603c    00000034                : write.c.obj (.text.write)
                  70056070    00000032     nortos.am263px.r5f.ti-arm-clang.release.lib : ClockP_nortos.obj (.text.ClockP_usleep)
                  700560a2    00000032     drivers.am263px.r5f.ti-arm-clang.release.lib : edma.obj (.text.EDMA_unmapChToEvtQ)
                  700560d4    00000032     nortos.am263px.r5f.ti-arm-clang.release.lib : SemaphoreP_nortos.obj (.text.SemaphoreP_post)
                  70056106    00000030     drivers.am263px.r5f.ti-arm-clang.release.lib : uart_v0.obj (.text.UART_lld_writeCompleteCallback)
                  70056136    00000002     --HOLE-- [fill = 0]
                  70056138    00000030     nortos.am263px.r5f.ti-arm-clang.release.lib : PmuP_armv7r_asm.obj (.text.pmu)
                  70056168    0000002e     drivers.am263px.r5f.ti-arm-clang.release.lib : edma.obj (.text.EDMA_enableChInShadowRegRegion)
                  70056196    0000002e                                                  : uart_v0.obj (.text.UART_lld_readCompleteCallback)
                  700561c4    0000002c                                                  : soc_rcm.obj (.text.SOC_rcmGetR5Clock)
                  700561f0    0000002c                                                  : uart_v0.obj (.text.UART_getHandle)
                  7005621c    0000002a     ti_drivers_config.o (.text.System_init)
                  70056246    00000028     nortos.am263px.r5f.ti-arm-clang.release.lib : ClockP_nortos.obj (.text.ClockP_sleepTicks)
                  7005626e    00000028     drivers.am263px.r5f.ti-arm-clang.release.lib : gpio.obj (.text.GPIO_setDirMode)
                  70056296    00000028                                                  : mcspi_v0_lld.obj (.text.MCSPI_fifoReadMultiWord)
                  700562be    00000002     --HOLE-- [fill = 0]
                  700562c0    00000028                                                  : soc.obj (.text.SOC_moduleSetClockFrequency)
                  700562e8    00000026                                                  : edma.obj (.text.EDMA_setPaRAM)
                  7005630e    00000026                                                  : uart_dma_edma.obj (.text.UART_lld_dmaDisableChannel)
                  70056334    00000024                                                  : mcspi_v0_lld.obj (.text.MCSPI_fifoWriteMultiWord)
                  70056358    00000024                                                  : uart_v0_lld.obj (.text.UART_IsHWFlowCtrlValid)
                  7005637c    00000024                                                  : uart_v0_lld.obj (.text.UART_IsRxTrigLvlValid)
                  700563a0    00000024                                                  : uart_v0_lld.obj (.text.UART_IsTxTrigLvlValid)
                  700563c4    00000024     libclang_rt.builtins.a : aeabi_uldivmod.S.obj (.text.__aeabi_uldivmod)
                  700563e8    00000024     nortos.am263px.r5f.ti-arm-clang.release.lib : printf.obj (.text.vprintf_)
                  7005640c    00000022     drivers.am263px.r5f.ti-arm-clang.release.lib : edma.obj (.text.EDMA_linkChannel)
                  7005642e    00000022                                                  : mcspi_v0_lld.obj (.text.MCSPI_transferPeripheralIntr)
                  70056450    00000020                                                  : mcspi_v0_lld.obj (.text.MCSPI_fifoRead32)
                  70056470    00000020     nortos.am263px.r5f.ti-arm-clang.release.lib : TimerP_rti.obj (.text.TimerP_Params_init)
                  70056490    00000020     drivers.am263px.r5f.ti-arm-clang.release.lib : uart_v0_lld.obj (.text.UART_getChar)
                  700564b0    0000001e                                                  : uart_v0_lld.obj (.text.UART_spaceAvail)
                  700564ce    0000001c                                                  : mcspi_v0_lld.obj (.text.MCSPI_fifoWrite32)
                  700564ea    0000001c                                                  : mcspi_v0_lld.obj (.text.MCSPI_getFifoTrigLvl)
                  70056506    0000001c                                                  : mcspi_v0_lld.obj (.text.MCSPI_lld_deInit)
                  70056522    00000002     --HOLE-- [fill = 0]
                  70056524    0000001c                                                  : soc_rcm.obj (.text.SOC_rcmIsR5FInLockStepMode)
                  70056540    0000001c     main.o (.text.main)
                  7005655c    0000001c     libsysbm.a : hostrename.c.obj (.text.strcpy)
                  70056578    0000001c                : hostrename.c.obj (.text.strlen)
                  70056594    0000001c     libc.a : memcpy32.S.obj (.text:TI_memcpy_small)
                  700565b0    0000001a     nortos.am263px.r5f.ti-arm-clang.release.lib : CpuId_armv7r.obj (.text.CSL_armR5GetCpuID)
                  700565ca    0000001a     drivers.am263px.r5f.ti-arm-clang.release.lib : edma.obj (.text.EDMA_readEventStatusRegion)
                  700565e4    0000001a     ti_drivers_config.o (.text.System_deinit)
                  700565fe    0000001a     drivers.am263px.r5f.ti-arm-clang.release.lib : uart_v0_lld.obj (.text.UART_enhanFuncEnable)
                  70056618    00000018                                                  : gpio.obj (.text.GPIO_pinRead)
                  70056630    00000018                                                  : mcspi_v0.obj (.text.MCSPI_deinit)
                  70056648    00000018     nortos.am263px.r5f.ti-arm-clang.release.lib : TimerP_rti.obj (.text.TimerP_getCount)
                  70056660    00000018     drivers.am263px.r5f.ti-arm-clang.release.lib : uart_v0.obj (.text.UART_deinit)
                  70056678    00000018     libc.a : memset32.S.obj (.text:TI_memset_small)
                  70056690    00000016     drivers.am263px.r5f.ti-arm-clang.release.lib : mcspi_v0_lld.obj (.text.MCSPI_reset)
                  700566a6    00000016                                                  : uart_v0_lld.obj (.text.UART_IsTxRxFifoEmpty)
                  700566bc    00000016                                                  : uart_v0_lld.obj (.text.UART_getIntrIdentityStatus)
                  700566d2    00000014     nortos.am263px.r5f.ti-arm-clang.release.lib : ClockP_nortos.obj (.text.ClockP_usecToTicks)
                  700566e6    00000014     drivers.am263px.r5f.ti-arm-clang.release.lib : edma.obj (.text.EDMA_getRegionId)
                  700566fa    00000014                                                  : uart_v0.obj (.text.UART_Transaction_init)
                  7005670e    00000014                                                  : uart_v0_lld.obj (.text.UART_enhanFuncBitValRestore)
                  70056722    00000012                                                  : adc.obj (.text.ADC_setMode)
                  70056734    00000012                                                  : mcspi_dma_edma.obj (.text.MCSPI_lld_dmaInit)
                  70056746    00000012                                                  : uart_v0_lld.obj (.text.UART_hardwareFlowCtrlOptSet)
                  70056758    00000012                                                  : uart_v0_lld.obj (.text.UART_operatingModeSelect)
                  7005676a    00000012                                                  : uart_v0_lld.obj (.text.UART_readLineStatus)
                  7005677c    00000012     ti_dpl_config.o (.text.putchar_)
                  7005678e    00000002     --HOLE-- [fill = 0]
                  70056790    00000010     libclang_rt.builtins.a : aeabi_memset.S.obj (.text.__aeabi_memset)
                  700567a0    00000010     libc.a : fputc.c.obj (.text.putchar)
                  700567b0    0000000e     drivers.am263px.r5f.ti-arm-clang.release.lib : edma.obj (.text.EDMA_ccPaRAMEntry_init)
                  700567be    0000000e     ti_pinmux_config.o (.text.Pinmux_init)
                  700567cc    0000000e     ti_power_clock_config.o (.text.PowerClock_init)
                  700567da    0000000c     nortos.am263px.r5f.ti-arm-clang.release.lib : ClockP_nortos.obj (.text.ClockP_getTicks)
                  700567e6    0000000c                                                 : DebugP_uartLogWriter.obj (.text.DebugP_uartSetDrvIndex)
                  700567f2    0000000c     drivers.am263px.r5f.ti-arm-clang.release.lib : edma.obj (.text.EDMA_isInitialized)
                  700567fe    0000000c                                                  : soc.obj (.text.SOC_getSelfCpuClk)
                  7005680a    00000002     --HOLE-- [fill = 0]
                  7005680c    0000000c     libclang_rt.builtins.a : aeabi_memset.S.obj (.text.__aeabi_memclr)
                  70056818    0000000c     libc.a : memory.c.obj (.text.malloc)
                  70056824    0000000c     nortos.am263px.r5f.ti-arm-clang.release.lib : CpuId_armv7r_asm.obj (.text)
                  70056830    0000000a                                                 : ClockP_nortos.obj (.text.ClockP_Params_init)
                  7005683a    00000006     drivers.am263px.r5f.ti-arm-clang.release.lib : edma.obj (.text.EDMA_isInterruptEnabled)
                  70056840    0000000c     libc.a : strcmp32.S.obj (.text)
                  7005684c    0000000a     nortos.am263px.r5f.ti-arm-clang.release.lib : ClockP_nortos.obj (.text.ClockP_isActive)
                  70056856    0000000a                                                 : TimerP_rti.obj (.text.TimerP_getReloadCount)
                  70056860    0000000a                                                 : TimerP_rti.obj (.text.TimerP_start)
                  7005686a    0000000a     drivers.am263px.r5f.ti-arm-clang.release.lib : uart_v0_lld.obj (.text.UART_lld_Transaction_deInit)
                  70056874    00000008     libsysbm.a : hostexit.c.obj (.text.HOSTexit)
                  7005687c    00000008     nortos.am263px.r5f.ti-arm-clang.release.lib : TimerP_rti.obj (.text.TimerP_clearOverflowInt)
                  70056884    00000008                                                 : printf.obj (.text._out_char)
                  7005688c    00000006     drivers.am263px.r5f.ti-arm-clang.release.lib : soc.obj (.text.SOC_moduleClockEnable)
                  70056892    00000006                                                  : soc_rcm.obj (.text.SOC_rcmGetCR5SysclkInFrequency)
                  70056898    00000004     ti_board_open_close.o (.text.Board_driversOpen)
                  7005689c    00000004     nortos.am263px.r5f.ti-arm-clang.release.lib : ClockP_nortos_r5.obj (.text.ClockP_getTimerCount)
                  700568a0    00000004                                                 : ClockP_nortos_r5.obj (.text.ClockP_timerClearOverflowInt)
                  700568a4    00000004     ti_power_clock_config.o (.text.PowerClock_deinit)
                  700568a8    00000004     libclang_rt.builtins.a : aeabi_div0.c.obj (.text.__aeabi_ldiv0)
                  700568ac    00000004                            : aeabi_memcpy.S.obj (.text.__aeabi_memcpy)
                  700568b0    00000004     libc.a : _lock.c.obj (.text._nop)
                  700568b4    00000004            : fseek.c.obj (.text.fseek)
                  700568b8    00000004     libsysbm.a : remove.c.obj (.text.remove)
                  700568bc    00000008     nortos.am263px.r5f.ti-arm-clang.release.lib : HwiP_armv7r_asm.obj (.tramp.HwiP_enable.1)
                  700568c4    00000008                                                 : HwiP_armv7r_asm.obj (.tramp.HwiP_restore.1)
                  700568cc    00000008                                                 : PmuP_armv7r_asm.obj (.tramp.PmuP_enableCounters.1)
                  700568d4    0000000c     --HOLE-- [fill = 0]

.rodata    0    700568e0    00000f40     
                  700568e0    00000074     ti_dpl_config.o (.rodata.cfg)
                  70056954    00000051     drivers.am263px.r5f.ti-arm-clang.release.lib : mcspi_v0.obj (.rodata.str1.26396439823528435241)
                  700569a5    00000003     --HOLE-- [fill = 0]
                  700569a8    00000050     nortos.am263px.r5f.ti-arm-clang.release.lib : printf.obj (.rodata._ftoa.pow10)
                  700569f8    00000048     drivers.am263px.r5f.ti-arm-clang.release.lib : soc_rcm.obj (.rodata.gADPLLJConfigTbl)
                  70056a40    00000048                                                  : mcspi_v0_lld.obj (.rodata.str1.97363132707188488161)
                  70056a88    00000043     ti_drivers_open_close.o (.rodata.str1.17665391694225509261.1)
                  70056acb    0000003d     nortos.am263px.r5f.ti-arm-clang.release.lib : TimerP_rti.obj (.rodata.str1.11444276866610683881)
                  70056b08    00000037                                                 : SemaphoreP_nortos.obj (.rodata.str1.52751030918495836841)
                  70056b3f    00000036     ti_drivers_open_close.o (.rodata.str1.10252002122772422448.1)
                  70056b75    00000035     ti_drivers_open_close.o (.rodata.str1.17551203406305493380.1)
                  70056baa    00000035     ti_drivers_open_close.o (.rodata.str1.2554706296470369595.1)
                  70056bdf    00000032     drivers.am263px.r5f.ti-arm-clang.release.lib : adc.obj (.rodata.str1.104222482920253680151)
                  70056c11    00000032                                                  : adc.obj (.rodata.str1.137023953294967812531)
                  70056c43    00000030     ti_drivers_open_close.o (.rodata.str1.14200658025495415368.1)
                  70056c73    0000002e     nortos.am263px.r5f.ti-arm-clang.release.lib : ClockP_nortos.obj (.rodata.str1.39419159632632580371)
                  70056ca1    0000002d     high_side_switches_test.o (.rodata.str1.7933358891689741298.1)
                  70056cce    0000002a     nortos.am263px.r5f.ti-arm-clang.release.lib : DebugP_log.obj (.rodata.str1.8882360920750446361)
                  70056cf8    00000028     ti_drivers_open_close.o (.rodata.str1.10490786615736436564.1)
                  70056d20    00000028     ti_drivers_open_close.o (.rodata.str1.7332975063418302059.1)
                  70056d48    00000027     nortos.am263px.r5f.ti-arm-clang.release.lib : ClockP_nortos_r5.obj (.rodata.str1.91622226613999981811)
                  70056d6f    00000025     ti_drivers_open_close.o (.rodata.str1.7750254725308216577.1)
                  70056d94    00000024     drivers.am263px.r5f.ti-arm-clang.release.lib : edma.obj (.rodata.str1.164918382464449145851)
                  70056db8    00000023     high_side_switches_test.o (.rodata.str1.13124111483631598124.1)
                  70056ddb    00000023     nortos.am263px.r5f.ti-arm-clang.release.lib : ClockP_nortos_r5.obj (.rodata.str1.136646522816104227591)
                  70056dfe    00000023     ti_drivers_open_close.o (.rodata.str1.15574074207268991336.1)
                  70056e21    00000023     drivers.am263px.r5f.ti-arm-clang.release.lib : soc_rcm.obj (.rodata.str1.15813086600912413471)
                  70056e44    00000022                                                  : edma.obj (.rodata.str1.6611792697437713481)
                  70056e66    00000021     nortos.am263px.r5f.ti-arm-clang.release.lib : ClockP_nortos_r5.obj (.rodata.str1.99041146818411950391)
                  70056e87    00000001     --HOLE-- [fill = 0]
                  70056e88    00000020     drivers.am263px.r5f.ti-arm-clang.release.lib : uart_v0_lld.obj (.rodata.cst32)
                  70056ea8    00000020                                                  : uart_v0.obj (.rodata.str1.150767988884773108331)
                  70056ec8    0000001f     nortos.am263px.r5f.ti-arm-clang.release.lib : SemaphoreP_nortos.obj (.rodata.str1.25281168886080794691)
                  70056ee7    0000001f                                                 : ClockP_nortos_r5.obj (.rodata.str1.25349503636762439021)
                  70056f06    0000001f     ti_drivers_open_close.o (.rodata.str1.871795152488895636.1)
                  70056f25    0000001e     high_side_switches_test.o (.rodata.str1.1119271901327643076.1)
                  70056f43    0000001e     high_side_switches_test.o (.rodata.str1.11813971491494753770.1)
                  70056f61    0000001e     high_side_switches_test.o (.rodata.str1.13093610007778745829.1)
                  70056f7f    0000001e     drivers.am263px.r5f.ti-arm-clang.release.lib : mcspi_v0.obj (.rodata.str1.144400815220210358851)
                  70056f9d    0000001e     high_side_switches_test.o (.rodata.str1.15710131967739624008.1)
                  70056fbb    0000001d     high_side_switches_test.o (.rodata.str1.11848354149794924704.1)
                  70056fd8    0000001d     high_side_switches_test.o (.rodata.str1.12548968973281711919.1)
                  70056ff5    0000001d     ti_drivers_open_close.o (.rodata.str1.13083909648175487149.1)
                  70057012    0000001d     drivers.am263px.r5f.ti-arm-clang.release.lib : uart_v0.obj (.rodata.str1.142814395268246240721)
                  7005702f    0000001d     high_side_switches_test.o (.rodata.str1.16953380039887356756.1)
                  7005704c    0000001d     drivers.am263px.r5f.ti-arm-clang.release.lib : mcspi_v0.obj (.rodata.str1.171925388543524077211)
                  70057069    0000001d     high_side_switches_test.o (.rodata.str1.2257051423552638417.1)
                  70057086    0000001d     nortos.am263px.r5f.ti-arm-clang.release.lib : TimerP_rti.obj (.rodata.str1.43953063565973961451)
                  700570a3    0000001d                                                 : TimerP_rti.obj (.rodata.str1.93855040560573089411)
                  700570c0    0000001b     drivers.am263px.r5f.ti-arm-clang.release.lib : edma.obj (.rodata.str1.16266241636797238661)
                  700570db    0000001b     nortos.am263px.r5f.ti-arm-clang.release.lib : ClockP_nortos.obj (.rodata.str1.47646432807403639741)
                  700570f6    0000001b     ti_drivers_open_close.o (.rodata.str1.5509699957385355460.1)
                  70057111    0000001a     drivers.am263px.r5f.ti-arm-clang.release.lib : edma.obj (.rodata.str1.124702968117785801901)
                  7005712b    0000001a     nortos.am263px.r5f.ti-arm-clang.release.lib : ClockP_nortos_r5.obj (.rodata.str1.133203246495064227641)
                  70057145    0000001a     drivers.am263px.r5f.ti-arm-clang.release.lib : soc_rcm.obj (.rodata.str1.153801437654618082741)
                  7005715f    0000001a                                                  : mcspi_v0.obj (.rodata.str1.169212516063846095031)
                  70057179    0000001a     high_side_switches_test.o (.rodata.str1.4589101254017609906.1)
                  70057193    0000001a     drivers.am263px.r5f.ti-arm-clang.release.lib : mcspi_v0.obj (.rodata.str1.99640994410596514241)
                  700571ad    00000019     ti_drivers_open_close.o (.rodata.str1.14059614886583751700.1)
                  700571c6    00000019     nortos.am263px.r5f.ti-arm-clang.release.lib : TimerP_rti.obj (.rodata.str1.168886728349324121321)
                  700571df    00000019     ti_drivers_open_close.o (.rodata.str1.5293217666052239616.1)
                  700571f8    00000018     drivers.am263px.r5f.ti-arm-clang.release.lib : soc.obj (.rodata..Lswitch.table.SOC_getAdcReferenceStatus)
                  70057210    00000018                                                  : soc_rcm.obj (.rodata.gControlssPllClkSrcValMap)
                  70057228    00000018                                                  : soc_rcm.obj (.rodata.gCptsClkSrcValMap)
                  70057240    00000018                                                  : soc_rcm.obj (.rodata.gI2cClkSrcValMap)
                  70057258    00000018                                                  : soc_rcm.obj (.rodata.gLinUartClkSrcValMap)
                  70057270    00000018                                                  : soc_rcm.obj (.rodata.gPeripheralClkSrcInfoMap)
                  70057288    00000018                                                  : soc_rcm.obj (.rodata.gRtiClkSrcValMap)
                  700572a0    00000018                                                  : soc_rcm.obj (.rodata.gWdtClkSrcValMap)
                  700572b8    00000018     nortos.am263px.r5f.ti-arm-clang.release.lib : TimerP_rti.obj (.rodata.str1.52901684130585691821)
                  700572d0    00000018     drivers.am263px.r5f.ti-arm-clang.release.lib : uart_v0.obj (.rodata.str1.9069738176458784971)
                  700572e8    00000017     high_side_switches_test.o (.rodata.str1.10599358813590870618.1)
                  700572ff    00000017     high_side_switches_test.o (.rodata.str1.12003990302188778440.1)
                  70057316    00000017     high_side_switches_test.o (.rodata.str1.12817767205871238120.1)
                  7005732d    00000017     high_side_switches_test.o (.rodata.str1.13651669787999916195.1)
                  70057344    00000017     high_side_switches_test.o (.rodata.str1.13995482981803697570.1)
                  7005735b    00000017     high_side_switches_test.o (.rodata.str1.14039295944859022773.1)
                  70057372    00000017     drivers.am263px.r5f.ti-arm-clang.release.lib : soc_rcm.obj (.rodata.str1.141251745167226470741)
                  70057389    00000017     ti_drivers_open_close.o (.rodata.str1.1628183244885117158.1)
                  700573a0    00000017     high_side_switches_test.o (.rodata.str1.16508923316539007443.1)
                  700573b7    00000017     high_side_switches_test.o (.rodata.str1.734333594255251261.1)
                  700573ce    00000016     drivers.am263px.r5f.ti-arm-clang.release.lib : soc_rcm.obj (.rodata.str1.107645048611228328791)
                  700573e4    00000016                                                  : soc_rcm.obj (.rodata.str1.177369307189295936511)
                  700573fa    00000016                                                  : soc_rcm.obj (.rodata.str1.63555232926284281011)
                  70057410    00000016                                                  : mcspi_v0.obj (.rodata.str1.85423015064808713541)
                  70057426    00000015     ti_drivers_open_close.o (.rodata.str1.11521962449680083383.1)
                  7005743b    00000015     drivers.am263px.r5f.ti-arm-clang.release.lib : edma.obj (.rodata.str1.149652404363315708211)
                  70057450    00000015     ti_drivers_open_close.o (.rodata.str1.17912154466570466874.1)
                  70057465    00000015     drivers.am263px.r5f.ti-arm-clang.release.lib : adc.obj (.rodata.str1.20431844208594508061)
                  7005747a    00000015     nortos.am263px.r5f.ti-arm-clang.release.lib : SemaphoreP_nortos.obj (.rodata.str1.30861210816963497001)
                  7005748f    00000014     drivers.am263px.r5f.ti-arm-clang.release.lib : mcspi_v0_lld.obj (.rodata.str1.147988882001261723701)
                  700574a3    00000014                                                  : edma.obj (.rodata.str1.176595599180530855901)
                  700574b7    00000014                                                  : mcspi_v0.obj (.rodata.str1.34611452835214624521)
                  700574cb    00000014     ti_drivers_open_close.o (.rodata.str1.3622116258035701796.1)
                  700574df    00000014     drivers.am263px.r5f.ti-arm-clang.release.lib : edma.obj (.rodata.str1.41785049815304208531)
                  700574f3    00000014                                                  : edma.obj (.rodata.str1.93700429500326477781)
                  70057507    00000013                                                  : soc_rcm.obj (.rodata.str1.30734103837947208761)
                  7005751a    00000013                                                  : uart_v0.obj (.rodata.str1.9980655952161290391)
                  7005752d    00000012                                                  : uart_v0.obj (.rodata.str1.166492982902436568231)
                  7005753f    00000012                                                  : uart_v0.obj (.rodata.str1.171120843061886446841)
                  70057551    00000012                                                  : edma.obj (.rodata.str1.41579851849113419871)
                  70057563    00000012     ti_drivers_open_close.o (.rodata.str1.6538372684047993024.1)
                  70057575    00000012     drivers.am263px.r5f.ti-arm-clang.release.lib : soc_rcm.obj (.rodata.str1.67217821191364965911)
                  70057587    00000011     ti_drivers_open_close.o (.rodata.str1.12213835641041270557.1)
                  70057598    00000011     drivers.am263px.r5f.ti-arm-clang.release.lib : uart_v0.obj (.rodata.str1.16967668833904919061)
                  700575a9    00000011                                                  : edma.obj (.rodata.str1.28692048193800818901)
                  700575ba    00000011     nortos.am263px.r5f.ti-arm-clang.release.lib : ClockP_nortos.obj (.rodata.str1.37923443167824241621)
                  700575cb    00000011     ti_drivers_open_close.o (.rodata.str1.6292539624901818759.1)
                  700575dc    00000010     drivers.am263px.r5f.ti-arm-clang.release.lib : soc.obj (.rodata.cst16)
                  700575ec    00000010                                                  : mcspi_v0.obj (.rodata.str1.153145657127816401141)
                  700575fc    00000010     high_side_switches_test.o (.rodata.str1.16653483977201515417.1)
                  7005760c    00000010     drivers.am263px.r5f.ti-arm-clang.release.lib : edma.obj (.rodata.str1.18778444954996405781)
                  7005761c    00000010     ti_drivers_open_close.o (.rodata.str1.5205884736402799790.1)
                  7005762c    0000000f     drivers.am263px.r5f.ti-arm-clang.release.lib : edma.obj (.rodata.str1.111354322338949310841)
                  7005763b    0000000f                                                  : edma.obj (.rodata.str1.144551280152329776181)
                  7005764a    0000000f                                                  : edma.obj (.rodata.str1.2759273541325923811)
                  70057659    0000000f                                                  : mcspi_v0.obj (.rodata.str1.43973954253821070511)
                  70057668    0000000f                                                  : edma.obj (.rodata.str1.92547749779646142691)
                  70057677    0000000e     ti_drivers_open_close.o (.rodata.str1.16112177131852734107.1)
                  70057685    0000000e     drivers.am263px.r5f.ti-arm-clang.release.lib : edma.obj (.rodata.str1.19244332700943948511)
                  70057693    0000000e                                                  : edma.obj (.rodata.str1.46057082369026546831)
                  700576a1    0000000e                                                  : edma.obj (.rodata.str1.46782315602798139861)
                  700576af    0000000d     ti_drivers_open_close.o (.rodata.str1.10450075619424269387.1)
                  700576bc    0000000d     nortos.am263px.r5f.ti-arm-clang.release.lib : TimerP_rti.obj (.rodata.str1.105385333823317069951)
                  700576c9    0000000d     drivers.am263px.r5f.ti-arm-clang.release.lib : edma.obj (.rodata.str1.121775923823351643201)
                  700576d6    0000000d     ti_drivers_open_close.o (.rodata.str1.16905510790704221133.1)
                  700576e3    0000000d     nortos.am263px.r5f.ti-arm-clang.release.lib : TimerP_rti.obj (.rodata.str1.172059160023720313971)
                  700576f0    0000000d     high_side_switches_test.o (.rodata.str1.17484411909268486814.1)
                  700576fd    0000000d     high_side_switches_test.o (.rodata.str1.1868373898577172781.1)
                  7005770a    0000000d     high_side_switches_test.o (.rodata.str1.206217798459479764.1)
                  70057717    0000000d     high_side_switches_test.o (.rodata.str1.2673686764756743006.1)
                  70057724    0000000d     high_side_switches_test.o (.rodata.str1.3491370474819563287.1)
                  70057731    0000000d     high_side_switches_test.o (.rodata.str1.5818495971957845405.1)
                  7005773e    0000000d     drivers.am263px.r5f.ti-arm-clang.release.lib : adc.obj (.rodata.str1.70150695697723348971)
                  7005774b    00000001     --HOLE-- [fill = 0]
                  7005774c    0000000c                                                  : mcspi_v0_lld.obj (.rodata..Lswitch.table.MCSPI_lld_controllerIsr.1)
                  70057758    0000000c                                                  : mcspi_v0_lld.obj (.rodata..Lswitch.table.MCSPI_lld_controllerIsr)
                  70057764    0000000c                                                  : soc.obj (.rodata..Lswitch.table.SOC_enableAdcReferenceMonitor)
                  70057770    0000000c     nortos.am263px.r5f.ti-arm-clang.release.lib : ClockP_nortos_r5.obj (.rodata.str1.177642182983587376931)
                  7005777c    0000000c     drivers.am263px.r5f.ti-arm-clang.release.lib : mcspi_v0.obj (.rodata.str1.69169362540279301091)
                  70057788    0000000c                                                  : edma.obj (.rodata.str1.73371482538137472541)
                  70057794    0000000b                                                  : mcspi_v0.obj (.rodata.str1.169287378047891341191)
                  7005779f    0000000b                                                  : uart_v0.obj (.rodata.str1.174466331461201984741)
                  700577aa    0000000b                                                  : uart_v0.obj (.rodata.str1.23952661867579505821)
                  700577b5    0000000b                                                  : mcspi_v0.obj (.rodata.str1.248655060218483491)
                  700577c0    0000000b                                                  : edma.obj (.rodata.str1.8716574913843167321)
                  700577cb    0000000a                                                  : soc_rcm.obj (.rodata.str1.102656642322745120751)
                  700577d5    0000000a                                                  : edma.obj (.rodata.str1.11281620503267214511)
                  700577df    0000000a                                                  : uart_v0.obj (.rodata.str1.4680544719311723101)
                  700577e9    0000000a                                                  : edma.obj (.rodata.str1.94390198658697638781)
                  700577f3    0000000a                                                  : uart_v0.obj (.rodata.str1.98976386761529848021)
                  700577fd    00000006                                                  : soc_rcm.obj (.rodata.str1.53743240983164125611)
                  70057803    00000005     nortos.am263px.r5f.ti-arm-clang.release.lib : printf.obj (.rodata.str1.143852280595428356391)
                  70057808    00000005                                                 : printf.obj (.rodata.str1.23318557076440195721)
                  7005780d    00000003     --HOLE-- [fill = 0]
                  70057810    00000004                                                 : CacheP_armv7r.obj (.rodata.gCacheL1dCacheLineSize)
                  70057814    00000004                                                 : CacheP_armv7r.obj (.rodata.gCacheL1pCacheLineSize)
                  70057818    00000004                                                 : printf.obj (.rodata.str1.122320159353749299121)
                  7005781c    00000004                                                 : printf.obj (.rodata.str1.81101573233442303481)

.text.hwi 
*          0    70057820    00000978     
                  70057820    000003f8     nortos.am263px.r5f.ti-arm-clang.release.lib : HwiP_armv7r_vim.obj (.text.hwi)
                  70057c18    0000038a                                                 : HwiP_armv7r_handlers_nortos.obj (.text.hwi)
                  70057fa2    00000002     --HOLE-- [fill = 0]
                  70057fa4    00000178                                                 : HwiP_armv7r_handlers_nortos_asm.obj (.text.hwi)
                  7005811c    00000070                                                 : HwiP_armv7r_asm.obj (.text.hwi)
                  7005818c    00000008                                                 : HwiP_armv7r_asm.obj (.tramp.HwiP_enableFIQ.1)
                  70058194    00000004     --HOLE-- [fill = 0]

.text.cache 
*          0    70058198    00000430     
                  70058198    00000340     nortos.am263px.r5f.ti-arm-clang.release.lib : CacheP_armv7r_asm.obj (.text.cache)
                  700584d8    000000d8                                                 : CacheP_armv7r.obj (.text.cache)
                  700585b0    00000008                                                 : CacheP_armv7r_asm.obj (.tramp.CacheP_invL1d.1)
                  700585b8    00000008                                                 : CacheP_armv7r_asm.obj (.tramp.CacheP_enableL1p.1)
                  700585c0    00000008                                                 : HwiP_armv7r_asm.obj (.tramp.HwiP_restore.2)

.text.mpu 
*          0    700585c8    00000218     
                  700585c8    00000190     nortos.am263px.r5f.ti-arm-clang.release.lib : MpuP_armv7r.obj (.text.mpu)
                  70058758    00000078                                                 : MpuP_armv7r_asm.obj (.text.mpu)
                  700587d0    00000008                                                 : HwiP_armv7r_asm.obj (.tramp.HwiP_restore.3)
                  700587d8    00000008                                                 : MpuP_armv7r_asm.obj (.tramp.MpuP_isEnableAsm.1)

.text.boot 
*          0    700587e0    00000190     
                  700587e0    00000144     nortos.am263px.r5f.ti-arm-clang.release.lib : boot_armv7r_asm.obj (.text.boot)
                  70058924    0000001e                                                 : DebugP_log.obj (.text.boot)
                  70058942    0000001c                                                 : boot_armv7r.obj (.text.boot)
                  7005895e    0000000e     ti_dpl_config.o (.text.boot)
                  7005896c    00000004     --HOLE-- [fill = 0]

.text:abort 
*          0    70058970    00000008     
                  70058970    00000008     libc.a : exit.c.obj (.text:abort)

.data      0    70058978    00000548     
                  70058978    000000f0     libc.a : defs.c.obj (.data._ftable)
                  70058a68    0000009c     drivers.am263px.r5f.ti-arm-clang.release.lib : mcspi_v0.obj (.data.gMcspiDrvObj)
                  70058b04    0000009c                                                  : uart_v0.obj (.data.gUartDrvObj)
                  70058ba0    00000078     libsysbm.a : host_device.c.obj (.data._device)
                  70058c18    00000064     ti_drivers_config.o (.data.gEdmaAttrs)
                  70058c7c    00000058     ti_pinmux_config.o (.data.gPinMuxMainDomainCfg)
                  70058cd4    00000058     ti_drivers_open_close.o (.data.gUartParams)
                  70058d2c    00000050     libsysbm.a : host_device.c.obj (.data._stream)
                  70058d7c    00000040     ti_drivers_open_close.o (.data.gSpi0ChCfg)
                  70058dbc    00000024     ti_drivers_config.o (.data.gMcspiAttrs)
                  70058de0    00000024     ti_power_clock_config.o (.data.gSocModulesClockFrequency)
                  70058e04    00000018     ti_dpl_config.o (.data.gClockConfig)
                  70058e1c    00000014     ti_drivers_open_close.o (.data.gMcspiOpenParams)
                  70058e30    0000000c     nortos.am263px.r5f.ti-arm-clang.release.lib : AddrTranslateP_32bit.obj (.data.gAddrTranslateConfig)
                  70058e3c    0000000c     ti_power_clock_config.o (.data.gSocModules)
                  70058e48    00000008     libc.a : exit.c.obj (.data..L_MergedGlobals)
                  70058e50    00000008     ti_drivers_config.o (.data.gEdmaConfig)
                  70058e58    00000008     ti_drivers_config.o (.data.gMcspiConfig)
                  70058e60    00000008     ti_drivers_config.o (.data.gUartAttrs)
                  70058e68    00000008     ti_drivers_config.o (.data.gUartConfig)
                  70058e70    00000008     nortos.am263px.r5f.ti-arm-clang.release.lib : PmuP_armv7r.obj (.data.pmu)
                  70058e78    00000004     libc.a : defs.c.obj (.data.__TI_ft_end)
                  70058e7c    00000004            : _lock.c.obj (.data._lock)
                  70058e80    00000004            : _lock.c.obj (.data._unlock)
                  70058e84    00000004     ti_drivers_open_close.o (.data.gConfigMcspiChCfg)
                  70058e88    00000004     nortos.am263px.r5f.ti-arm-clang.release.lib : DebugP_log.obj (.data.gDebugLogZone)
                  70058e8c    00000004                                                 : DebugP_uartLogWriter.obj (.data.gDebugP_uartDrvIndex)
                  70058e90    00000004     ti_drivers_config.o (.data.gEdmaConfigNum)
                  70058e94    00000004     ti_drivers_open_close.o (.data.gEdmaParams)
                  70058e98    00000004     ti_dpl_config.o (.data.gHwiConfig)
                  70058e9c    00000004     ti_drivers_config.o (.data.gMcspiConfigNum)
                  70058ea0    00000004     ti_drivers_open_close.o (.data.gMcspiDmaChConfig)
                  70058ea4    00000004     ti_drivers_config.o (.data.gMcspiNumCh)
                  70058ea8    00000004     high_side_switches_test.o (.data.gSpiHandle)
                  70058eac    00000004     ti_drivers_config.o (.data.gUartConfigNum)
                  70058eb0    00000004     ti_drivers_open_close.o (.data.gUartDmaChConfig)
                  70058eb4    00000001     drivers.am263px.r5f.ti-arm-clang.release.lib : soc.obj (.data.isMapAvailable)
                  70058eb5    00000003     --HOLE-- [fill = 0]
                  70058eb8    00000001     libc.a : memory.c.obj (.data.memory_is_initialized)
                  70058eb9    00000007     --HOLE-- [fill = 0]

.irqstack 
*          0    70058ec0    00000100     UNINITIALIZED
                  70058ec0    00000100     --HOLE--

.fiqstack 
*          0    70058fc0    00000100     UNINITIALIZED
                  70058fc0    00000100     --HOLE--

.svcstack 
*          0    700590c0    00001000     UNINITIALIZED
                  700590c0    00001000     --HOLE--

.abortstack 
*          0    7005a0c0    00000100     UNINITIALIZED
                  7005a0c0    00000100     --HOLE--

.undefinedstack 
*          0    7005a1c0    00000100     UNINITIALIZED
                  7005a1c0    00000100     --HOLE--

.init_array 
*          0    70040000    00000000     UNINITIALIZED

MODULE SUMMARY

       Module                                code    ro data   rw data
       ------                                ----    -------   -------
    .\
       high_side_switches_test.o             2204    620       4      
       main.o                                28      0         0      
    +--+-------------------------------------+-------+---------+---------+
       Total:                                2232    620       4      
                                                                      
    .\syscfg\
       ti_drivers_open_close.o               2248    757       200    
       ti_drivers_config.o                   158     0         2112   
       ti_dpl_config.o                       86      116       28     
       ti_power_clock_config.o               180     0         48     
       ti_pinmux_config.o                    14      0         88     
       ti_board_open_close.o                 6       0         0      
       ti_board_config.o                     4       0         0      
    +--+-------------------------------------+-------+---------+---------+
       Total:                                2696    873       2476   
                                                                      
    C:/ti/mcu_plus_sdk_am263px_10_01_00_34/source/drivers/lib/drivers.am263px.r5f.ti-arm-clang.release.lib
       edma.obj                              4306    413       0      
       mcspi_v0_lld.obj                      4544    116       0      
       soc_rcm.obj                           2454    443       0      
       uart_v0_lld.obj                       2862    32        0      
       uart_v0.obj                           1760    199       156    
       mcspi_v0.obj                          1592    299       156    
       mcspi_dma_edma.obj                    1682    0         0      
       uart_dma_edma.obj                     1416    0         0      
       soc.obj                               906     52        17     
       adc.obj                               154     134       0      
       gpio.obj                              64      0         0      
       pinmux.obj                            64      0         0      
    +--+-------------------------------------+-------+---------+---------+
       Total:                                21804   1688      329    
                                                                      
    C:/ti/mcu_plus_sdk_am263px_10_01_00_34/source/kernel/nortos/lib/nortos.am263px.r5f.ti-arm-clang.release.lib
       printf.obj                            4052    98        0      
       HwiP_armv7r_vim.obj                   1016    0         2060   
       HwiP_armv7r_handlers_nortos.obj       906     0         0      
       CacheP_armv7r_asm.obj                 848     0         0      
       ClockP_nortos.obj                     654     90        56     
       TimerP_rti.obj                        404     194       0      
       ClockP_nortos_r5.obj                  266     176       0      
       SemaphoreP_nortos.obj                 328     107       0      
       MpuP_armv7r.obj                       400     0         0      
       HwiP_armv7r_handlers_nortos_asm.obj   376     0         0      
       boot_armv7r_asm.obj                   324     0         0      
       CacheP_armv7r.obj                     216     8         0      
       DebugP_log.obj                        122     42        4      
       HwiP_armv7r_asm.obj                   152     0         0      
       MpuP_armv7r_asm.obj                   128     0         0      
       PmuP_armv7r.obj                       96      0         8      
       AddrTranslateP_32bit.obj              82      0         12     
       DebugP_uartLogWriter.obj              70      0         4      
       HwiP_armv7r_vectors_nortos_asm.obj    64      0         0      
       DebugP_nortos.obj                     56      0         0      
       PmuP_armv7r_asm.obj                   56      0         0      
       boot_armv7r.obj                       28      0         0      
       CpuId_armv7r.obj                      26      0         0      
       CpuId_armv7r_asm.obj                  12      0         0      
       TaskP_nortos.obj                      2       0         0      
    +--+-------------------------------------+-------+---------+---------+
       Total:                                10684   715       2144   
                                                                      
    C:\ti\ccs2011\ccs\tools\compiler\ti-cgt-armllvm_4.0.2.LTS\lib\armv7r-ti-none-eabihf/c/libc.a
       memory.c.obj                          1136    0         5      
       strcmp32.S.obj                        924     0         0      
       defs.c.obj                            0       0         404    
       setvbuf.c.obj                         324     0         0      
       getdevice.c.obj                       284     0         0      
       fputc.c.obj                           256     0         0      
       fseek.c.obj                           184     0         0      
       fclose.c.obj                          176     0         0      
       _io_perm.c.obj                        156     0         0      
       fflush.c.obj                          136     0         0      
       exit.c.obj                            92      0         8      
       fopen.c.obj                           88      0         0      
       autoinit.c.obj                        84      0         0      
       memcpy32.S.obj                        28      0         0      
       memset32.S.obj                        24      0         0      
       _lock.c.obj                           4       0         8      
    +--+-------------------------------------+-------+---------+---------+
       Total:                                3896    0         425    
                                                                      
    C:\ti\ccs2011\ccs\tools\compiler\ti-cgt-armllvm_4.0.2.LTS\lib\armv7r-ti-none-eabihf/c/libsysbm.a
       trgmsg.c.obj                          176     0         288    
       hostrename.c.obj                      216     0         0      
       host_device.c.obj                     0       0         200    
       hostopen.c.obj                        148     0         8      
       hostlseek.c.obj                       152     0         0      
       close.c.obj                           140     0         0      
       hostread.c.obj                        132     0         0      
       hostwrite.c.obj                       132     0         0      
       hostunlink.c.obj                      108     0         0      
       hostclose.c.obj                       96      0         0      
       unlink.c.obj                          72      0         0      
       lseek.c.obj                           52      0         0      
       write.c.obj                           52      0         0      
       hostexit.c.obj                        8       0         0      
       remove.c.obj                          4       0         0      
    +--+-------------------------------------+-------+---------+---------+
       Total:                                1488    0         496    
                                                                      
    C:\ti\ccs2011\ccs\tools\compiler\ti-cgt-armllvm_4.0.2.LTS\lib\armv7r-ti-none-eabihf/libclang_rt.builtins.a
       udivmoddi4.S.obj                      280     0         0      
       aeabi_uldivmod.S.obj                  36      0         0      
       aeabi_memset.S.obj                    28      0         0      
       aeabi_div0.c.obj                      4       0         0      
       aeabi_memcpy.S.obj                    4       0         0      
    +--+-------------------------------------+-------+---------+---------+
       Total:                                352     0         0      
                                                                      
       Heap:                                 0       0         32768  
       Stack:                                0       0         16384  
    +--+-------------------------------------+-------+---------+---------+
       Grand Total:                          43152   3896      55026  

VENEERS

callee name               veneer name
   callee addr  veneer addr  call addr  call info
--------------  -----------  ---------  ----------------
HwiP_enableFIQ            $Ven$TA$L$PI$$HwiP_enableFIQ
   7005814c     7005818c     70057c02   nortos.am263px.r5f.ti-arm-clang.release.lib : HwiP_armv7r_vim.obj (.text.hwi)
CacheP_invL1d             $Ven$TA$L$PI$$CacheP_invL1d
   70058208     700585b0     700585ac   nortos.am263px.r5f.ti-arm-clang.release.lib : CacheP_armv7r.obj (.text.cache)
CacheP_enableL1p          $Ven$TA$L$PI$$CacheP_enableL1p
   700581f0     700585b8     70058586   nortos.am263px.r5f.ti-arm-clang.release.lib : CacheP_armv7r.obj (.text.cache)
HwiP_restore              $Ven$TA$L$PI$$HwiP_restore
   7005815c     700585c0     70058566   nortos.am263px.r5f.ti-arm-clang.release.lib : CacheP_armv7r.obj (.text.cache)
HwiP_restore              $Ven$TA$L$PI$$HwiP_restore
   7005815c     700587d0     700586b4   nortos.am263px.r5f.ti-arm-clang.release.lib : MpuP_armv7r.obj (.text.mpu)
                             700586f2                                               : MpuP_armv7r.obj (.text.mpu)
MpuP_isEnableAsm          $Ven$TA$L$PI$$MpuP_isEnableAsm
   700587a8     700587d8     70058684   nortos.am263px.r5f.ti-arm-clang.release.lib : MpuP_armv7r.obj (.text.mpu)
HwiP_enable               $Ven$TA$L$PI$$HwiP_enable
   7005813c     700568bc     70055eca   ti_dpl_config.o (.text.Dpl_init)
HwiP_restore              $Ven$TA$L$PI$$HwiP_restore
   7005815c     700568c4     70055a9c   nortos.am263px.r5f.ti-arm-clang.release.lib : ClockP_nortos.obj (.text.ClockP_stop)
                             70055d0e                                               : ClockP_nortos.obj (.text.ClockP_destruct)
                             70055e96                                               : ClockP_nortos.obj (.text.ClockP_start)
                             70056102                                               : SemaphoreP_nortos.obj (.text.SemaphoreP_post)
PmuP_enableCounters       $Ven$TA$L$PI$$PmuP_enableCounters
   70056148     700568cc     70054ed0   nortos.am263px.r5f.ti-arm-clang.release.lib : PmuP_armv7r.obj (.text.pmu)

[9 trampolines]
[13 trampoline calls]


GLOBAL SYMBOLS: SORTED ALPHABETICALLY BY Name 

address   name                              
-------   ----                              
70056723  ADC_setMode                       
70054291  ADC_setPPBTripLimits              
700553d9  AddrTranslateP_getLocalAddr       
7004e063  Board_deinit                      
7005189b  Board_driversClose                
70056899  Board_driversOpen                 
70052117  Board_init                        
70056874  C$$EXIT                           
700551cc  C$$IO$$                           
700565b1  CSL_armR5GetCpuID                 
70056824  CSL_armR5ReadMpidrReg             
700584a8  CacheP_configForceWrThru          
70058531  CacheP_disable                    
70058198  CacheP_disableL1d                 
700581c0  CacheP_disableL1p                 
7005856b  CacheP_enable                     
700581d8  CacheP_enableL1d                  
700581f0  CacheP_enableL1p                  
7005849c  CacheP_getCacheLevelInfo          
70058464  CacheP_getEnabled                 
700584d9  CacheP_init                       
7005858b  CacheP_inv                        
70058208  CacheP_invL1d                     
7005827c  CacheP_invL1dAll                  
70058240  CacheP_invL1p                     
70058284  CacheP_invL1pAll                  
700584c8  CacheP_setDLFO                    
7005828c  CacheP_wb                         
70058304  CacheP_wbAll                      
700582c8  CacheP_wbInv                      
700583ac  CacheP_wbInvAll                   
700583c4  CacheP_wbInvAllAsm                
70056831  ClockP_Params_init                
7005547d  ClockP_construct                  
70055cd9  ClockP_destruct                   
700567db  ClockP_getTicks                   
700551d9  ClockP_getTimeUsec                
7005689d  ClockP_getTimerCount              
70052879  ClockP_init                       
7005684d  ClockP_isActive                   
70055e67  ClockP_start                      
70055a61  ClockP_stop                       
700568a1  ClockP_timerClearOverflowInt      
70054f01  ClockP_timerTickIsr               
700566d3  ClockP_usecToTicks                
70056071  ClockP_usleep                     
70056138  CycleCounterP_getCount32          
70054ea1  CycleCounterP_init                
70054ed5  CycleCounterP_nsToTicks           
70054eb1  CycleCounterP_reset               
70055d13  DebugP_uartLogWriterPutChar       
700567e7  DebugP_uartSetDrvIndex            
7005297b  Dpl_deinit                        
70055e9b  Dpl_init                          
7004d93d  Drivers_adcOpen                   
70055aa1  Drivers_close                     
7005560b  Drivers_edmaOpen                  
70055659  Drivers_mcspiOpen                 
700548ad  Drivers_open                      
700556a7  Drivers_uartOpen                  
700554cd  EDMA_allocDmaChannel              
7005551d  EDMA_allocParam                   
7005556d  EDMA_allocTcc                     
700567b1  EDMA_ccPaRAMEntry_init            
70054a81  EDMA_close                        
70055e31  EDMA_clrMissEvtRegion             
70053e9f  EDMA_configureChannelRegion       
70051345  EDMA_deinit                       
700556f5  EDMA_disableChInShadowRegRegion   
70054b61  EDMA_disableTransferRegion        
70056169  EDMA_enableChInShadowRegRegion    
70054bcf  EDMA_enableTransferRegion         
700503b5  EDMA_freeChannelRegion            
700539b5  EDMA_freeDmaChannel               
70053a55  EDMA_freeParam                    
70053af5  EDMA_freeTcc                      
70055c61  EDMA_getBaseAddr                  
700566e7  EDMA_getRegionId                  
7004faa1  EDMA_init                         
700567f3  EDMA_isInitialized                
7005683b  EDMA_isInterruptEnabled           
7005640d  EDMA_linkChannel                  
70055ae1  EDMA_mapChToEvtQ                  
700537c1  EDMA_open                         
700565cb  EDMA_readEventStatusRegion        
700532dd  EDMA_registerIntr                 
700562e9  EDMA_setPaRAM                     
700560a3  EDMA_unmapChToEvtQ                
70052e39  EDMA_unregisterIntr               
700580dc  GET_ADFSR                         
700580f4  GET_AIFSR                         
700580e4  GET_DFAR                          
700580d4  GET_DFSR                          
700580fc  GET_IFAR                          
700580ec  GET_IFSR                          
[...]
70058e8c  gDebugP_uartDrvIndex              
70058e50  gEdmaConfig                       
70058e90  gEdmaConfigNum                    
700411a8  gEdmaHandle                       
70058e94  gEdmaParams                       
70058e98  gHwiConfig                        
70040000  gHwiCtrl                          
70058e58  gMcspiConfig                      
70058e9c  gMcspiConfigNum                   
70058ea0  gMcspiDmaChConfig                 
70058978  gMcspiDmaHandle                   
700411ac  gMcspiHandle                      
70058ea4  gMcspiNumCh                       
70058e1c  gMcspiOpenParams                  
700568e8  gMpuConfig                        
700568f4  gMpuRegionConfig                  
70057270  gPeripheralClkSrcInfoMap          
70058e3c  gSocModules                       
70058de0  gSocModulesClockFrequency         
70058d7c  gSpi0ChCfg                        
70058ea8  gSpiHandle                        
70058e68  gUartConfig                       
70058eac  gUartConfigNum                    
70058eb0  gUartDmaChConfig                  
70058978  gUartDmaHandle                    
700411b0  gUartHandle                       
70058cd4  gUartParams                       
70052fd0  getdevice                         
7004d1c1  high_side_switches_test           
70058eb4  isMapAvailable                    
70056008  lseek                             
70056541  main                              
70056818  malloc                            
70050e7c  memalign                          
70041198  parmbuf                           
700567a0  putchar                           
7005677d  putchar_                          
700568b8  remove                            
7005189c  setvbuf                           
7004eec0  strcmp                            
7005594c  unlink                            
70041188  virtToPhymap                      
700563e9  vprintf_                          
7005603c  write                             


GLOBAL SYMBOLS: SORTED BY Symbol Address 

address   name                              
-------   ----                              
00000000  __TI_ATRegion0_region_sz          
00000000  __TI_ATRegion0_src_addr           
00000000  __TI_ATRegion0_trg_addr           
00000000  __TI_ATRegion1_region_sz          
00000000  __TI_ATRegion1_src_addr           
00000000  __TI_ATRegion1_trg_addr           
00000000  __TI_ATRegion2_region_sz          
00000000  __TI_ATRegion2_src_addr           
00000000  __TI_ATRegion2_trg_addr           
00000000  __TI_static_base__                
00000000  _vectors                          
00000100  __ABORT_STACK_SIZE                
00000100  __FIQ_STACK_SIZE                  
00000100  __IRQ_STACK_SIZE                  
00000100  __UNDEFINED_STACK_SIZE            
00001000  __SVC_STACK_SIZE                  
00004000  __STACK_SIZE                      
00008000  __SYSMEM_SIZE                     
70040000  __BSS_START                       
70040000  gHwiCtrl                          
70040f28  _CIOBUF_                          
70040f28  __CIOBUF_                         
70041048  __TI_tmpnams                      
70041150  gClockCtrl                        
70041188  virtToPhymap                      
70041198  parmbuf                           
700411a8  gEdmaHandle                       
700411ac  gMcspiHandle                      
700411b0  gUartHandle                       
700411b8  __BSS_END                         
700411b8  _sys_memory                       
700491b8  __stack                           
7004d1b8  __STACK_END                       
7004d1c1  high_side_switches_test           
7004d93d  Drivers_adcOpen                   
7004e063  Board_deinit                      
7004e5e5  SOC_rcmEnablePeripheralClock      
7004eeb1  UART_intr2Disable                 
7004eec0  strcmp                            
7004f561  UART_open                         
7004f809  MCSPI_open                        
7004faa1  EDMA_init                         
7004fd1d  SOC_rcmSetPeripheralClock         
700503b5  EDMA_freeChannelRegion            
700505b9  MCSPI_lld_controllerIsr           
700507a1  MCSPI_lld_dmaTransfer             
7005096d  MCSPI_lld_dmaChInit               
70050cd4  free                              
70050e7c  aligned_alloc                     
70050e7c  memalign                          
70051021  UART_lld_dmaInit                  
700511b5  MCSPI_transfer                    
70051345  EDMA_deinit                       
700514a5  UART_lld_controllerIsr            
70051601  UART_lld_dmaDeInit                
7005174f  MCSPI_lld_dmaDeInit               
7005189b  Board_driversClose                
7005189c  setvbuf                           
700519e1  TimerP_setup                      
70051b21  SOC_virtToPhy                     
70051c5d  UART_close                        
70051d95  MCSPI_lld_readWrite               
70051ffb  MCSPI_lld_readWriteIntr           
70052117  Board_init                        
70052230  __udivmoddi4                      
70052349  SOC_rcmGetPeripheralClockFrequency
7005245d  UART_lld_write                    
70052775  UART_lld_dmaWrite                 
70052879  ClockP_init                       
7005297b  Dpl_deinit                        
7005297d  MCSPI_close                       
70052a7d  UART_write                        
70052b79  MCSPI_lld_initDma                 
70052c6c  fputc                             
70052d5d  MCSPI_lld_readWriteDma            
70052e37  SemaphoreP_destruct               
70052e39  EDMA_unregisterIntr               
70052f05  UART_lld_initDma                  
70052fd0  getdevice                         
70053099  MCSPI_lld_init                    
7005315d  UART_lld_init                     
700532db  TaskP_yield                       
700532dd  EDMA_registerIntr                 
70053454  fseeko                            
70053508  __TI_closefile                    
700537c1  EDMA_open                         
700539b5  EDMA_freeDmaChannel               
70053a55  EDMA_freeParam                    
70053af5  EDMA_freeTcc                      
70053b94  HOSTrename                        
70053c35  UART_lld_dmaRead                  
70053cd4  __TI_wrt_ok                       
70053d70  HOSTlseek                         
70053e09  SemaphoreP_pend                   
70053e9f  EDMA_configureChannelRegion       
70053f34  HOSTopen                          
70054179  MCSPI_lld_peripheralIsr           
70054204  close                             
70054291  ADC_setPPBTripLimits              
70054319  UART_init                         
700543a1  UART_procLineStatusErr            
70054428  __TI_doflush                      
700544b0  HOSTread                          
70054534  HOSTwrite                         
7005463d  UART_flushTxFifo                  
700548ad  Drivers_open                      
70054925  MCSPI_init                        
70054a0f  MCSPI_stop                        
70054a81  EDMA_close                        
70054af1  MCSPI_lld_dmaStop                 
70054b61  EDMA_disableTransferRegion        
70054bcf  EDMA_enableTransferRegion         
70054c3c  HOSTunlink                        
70054ca9  UART_lld_writeIntr                
70054d11  UART_lld_writeDma                 
70054d79  SOC_controlModuleUnlockMMR        
70054ddd  SPI_ReadWrite                     
70054e40  HOSTclose                         
70054ea1  CycleCounterP_init                
70054eb1  CycleCounterP_reset               
70054ed5  CycleCounterP_nsToTicks           
70054f01  ClockP_timerTickIsr               
70054f5f  MCSPI_setChDataSize               
70054fbd  SOC_controlModuleLockMMR          
70055019  _DebugP_assert                    
70055075  GPIO_init                         
700550d0  __TI_cleanup                      
70055128  __TI_readmsg                      
70055180  __TI_writemsg                     
700551cc  C$$IO$$                           
700551d9  ClockP_getTimeUsec                
7005522f  UART_intrDisable                  
70055285  UART_writeCancelNoCB              
700552dc  exit                              
70055330  finddevice                        
70055384  __TI_auto_init_nobinit_nopinit    
700553d9  AddrTranslateP_getLocalAddr       
7005542b  MCSPI_lld_deInitDma               
7005547d  ClockP_construct                  
700554cd  EDMA_allocDmaChannel              
7005551d  EDMA_allocParam                   
7005556d  EDMA_allocTcc                     
7005560b  Drivers_edmaOpen                  
70055659  Drivers_mcspiOpen                 
700556a7  Drivers_uartOpen                  
700556f5  EDMA_disableChInShadowRegRegion   
70055791  MCSPI_transferCallback            
70055829  SOC_enableAdcReferenceMonitor     
70055875  SOC_enableAdcGlobalForce          
700558bd  SOC_enableAdcInternalReference    
7005594c  unlink                            
70055995  SOC_getAdcReferenceStatus         
700559d9  UART_Params_init                  
70055a1d  UART_lld_deInitDma                
70055a61  ClockP_stop                       
70055aa1  Drivers_close                     
70055ae1  EDMA_mapChToEvtQ                  
70055b21  Pinmux_config                     
70055b61  SemaphoreP_constructBinary        
70055ba1  UART_lld_deInit                   
70055c21  SemaphoreP_constructMutex         
70055c61  EDMA_getBaseAddr                  
70055cd9  ClockP_destruct                   
70055d13  DebugP_uartLogWriterPutChar       
70055d4d  Module_clockSetFrequency          
70055d87  UART_lld_flushTxFifo              
70055df9  _DebugP_logZone                   
70055e31  EDMA_clrMissEvtRegion             
70055e67  ClockP_start                      
70055e9b  Dpl_init                          
70055ecf  MCSPI_errorCallback               
70055f03  Module_clockDisable               
70055f37  Module_clockEnable                
70055f6d  SOC_enableAdcDacLoopback          
70056008  lseek                             
7005603c  write                             
70056071  ClockP_usleep                     
700560a3  EDMA_unmapChToEvtQ                
700560d5  SemaphoreP_post                   
70056138  CycleCounterP_getCount32          
70056140  PmuP_setup                        
70056148  PmuP_enableCounters               
70056150  PmuP_disableCounters              
70056158  PmuP_getOverflowStatus            
70056160  PmuP_clearOverflowStatus          
70056169  EDMA_enableChInShadowRegRegion    
700561c5  SOC_rcmGetR5Clock                 
700561f1  UART_getHandle                    
7005621d  System_init                       
7005626f  GPIO_setDirMode                   
700562c1  SOC_moduleSetClockFrequency       
700562e9  EDMA_setPaRAM                     
7005630f  UART_lld_dmaDisableChannel        
700563c4  __aeabi_uldivmod                  
700563e9  vprintf_                          
7005640d  EDMA_linkChannel                  
70056471  TimerP_Params_init                
70056491  UART_getChar                      
700564b1  UART_spaceAvail                   
70056507  MCSPI_lld_deInit                  
70056525  SOC_rcmIsR5FInLockStepMode        
70056541  main                              
70056594  TI_memcpy_small                   
700565b1  CSL_armR5GetCpuID                 
700565cb  EDMA_readEventStatusRegion        
700565e5  System_deinit                     
70056619  GPIO_pinRead                      
70056631  MCSPI_deinit                      
70056649  TimerP_getCount                   
70056661  UART_deinit                       
70056678  TI_memset_small                   
70056691  MCSPI_reset                       
700566a7  UART_IsTxRxFifoEmpty              
700566bd  UART_getIntrIdentityStatus        
700566d3  ClockP_usecToTicks                
700566e7  EDMA_getRegionId                  
700566fb  UART_Transaction_init             
70056723  ADC_setMode                       
70056735  MCSPI_lld_dmaInit                 
70056759  UART_operatingModeSelect          
7005676b  UART_readLineStatus               
7005677d  putchar_                          
70056790  __aeabi_memset                    
70056790  __aeabi_memset4                   
70056790  __aeabi_memset8                   
700567a0  putchar                           
700567b1  EDMA_ccPaRAMEntry_init            
700567bf  Pinmux_init                       
700567cd  PowerClock_init                   
700567db  ClockP_getTicks                   
700567e7  DebugP_uartSetDrvIndex            
700567f3  EDMA_isInitialized                
700567ff  SOC_getSelfCpuClk                 
7005680c  __aeabi_memclr                    
7005680c  __aeabi_memclr4                   
7005680c  __aeabi_memclr8                   
70056818  malloc                            
70056824  CSL_armR5ReadMpidrReg             
70056831  ClockP_Params_init                
7005683b  EDMA_isInterruptEnabled           
7005684d  ClockP_isActive                   
70056857  TimerP_getReloadCount             
70056861  TimerP_start                      
7005686b  UART_lld_Transaction_deInit       
70056874  C$$EXIT                           
70056874  HOSTexit                          
7005687d  TimerP_clearOverflowInt           
7005688d  SOC_moduleClockEnable             
70056899  Board_driversOpen                 
7005689d  ClockP_getTimerCount              
700568a1  ClockP_timerClearOverflowInt      
700568a5  PowerClock_deinit                 
700568a8  __aeabi_ldiv0                     
700568ac  __aeabi_memcpy                    
700568ac  __aeabi_memcpy4                   
700568ac  __aeabi_memcpy8                   
700568b0  _nop                              
700568b4  fseek                             
700568b8  remove                            
700568e0  gCacheConfig                      
700568e8  gMpuConfig                        
700568f4  gMpuRegionConfig                  
700569f8  gADPLLJConfigTbl                  
70057270  gPeripheralClkSrcInfoMap          
70057810  gCacheL1dCacheLineSize            
70057814  gCacheL1pCacheLineSize            
70057821  HwiP_enableInt                    
70057849  HwiP_disableInt                   
7005787b  HwiP_restoreInt                   
700578d1  HwiP_clearInt                     
700578f1  HwiP_post                         
70057919  HwiP_Params_init                  
7005792b  HwiP_construct                    
70057a73  HwiP_destruct                     
70057b45  HwiP_init                         
70057c07  HwiP_inISR                        
70057c19  HwiP_irq_handler_c                
70057c9d  HwiP_fiq_handler                  
70057d4d  HwiP_reserved_handler             
70057d7b  HwiP_user_undefined_handler_c     
70057da5  HwiP_undefined_handler_c          
70057dd3  HwiP_svc_handler                  
70057e01  HwiP_user_prefetch_abort_handler_c
70057e35  HwiP_prefetch_abort_handler_c     
70057ecd  HwiP_user_data_abort_handler_c    
70057f01  HwiP_data_abort_handler_c         
70057fa4  HwiP_irq_handler                  
70058018  HwiP_data_abort_handler           
7005805c  HwiP_prefetch_abort_handler       
7005808c  HwiP_undefined_handler            
700580d4  GET_DFSR                          
700580dc  GET_ADFSR                         
700580e4  GET_DFAR                          
700580ec  GET_IFSR                          
700580f4  GET_AIFSR                         
700580fc  GET_IFAR                          
70058104  GET_SPSR                          
7005811c  HwiP_disable                      
7005812c  HwiP_disableFIQ                   
7005813c  HwiP_enable                       
7005814c  HwiP_enableFIQ                    
7005815c  HwiP_restore                      
70058164  HwiP_enableVIC                    
70058174  HwiP_disableVIC                   
70058184  HwiP_getCPSR                      
70058198  CacheP_disableL1d                 
700581c0  CacheP_disableL1p                 
700581d8  CacheP_enableL1d                  
700581f0  CacheP_enableL1p                  
70058208  CacheP_invL1d                     
70058240  CacheP_invL1p                     
7005827c  CacheP_invL1dAll                  
70058284  CacheP_invL1pAll                  
7005828c  CacheP_wb                         
700582c8  CacheP_wbInv                      
70058304  CacheP_wbAll                      
700583ac  CacheP_wbInvAll                   
700583c4  CacheP_wbInvAllAsm                
70058464  CacheP_getEnabled                 
7005849c  CacheP_getCacheLevelInfo          
700584a8  CacheP_configForceWrThru          
700584c8  CacheP_setDLFO                    
700584d9  CacheP_init                       
70058531  CacheP_disable                    
7005856b  CacheP_enable                     
7005858b  CacheP_inv                        
700585c9  MpuP_RegionAttrs_init             
700585d7  MpuP_setRegion                    
70058685  MpuP_isEnable                     
70058689  MpuP_disable                      
700586bb  MpuP_enable                       
700586f7  MpuP_init                         
70058758  MpuP_disableAsm                   
70058770  MpuP_disableBRAsm                 
70058780  MpuP_enableAsm                    
70058798  MpuP_enableBRAsm                  
700587a8  MpuP_isEnableAsm                  
700587bc  MpuP_setRegionAsm                 
700587e0  _c_int00_sbl                      
70058804  _c_int00                          
70058925  _DebugP_assertNoLog               
70058943  _system_pre_init                  
7005895f  __mpu_init                        
70058970  abort                             
70058978  _ftable                           
70058978  gMcspiDmaHandle                   
70058978  gUartDmaHandle                    
70058ba0  _device                           
70058cd4  gUartParams                       
70058d2c  _stream                           
70058d7c  gSpi0ChCfg                        
70058de0  gSocModulesClockFrequency         
70058e04  gClockConfig                      
70058e1c  gMcspiOpenParams                  
70058e30  gAddrTranslateConfig              
70058e3c  gSocModules                       
70058e48  __TI_cleanup_ptr                  
70058e4c  __TI_dtors_ptr                    
70058e50  gEdmaConfig                       
70058e58  gMcspiConfig                      
70058e68  gUartConfig                       
70058e78  __TI_ft_end                       
70058e7c  _lock                             
70058e80  _unlock                           
70058e84  gConfigMcspiChCfg                 
70058e88  gDebugLogZone                     
70058e8c  gDebugP_uartDrvIndex              
70058e90  gEdmaConfigNum                    
70058e94  gEdmaParams                       
70058e98  gHwiConfig                        
70058e9c  gMcspiConfigNum                   
70058ea0  gMcspiDmaChConfig                 
70058ea4  gMcspiNumCh                       
70058ea8  gSpiHandle                        
70058eac  gUartConfigNum                    
70058eb0  gUartDmaChConfig                  
70058eb4  isMapAvailable                    
70058ec0  __IRQ_STACK_START                 
70058fc0  __FIQ_STACK_START                 
70058fc0  __IRQ_STACK_END                   
700590c0  __FIQ_STACK_END                   
700590c0  __SVC_STACK_START                 
7005a0c0  __ABORT_STACK_START               
7005a0c0  __SVC_STACK_END                   
7005a1c0  __ABORT_STACK_END                 
7005a1c0  __UNDEFINED_STACK_START           
7005a2c0  __UNDEFINED_STACK_END             
ffffffff  __TI_pprof_out_hndl               
ffffffff  __TI_prof_data_size               
ffffffff  __TI_prof_data_start              
ffffffff  __binit__                         
ffffffff  binit                             
UNDEFED   __TI_CINIT_Base                   
UNDEFED   __TI_CINIT_Limit                  
UNDEFED   __TI_Handler_Table_Base           
UNDEFED   __TI_Handler_Table_Limit          
UNDEFED   _system_post_cinit                

[397 symbols]
