<?xml version="1.0" encoding="ISO-8859-1" ?>
<link_info>
   <banner>TI ARM Clang Linker PC v4.0.2.LTS</banner>
   <copyright>Copyright (c) 1996-2018 Texas Instruments Incorporated</copyright>
   <command_line>C:\ti\ccs2011\ccs\tools\compiler\ti-cgt-armllvm_4.0.2.LTS\bin\tiarmlnk -IC:\ti\ccs2011\ccs\tools\compiler\ti-cgt-armllvm_4.0.2.LTS\lib -o empty_am263px-cc_r5fss0-0_nortos_ti-arm-clang.out -mempty.Release.map -iC:/ti/mcu_plus_sdk_am263px_10_01_00_34/source/kernel/nortos/lib -iC:/ti/mcu_plus_sdk_am263px_10_01_00_34/source/drivers/lib -iC:/ti/ccs2011/ccs/tools/compiler/ti-cgt-armllvm_4.0.2.LTS/lib --reread_libs --diag_suppress=10063 --diag_wrap=off --display_error_number --warn_sections --gen_xml_func_hash --xml_link_info=empty_am263px-cc_r5fss0-0_nortos_ti-arm-clang_linkInfo.xml --ram_model ./empty.o ./syscfg/ti_dpl_config.o ./syscfg/ti_drivers_config.o ./syscfg/ti_drivers_open_close.o ./syscfg/ti_pinmux_config.o ./syscfg/ti_power_clock_config.o ./syscfg/ti_board_config.o ./syscfg/ti_board_open_close.o ./syscfg/ti_enet_config.o ./syscfg/ti_enet_open_close.o ./syscfg/ti_enet_soc.o ./syscfg/ti_enet_lwipif.o ./main.o -lsyscfg/linker.cmd -lnortos.am263px.r5f.ti-arm-clang.release.lib -ldrivers.am263px.r5f.ti-arm-clang.release.lib -llibc.a -llibsysbm.a --start-group -llibc++.a -llibc++abi.a -llibc.a -llibsys.a -llibsysbm.a -llibclang_rt.builtins.a -llibclang_rt.profile.a --end-group --cg_opt_level=s</command_line>
   <link_time>0x6830d3c0</link_time>
   <link_errors>0x0</link_errors>
   <output_file>C:\Users\carim\workspace_ccstheia\empty_am263px-cc_r5fss0-0_nortos_ti-arm-clang\Release\empty_am263px-cc_r5fss0-0_nortos_ti-arm-clang.out</output_file>
   <entry_point>
      <name>_vectors</name>
      <address>0x0</address>
   </entry_point>
   <input_file_list>
      <input_file id="fl-1">
         <path>C:\Users\carim\workspace_ccstheia\empty_am263px-cc_r5fss0-0_nortos_ti-arm-clang\Release\.\</path>
         <kind>object</kind>
         <file>empty.o</file>
         <name>empty.o</name>
      </input_file>
      <input_file id="fl-2">
         <path>C:\Users\carim\workspace_ccstheia\empty_am263px-cc_r5fss0-0_nortos_ti-arm-clang\Release\.\syscfg\</path>
         <kind>object</kind>
         <file>ti_dpl_config.o</file>
         <name>ti_dpl_config.o</name>
      </input_file>
      <input_file id="fl-3">
         <path>C:\Users\carim\workspace_ccstheia\empty_am263px-cc_r5fss0-0_nortos_ti-arm-clang\Release\.\syscfg\</path>
         <kind>object</kind>
         <file>ti_drivers_config.o</file>
         <name>ti_drivers_config.o</name>
      </input_file>
      <input_file id="fl-4">
         <path>C:\Users\carim\workspace_ccstheia\empty_am263px-cc_r5fss0-0_nortos_ti-arm-clang\Release\.\syscfg\</path>
         <kind>object</kind>
         <file>ti_drivers_open_close.o</file>
         <name>ti_drivers_open_close.o</name>
      </input_file>
      <input_file id="fl-5">
         <path>C:\Users\carim\workspace_ccstheia\empty_am263px-cc_r5fss0-0_nortos_ti-arm-clang\Release\.\syscfg\</path>
         <kind>object</kind>
         <file>ti_pinmux_config.o</file>
         <name>ti_pinmux_config.o</name>
      </input_file>
      <input_file id="fl-6">
         <path>C:\Users\carim\workspace_ccstheia\empty_am263px-cc_r5fss0-0_nortos_ti-arm-clang\Release\.\syscfg\</path>
         <kind>object</kind>
         <file>ti_power_clock_config.o</file>
         <name>ti_power_clock_config.o</name>
      </input_file>
      <input_file id="fl-7">
         <path>C:\Users\carim\workspace_ccstheia\empty_am263px-cc_r5fss0-0_nortos_ti-arm-clang\Release\.\syscfg\</path>
         <kind>object</kind>
         <file>ti_board_config.o</file>
         <name>ti_board_config.o</name>
      </input_file>
      <input_file id="fl-8">
         <path>C:\Users\carim\workspace_ccstheia\empty_am263px-cc_r5fss0-0_nortos_ti-arm-clang\Release\.\syscfg\</path>
         <kind>object</kind>
         <file>ti_board_open_close.o</file>
         <name>ti_board_open_close.o</name>
      </input_file>
      <input_file id="fl-9">
         <path>C:\Users\carim\workspace_ccstheia\empty_am263px-cc_r5fss0-0_nortos_ti-arm-clang\Release\.\syscfg\</path>
         <kind>object</kind>
         <file>ti_enet_config.o</file>
         <name>ti_enet_config.o</name>
      </input_file>
      <input_file id="fl-a">
         <path>C:\Users\carim\workspace_ccstheia\empty_am263px-cc_r5fss0-0_nortos_ti-arm-clang\Release\.\syscfg\</path>
         <kind>object</kind>
         <file>ti_enet_open_close.o</file>
         <name>ti_enet_open_close.o</name>
      </input_file>
      <input_file id="fl-b">
         <path>C:\Users\carim\workspace_ccstheia\empty_am263px-cc_r5fss0-0_nortos_ti-arm-clang\Release\.\syscfg\</path>
         <kind>object</kind>
         <file>ti_enet_soc.o</file>
         <name>ti_enet_soc.o</name>
      </input_file>
      <input_file id="fl-c">
         <path>C:\Users\carim\workspace_ccstheia\empty_am263px-cc_r5fss0-0_nortos_ti-arm-clang\Release\.\syscfg\</path>
         <kind>object</kind>
         <file>ti_enet_lwipif.o</file>
         <name>ti_enet_lwipif.o</name>
      </input_file>
      <input_file id="fl-d">
         <path>C:\Users\carim\workspace_ccstheia\empty_am263px-cc_r5fss0-0_nortos_ti-arm-clang\Release\.\</path>
         <kind>object</kind>
         <file>main.o</file>
         <name>main.o</name>
      </input_file>
      <input_file id="fl-1b">
         <path>C:\Users\carim\workspace_ccstheia\empty_am263px-cc_r5fss0-0_nortos_ti-arm-clang\Release\</path>
         <kind>object</kind>
         <file>&lt;internal&gt;</file>
         <name>&lt;internal&gt;</name>
      </input_file>
      <input_file id="fl-1c">
         <path>C:\ti\mcu_plus_sdk_am263px_10_01_00_34\source\kernel\nortos\lib\</path>
         <kind>archive</kind>
         <file>nortos.am263px.r5f.ti-arm-clang.release.lib</file>
         <name>AddrTranslateP_32bit.obj</name>
      </input_file>
      <input_file id="fl-1d">
         <path>C:\ti\mcu_plus_sdk_am263px_10_01_00_34\source\kernel\nortos\lib\</path>
         <kind>archive</kind>
         <file>nortos.am263px.r5f.ti-arm-clang.release.lib</file>
         <name>DebugP_uartLogWriter.obj</name>
      </input_file>
      <input_file id="fl-1e">
         <path>C:\ti\mcu_plus_sdk_am263px_10_01_00_34\source\kernel\nortos\lib\</path>
         <kind>archive</kind>
         <file>nortos.am263px.r5f.ti-arm-clang.release.lib</file>
         <name>DebugP_log.obj</name>
      </input_file>
      <input_file id="fl-1f">
         <path>C:\ti\mcu_plus_sdk_am263px_10_01_00_34\source\kernel\nortos\lib\</path>
         <kind>archive</kind>
         <file>nortos.am263px.r5f.ti-arm-clang.release.lib</file>
         <name>DebugP_nortos.obj</name>
      </input_file>
      <input_file id="fl-20">
         <path>C:\ti\mcu_plus_sdk_am263px_10_01_00_34\source\kernel\nortos\lib\</path>
         <kind>archive</kind>
         <file>nortos.am263px.r5f.ti-arm-clang.release.lib</file>
         <name>ClockP_nortos.obj</name>
      </input_file>
      <input_file id="fl-21">
         <path>C:\ti\mcu_plus_sdk_am263px_10_01_00_34\source\kernel\nortos\lib\</path>
         <kind>archive</kind>
         <file>nortos.am263px.r5f.ti-arm-clang.release.lib</file>
         <name>ClockP_nortos_r5.obj</name>
      </input_file>
      <input_file id="fl-22">
         <path>C:\ti\mcu_plus_sdk_am263px_10_01_00_34\source\kernel\nortos\lib\</path>
         <kind>archive</kind>
         <file>nortos.am263px.r5f.ti-arm-clang.release.lib</file>
         <name>TimerP_rti.obj</name>
      </input_file>
      <input_file id="fl-23">
         <path>C:\ti\mcu_plus_sdk_am263px_10_01_00_34\source\kernel\nortos\lib\</path>
         <kind>archive</kind>
         <file>nortos.am263px.r5f.ti-arm-clang.release.lib</file>
         <name>HwiP_armv7r_vim.obj</name>
      </input_file>
      <input_file id="fl-24">
         <path>C:\ti\mcu_plus_sdk_am263px_10_01_00_34\source\kernel\nortos\lib\</path>
         <kind>archive</kind>
         <file>nortos.am263px.r5f.ti-arm-clang.release.lib</file>
         <name>HwiP_armv7r_handlers_nortos.obj</name>
      </input_file>
      <input_file id="fl-25">
         <path>C:\ti\mcu_plus_sdk_am263px_10_01_00_34\source\kernel\nortos\lib\</path>
         <kind>archive</kind>
         <file>nortos.am263px.r5f.ti-arm-clang.release.lib</file>
         <name>MpuP_armv7r.obj</name>
      </input_file>
      <input_file id="fl-26">
         <path>C:\ti\mcu_plus_sdk_am263px_10_01_00_34\source\kernel\nortos\lib\</path>
         <kind>archive</kind>
         <file>nortos.am263px.r5f.ti-arm-clang.release.lib</file>
         <name>CacheP_armv7r.obj</name>
      </input_file>
      <input_file id="fl-27">
         <path>C:\ti\mcu_plus_sdk_am263px_10_01_00_34\source\kernel\nortos\lib\</path>
         <kind>archive</kind>
         <file>nortos.am263px.r5f.ti-arm-clang.release.lib</file>
         <name>printf.obj</name>
      </input_file>
      <input_file id="fl-28">
         <path>C:\ti\mcu_plus_sdk_am263px_10_01_00_34\source\kernel\nortos\lib\</path>
         <kind>archive</kind>
         <file>nortos.am263px.r5f.ti-arm-clang.release.lib</file>
         <name>PmuP_armv7r.obj</name>
      </input_file>
      <input_file id="fl-29">
         <path>C:\ti\mcu_plus_sdk_am263px_10_01_00_34\source\kernel\nortos\lib\</path>
         <kind>archive</kind>
         <file>nortos.am263px.r5f.ti-arm-clang.release.lib</file>
         <name>HwiP_armv7r_handlers_nortos_asm.obj</name>
      </input_file>
      <input_file id="fl-2a">
         <path>C:\ti\mcu_plus_sdk_am263px_10_01_00_34\source\kernel\nortos\lib\</path>
         <kind>archive</kind>
         <file>nortos.am263px.r5f.ti-arm-clang.release.lib</file>
         <name>HwiP_armv7r_vectors_nortos_asm.obj</name>
      </input_file>
      <input_file id="fl-2b">
         <path>C:\ti\mcu_plus_sdk_am263px_10_01_00_34\source\kernel\nortos\lib\</path>
         <kind>archive</kind>
         <file>nortos.am263px.r5f.ti-arm-clang.release.lib</file>
         <name>boot_armv7r_asm.obj</name>
      </input_file>
      <input_file id="fl-2c">
         <path>C:\ti\mcu_plus_sdk_am263px_10_01_00_34\source\kernel\nortos\lib\</path>
         <kind>archive</kind>
         <file>nortos.am263px.r5f.ti-arm-clang.release.lib</file>
         <name>HwiP_armv7r_asm.obj</name>
      </input_file>
      <input_file id="fl-2d">
         <path>C:\ti\mcu_plus_sdk_am263px_10_01_00_34\source\kernel\nortos\lib\</path>
         <kind>archive</kind>
         <file>nortos.am263px.r5f.ti-arm-clang.release.lib</file>
         <name>MpuP_armv7r_asm.obj</name>
      </input_file>
      <input_file id="fl-2e">
         <path>C:\ti\mcu_plus_sdk_am263px_10_01_00_34\source\kernel\nortos\lib\</path>
         <kind>archive</kind>
         <file>nortos.am263px.r5f.ti-arm-clang.release.lib</file>
         <name>CacheP_armv7r_asm.obj</name>
      </input_file>
      <input_file id="fl-2f">
         <path>C:\ti\mcu_plus_sdk_am263px_10_01_00_34\source\kernel\nortos\lib\</path>
         <kind>archive</kind>
         <file>nortos.am263px.r5f.ti-arm-clang.release.lib</file>
         <name>PmuP_armv7r_asm.obj</name>
      </input_file>
      <input_file id="fl-30">
         <path>C:\ti\mcu_plus_sdk_am263px_10_01_00_34\source\kernel\nortos\lib\</path>
         <kind>archive</kind>
         <file>nortos.am263px.r5f.ti-arm-clang.release.lib</file>
         <name>boot_armv7r.obj</name>
      </input_file>
      <input_file id="fl-31">
         <path>C:\ti\mcu_plus_sdk_am263px_10_01_00_34\source\kernel\nortos\lib\</path>
         <kind>archive</kind>
         <file>nortos.am263px.r5f.ti-arm-clang.release.lib</file>
         <name>SemaphoreP_nortos.obj</name>
      </input_file>
      <input_file id="fl-32">
         <path>C:\ti\mcu_plus_sdk_am263px_10_01_00_34\source\drivers\lib\</path>
         <kind>archive</kind>
         <file>drivers.am263px.r5f.ti-arm-clang.release.lib</file>
         <name>adc.obj</name>
      </input_file>
      <input_file id="fl-33">
         <path>C:\ti\mcu_plus_sdk_am263px_10_01_00_34\source\drivers\lib\</path>
         <kind>archive</kind>
         <file>drivers.am263px.r5f.ti-arm-clang.release.lib</file>
         <name>edma.obj</name>
      </input_file>
      <input_file id="fl-34">
         <path>C:\ti\mcu_plus_sdk_am263px_10_01_00_34\source\drivers\lib\</path>
         <kind>archive</kind>
         <file>drivers.am263px.r5f.ti-arm-clang.release.lib</file>
         <name>gpio.obj</name>
      </input_file>
      <input_file id="fl-35">
         <path>C:\ti\mcu_plus_sdk_am263px_10_01_00_34\source\drivers\lib\</path>
         <kind>archive</kind>
         <file>drivers.am263px.r5f.ti-arm-clang.release.lib</file>
         <name>pinmux.obj</name>
      </input_file>
      <input_file id="fl-36">
         <path>C:\ti\mcu_plus_sdk_am263px_10_01_00_34\source\drivers\lib\</path>
         <kind>archive</kind>
         <file>drivers.am263px.r5f.ti-arm-clang.release.lib</file>
         <name>soc.obj</name>
      </input_file>
      <input_file id="fl-37">
         <path>C:\ti\mcu_plus_sdk_am263px_10_01_00_34\source\drivers\lib\</path>
         <kind>archive</kind>
         <file>drivers.am263px.r5f.ti-arm-clang.release.lib</file>
         <name>soc_rcm.obj</name>
      </input_file>
      <input_file id="fl-38">
         <path>C:\ti\mcu_plus_sdk_am263px_10_01_00_34\source\drivers\lib\</path>
         <kind>archive</kind>
         <file>drivers.am263px.r5f.ti-arm-clang.release.lib</file>
         <name>uart_v0.obj</name>
      </input_file>
      <input_file id="fl-39">
         <path>C:\ti\mcu_plus_sdk_am263px_10_01_00_34\source\drivers\lib\</path>
         <kind>archive</kind>
         <file>drivers.am263px.r5f.ti-arm-clang.release.lib</file>
         <name>uart_v0_lld.obj</name>
      </input_file>
      <input_file id="fl-3a">
         <path>C:\ti\mcu_plus_sdk_am263px_10_01_00_34\source\drivers\lib\</path>
         <kind>archive</kind>
         <file>drivers.am263px.r5f.ti-arm-clang.release.lib</file>
         <name>uart_dma_edma.obj</name>
      </input_file>
      <input_file id="fl-51">
         <path>C:\ti\ccs2011\ccs\tools\compiler\ti-cgt-armllvm_4.0.2.LTS\lib\armv7r-ti-none-eabihf\c\</path>
         <kind>archive</kind>
         <file>libc.a</file>
         <name>fputc.c.obj</name>
      </input_file>
      <input_file id="fl-52">
         <path>C:\ti\ccs2011\ccs\tools\compiler\ti-cgt-armllvm_4.0.2.LTS\lib\armv7r-ti-none-eabihf\c\</path>
         <kind>archive</kind>
         <file>libc.a</file>
         <name>_io_perm.c.obj</name>
      </input_file>
      <input_file id="fl-53">
         <path>C:\ti\ccs2011\ccs\tools\compiler\ti-cgt-armllvm_4.0.2.LTS\lib\armv7r-ti-none-eabihf\c\</path>
         <kind>archive</kind>
         <file>libc.a</file>
         <name>setvbuf.c.obj</name>
      </input_file>
      <input_file id="fl-54">
         <path>C:\ti\ccs2011\ccs\tools\compiler\ti-cgt-armllvm_4.0.2.LTS\lib\armv7r-ti-none-eabihf\c\</path>
         <kind>archive</kind>
         <file>libc.a</file>
         <name>exit.c.obj</name>
      </input_file>
      <input_file id="fl-55">
         <path>C:\ti\ccs2011\ccs\tools\compiler\ti-cgt-armllvm_4.0.2.LTS\lib\armv7r-ti-none-eabihf\c\</path>
         <kind>archive</kind>
         <file>libc.a</file>
         <name>_lock.c.obj</name>
      </input_file>
      <input_file id="fl-56">
         <path>C:\ti\ccs2011\ccs\tools\compiler\ti-cgt-armllvm_4.0.2.LTS\lib\armv7r-ti-none-eabihf\c\</path>
         <kind>archive</kind>
         <file>libc.a</file>
         <name>defs.c.obj</name>
      </input_file>
      <input_file id="fl-57">
         <path>C:\ti\ccs2011\ccs\tools\compiler\ti-cgt-armllvm_4.0.2.LTS\lib\armv7r-ti-none-eabihf\c\</path>
         <kind>archive</kind>
         <file>libc.a</file>
         <name>memory.c.obj</name>
      </input_file>
      <input_file id="fl-58">
         <path>C:\ti\ccs2011\ccs\tools\compiler\ti-cgt-armllvm_4.0.2.LTS\lib\armv7r-ti-none-eabihf\c\</path>
         <kind>archive</kind>
         <file>libc.a</file>
         <name>autoinit.c.obj</name>
      </input_file>
      <input_file id="fl-59">
         <path>C:\ti\ccs2011\ccs\tools\compiler\ti-cgt-armllvm_4.0.2.LTS\lib\armv7r-ti-none-eabihf\c\</path>
         <kind>archive</kind>
         <file>libc.a</file>
         <name>cpy_tbl.c.obj</name>
      </input_file>
      <input_file id="fl-5a">
         <path>C:\ti\ccs2011\ccs\tools\compiler\ti-cgt-armllvm_4.0.2.LTS\lib\armv7r-ti-none-eabihf\c\</path>
         <kind>archive</kind>
         <file>libc.a</file>
         <name>fflush.c.obj</name>
      </input_file>
      <input_file id="fl-5b">
         <path>C:\ti\ccs2011\ccs\tools\compiler\ti-cgt-armllvm_4.0.2.LTS\lib\armv7r-ti-none-eabihf\c\</path>
         <kind>archive</kind>
         <file>libc.a</file>
         <name>fopen.c.obj</name>
      </input_file>
      <input_file id="fl-5c">
         <path>C:\ti\ccs2011\ccs\tools\compiler\ti-cgt-armllvm_4.0.2.LTS\lib\armv7r-ti-none-eabihf\c\</path>
         <kind>archive</kind>
         <file>libc.a</file>
         <name>fseek.c.obj</name>
      </input_file>
      <input_file id="fl-5d">
         <path>C:\ti\ccs2011\ccs\tools\compiler\ti-cgt-armllvm_4.0.2.LTS\lib\armv7r-ti-none-eabihf\c\</path>
         <kind>archive</kind>
         <file>libc.a</file>
         <name>aeabi_portable.c.obj</name>
      </input_file>
      <input_file id="fl-5e">
         <path>C:\ti\ccs2011\ccs\tools\compiler\ti-cgt-armllvm_4.0.2.LTS\lib\armv7r-ti-none-eabihf\c\</path>
         <kind>archive</kind>
         <file>libc.a</file>
         <name>assert.c.obj</name>
      </input_file>
      <input_file id="fl-5f">
         <path>C:\ti\ccs2011\ccs\tools\compiler\ti-cgt-armllvm_4.0.2.LTS\lib\armv7r-ti-none-eabihf\c\</path>
         <kind>archive</kind>
         <file>libc.a</file>
         <name>sprintf.c.obj</name>
      </input_file>
      <input_file id="fl-60">
         <path>C:\ti\ccs2011\ccs\tools\compiler\ti-cgt-armllvm_4.0.2.LTS\lib\armv7r-ti-none-eabihf\c\</path>
         <kind>archive</kind>
         <file>libc.a</file>
         <name>fclose.c.obj</name>
      </input_file>
      <input_file id="fl-61">
         <path>C:\ti\ccs2011\ccs\tools\compiler\ti-cgt-armllvm_4.0.2.LTS\lib\armv7r-ti-none-eabihf\c\</path>
         <kind>archive</kind>
         <file>libc.a</file>
         <name>fputs.c.obj</name>
      </input_file>
      <input_file id="fl-62">
         <path>C:\ti\ccs2011\ccs\tools\compiler\ti-cgt-armllvm_4.0.2.LTS\lib\armv7r-ti-none-eabihf\c\</path>
         <kind>archive</kind>
         <file>libc.a</file>
         <name>_printfi.c.obj</name>
      </input_file>
      <input_file id="fl-63">
         <path>C:\ti\ccs2011\ccs\tools\compiler\ti-cgt-armllvm_4.0.2.LTS\lib\armv7r-ti-none-eabihf\c\</path>
         <kind>archive</kind>
         <file>libc.a</file>
         <name>_ltoa.c.obj</name>
      </input_file>
      <input_file id="fl-64">
         <path>C:\ti\ccs2011\ccs\tools\compiler\ti-cgt-armllvm_4.0.2.LTS\lib\armv7r-ti-none-eabihf\c\</path>
         <kind>archive</kind>
         <file>libc.a</file>
         <name>atoi.c.obj</name>
      </input_file>
      <input_file id="fl-65">
         <path>C:\ti\ccs2011\ccs\tools\compiler\ti-cgt-armllvm_4.0.2.LTS\lib\armv7r-ti-none-eabihf\c\</path>
         <kind>archive</kind>
         <file>libc.a</file>
         <name>memccpy.c.obj</name>
      </input_file>
      <input_file id="fl-66">
         <path>C:\ti\ccs2011\ccs\tools\compiler\ti-cgt-armllvm_4.0.2.LTS\lib\armv7r-ti-none-eabihf\c\</path>
         <kind>archive</kind>
         <file>libc.a</file>
         <name>s_frexp.c.obj</name>
      </input_file>
      <input_file id="fl-67">
         <path>C:\ti\ccs2011\ccs\tools\compiler\ti-cgt-armllvm_4.0.2.LTS\lib\armv7r-ti-none-eabihf\c\</path>
         <kind>archive</kind>
         <file>libc.a</file>
         <name>s_scalbn.c.obj</name>
      </input_file>
      <input_file id="fl-68">
         <path>C:\ti\ccs2011\ccs\tools\compiler\ti-cgt-armllvm_4.0.2.LTS\lib\armv7r-ti-none-eabihf\c\</path>
         <kind>archive</kind>
         <file>libc.a</file>
         <name>wcslen.c.obj</name>
      </input_file>
      <input_file id="fl-69">
         <path>C:\ti\ccs2011\ccs\tools\compiler\ti-cgt-armllvm_4.0.2.LTS\lib\armv7r-ti-none-eabihf\c\</path>
         <kind>archive</kind>
         <file>libc.a</file>
         <name>aeabi_ctype.S.obj</name>
      </input_file>
      <input_file id="fl-80">
         <path>C:\ti\ccs2011\ccs\tools\compiler\ti-cgt-armllvm_4.0.2.LTS\lib\armv7r-ti-none-eabihf\c\</path>
         <kind>archive</kind>
         <file>libsysbm.a</file>
         <name>hostexit.c.obj</name>
      </input_file>
      <input_file id="fl-81">
         <path>C:\ti\ccs2011\ccs\tools\compiler\ti-cgt-armllvm_4.0.2.LTS\lib\armv7r-ti-none-eabihf\c\</path>
         <kind>archive</kind>
         <file>libsysbm.a</file>
         <name>write.c.obj</name>
      </input_file>
      <input_file id="fl-82">
         <path>C:\ti\ccs2011\ccs\tools\compiler\ti-cgt-armllvm_4.0.2.LTS\lib\armv7r-ti-none-eabihf\c\</path>
         <kind>archive</kind>
         <file>libsysbm.a</file>
         <name>host_device.c.obj</name>
      </input_file>
      <input_file id="fl-83">
         <path>C:\ti\ccs2011\ccs\tools\compiler\ti-cgt-armllvm_4.0.2.LTS\lib\armv7r-ti-none-eabihf\c\</path>
         <kind>archive</kind>
         <file>libsysbm.a</file>
         <name>remove.c.obj</name>
      </input_file>
      <input_file id="fl-84">
         <path>C:\ti\ccs2011\ccs\tools\compiler\ti-cgt-armllvm_4.0.2.LTS\lib\armv7r-ti-none-eabihf\c\</path>
         <kind>archive</kind>
         <file>libsysbm.a</file>
         <name>open.c.obj</name>
      </input_file>
      <input_file id="fl-85">
         <path>C:\ti\ccs2011\ccs\tools\compiler\ti-cgt-armllvm_4.0.2.LTS\lib\armv7r-ti-none-eabihf\c\</path>
         <kind>archive</kind>
         <file>libsysbm.a</file>
         <name>lseek.c.obj</name>
      </input_file>
      <input_file id="fl-86">
         <path>C:\ti\ccs2011\ccs\tools\compiler\ti-cgt-armllvm_4.0.2.LTS\lib\armv7r-ti-none-eabihf\c\</path>
         <kind>archive</kind>
         <file>libsysbm.a</file>
         <name>close.c.obj</name>
      </input_file>
      <input_file id="fl-87">
         <path>C:\ti\ccs2011\ccs\tools\compiler\ti-cgt-armllvm_4.0.2.LTS\lib\armv7r-ti-none-eabihf\c\</path>
         <kind>archive</kind>
         <file>libsysbm.a</file>
         <name>unlink.c.obj</name>
      </input_file>
      <input_file id="fl-88">
         <path>C:\ti\ccs2011\ccs\tools\compiler\ti-cgt-armllvm_4.0.2.LTS\lib\armv7r-ti-none-eabihf\c\</path>
         <kind>archive</kind>
         <file>libsysbm.a</file>
         <name>hostclose.c.obj</name>
      </input_file>
      <input_file id="fl-89">
         <path>C:\ti\ccs2011\ccs\tools\compiler\ti-cgt-armllvm_4.0.2.LTS\lib\armv7r-ti-none-eabihf\c\</path>
         <kind>archive</kind>
         <file>libsysbm.a</file>
         <name>hostlseek.c.obj</name>
      </input_file>
      <input_file id="fl-8a">
         <path>C:\ti\ccs2011\ccs\tools\compiler\ti-cgt-armllvm_4.0.2.LTS\lib\armv7r-ti-none-eabihf\c\</path>
         <kind>archive</kind>
         <file>libsysbm.a</file>
         <name>hostopen.c.obj</name>
      </input_file>
      <input_file id="fl-8b">
         <path>C:\ti\ccs2011\ccs\tools\compiler\ti-cgt-armllvm_4.0.2.LTS\lib\armv7r-ti-none-eabihf\c\</path>
         <kind>archive</kind>
         <file>libsysbm.a</file>
         <name>hostread.c.obj</name>
      </input_file>
      <input_file id="fl-8c">
         <path>C:\ti\ccs2011\ccs\tools\compiler\ti-cgt-armllvm_4.0.2.LTS\lib\armv7r-ti-none-eabihf\c\</path>
         <kind>archive</kind>
         <file>libsysbm.a</file>
         <name>hostrename.c.obj</name>
      </input_file>
      <input_file id="fl-8d">
         <path>C:\ti\ccs2011\ccs\tools\compiler\ti-cgt-armllvm_4.0.2.LTS\lib\armv7r-ti-none-eabihf\c\</path>
         <kind>archive</kind>
         <file>libsysbm.a</file>
         <name>hostunlink.c.obj</name>
      </input_file>
      <input_file id="fl-8e">
         <path>C:\ti\ccs2011\ccs\tools\compiler\ti-cgt-armllvm_4.0.2.LTS\lib\armv7r-ti-none-eabihf\c\</path>
         <kind>archive</kind>
         <file>libsysbm.a</file>
         <name>hostwrite.c.obj</name>
      </input_file>
      <input_file id="fl-8f">
         <path>C:\ti\ccs2011\ccs\tools\compiler\ti-cgt-armllvm_4.0.2.LTS\lib\armv7r-ti-none-eabihf\c\</path>
         <kind>archive</kind>
         <file>libsysbm.a</file>
         <name>trgmsg.c.obj</name>
      </input_file>
      <input_file id="fl-119">
         <path>C:\ti\ccs2011\ccs\tools\compiler\ti-cgt-armllvm_4.0.2.LTS\lib\armv7r-ti-none-eabihf\c\</path>
         <kind>archive</kind>
         <file>libc.a</file>
         <name>getdevice.c.obj</name>
      </input_file>
      <input_file id="fl-11a">
         <path>C:\ti\ccs2011\ccs\tools\compiler\ti-cgt-armllvm_4.0.2.LTS\lib\armv7r-ti-none-eabihf\c\</path>
         <kind>archive</kind>
         <file>libc.a</file>
         <name>strcmp32.S.obj</name>
      </input_file>
      <input_file id="fl-11b">
         <path>C:\ti\ccs2011\ccs\tools\compiler\ti-cgt-armllvm_4.0.2.LTS\lib\armv7r-ti-none-eabihf\</path>
         <kind>archive</kind>
         <file>libclang_rt.builtins.a</file>
         <name>divsi3.S.obj</name>
      </input_file>
      <input_file id="fl-11c">
         <path>C:\ti\ccs2011\ccs\tools\compiler\ti-cgt-armllvm_4.0.2.LTS\lib\armv7r-ti-none-eabihf\</path>
         <kind>archive</kind>
         <file>libclang_rt.builtins.a</file>
         <name>udivsi3.S.obj</name>
      </input_file>
      <input_file id="fl-11d">
         <path>C:\ti\ccs2011\ccs\tools\compiler\ti-cgt-armllvm_4.0.2.LTS\lib\armv7r-ti-none-eabihf\</path>
         <kind>archive</kind>
         <file>libclang_rt.builtins.a</file>
         <name>aeabi_div0.c.obj</name>
      </input_file>
      <input_file id="fl-11e">
         <path>C:\ti\ccs2011\ccs\tools\compiler\ti-cgt-armllvm_4.0.2.LTS\lib\armv7r-ti-none-eabihf\</path>
         <kind>archive</kind>
         <file>libclang_rt.builtins.a</file>
         <name>aeabi_memcpy.S.obj</name>
      </input_file>
      <input_file id="fl-11f">
         <path>C:\ti\ccs2011\ccs\tools\compiler\ti-cgt-armllvm_4.0.2.LTS\lib\armv7r-ti-none-eabihf\</path>
         <kind>archive</kind>
         <file>libclang_rt.builtins.a</file>
         <name>aeabi_memset.S.obj</name>
      </input_file>
      <input_file id="fl-120">
         <path>C:\ti\ccs2011\ccs\tools\compiler\ti-cgt-armllvm_4.0.2.LTS\lib\armv7r-ti-none-eabihf\</path>
         <kind>archive</kind>
         <file>libclang_rt.builtins.a</file>
         <name>aeabi_uldivmod.S.obj</name>
      </input_file>
      <input_file id="fl-121">
         <path>C:\ti\ccs2011\ccs\tools\compiler\ti-cgt-armllvm_4.0.2.LTS\lib\armv7r-ti-none-eabihf\</path>
         <kind>archive</kind>
         <file>libclang_rt.builtins.a</file>
         <name>udivmoddi4.S.obj</name>
      </input_file>
      <input_file id="fl-122">
         <path>C:\ti\ccs2011\ccs\tools\compiler\ti-cgt-armllvm_4.0.2.LTS\lib\armv7r-ti-none-eabihf\c\</path>
         <kind>archive</kind>
         <file>libc.a</file>
         <name>memcpy32.S.obj</name>
      </input_file>
      <input_file id="fl-123">
         <path>C:\ti\ccs2011\ccs\tools\compiler\ti-cgt-armllvm_4.0.2.LTS\lib\armv7r-ti-none-eabihf\c\</path>
         <kind>archive</kind>
         <file>libc.a</file>
         <name>memset32.S.obj</name>
      </input_file>
      <input_file id="fl-124">
         <path>C:\ti\mcu_plus_sdk_am263px_10_01_00_34\source\kernel\nortos\lib\</path>
         <kind>archive</kind>
         <file>nortos.am263px.r5f.ti-arm-clang.release.lib</file>
         <name>CpuId_armv7r.obj</name>
      </input_file>
      <input_file id="fl-125">
         <path>C:\ti\mcu_plus_sdk_am263px_10_01_00_34\source\kernel\nortos\lib\</path>
         <kind>archive</kind>
         <file>nortos.am263px.r5f.ti-arm-clang.release.lib</file>
         <name>TaskP_nortos.obj</name>
      </input_file>
      <input_file id="fl-126">
         <path>C:\ti\mcu_plus_sdk_am263px_10_01_00_34\source\kernel\nortos\lib\</path>
         <kind>archive</kind>
         <file>nortos.am263px.r5f.ti-arm-clang.release.lib</file>
         <name>CpuId_armv7r_asm.obj</name>
      </input_file>
   </input_file_list>
   <object_component_list>
      <object_component id="oc-2a">
         <name>.vectors</name>
         <load_address>0x0</load_address>
         <readonly>true</readonly>
         <executable>true</executable>
         <run_address>0x0</run_address>
         <size>0x40</size>
         <alignment>0x4</alignment>
         <input_file_ref idref="fl-2a"/>
         <refd_ro_sections>
            <object_component_ref idref="oc-4b"/>
            <object_component_ref idref="oc-53"/>
            <object_component_ref idref="oc-4f"/>
         </refd_ro_sections>
         <value>bffef2be7e91ca2dc0d1710b37945bf4</value>
      </object_component>
      <object_component id="oc-71">
         <name>.text.hwi</name>
         <load_address>0x70054918</load_address>
         <readonly>true</readonly>
         <executable>true</executable>
         <run_address>0x70054918</run_address>
         <size>0x3f8</size>
         <alignment>0x2</alignment>
         <input_file_ref idref="fl-23"/>
         <refd_ro_sections>
            <object_component_ref idref="oc-bb"/>
            <object_component_ref idref="oc-76"/>
            <object_component_ref idref="oc-53"/>
            <object_component_ref idref="oc-4f"/>
         </refd_ro_sections>
         <refd_rw_sections>
            <object_component_ref idref="oc-c1"/>
            <object_component_ref idref="oc-6f"/>
            <object_component_ref idref="oc-6e"/>
         </refd_rw_sections>
         <value>8da766789fa032be9fe348560eceef1c</value>
      </object_component>
      <object_component id="oc-53">
         <name>.text.hwi</name>
         <load_address>0x70054d10</load_address>
         <readonly>true</readonly>
         <executable>true</executable>
         <run_address>0x70054d10</run_address>
         <size>0x38a</size>
         <alignment>0x2</alignment>
         <input_file_ref idref="fl-24"/>
         <refd_ro_sections>
            <object_component_ref idref="oc-76"/>
            <object_component_ref idref="oc-4f"/>
            <object_component_ref idref="oc-71"/>
         </refd_ro_sections>
         <refd_rw_sections>
            <object_component_ref idref="oc-6f"/>
            <object_component_ref idref="oc-6e"/>
         </refd_rw_sections>
         <value>4a20d46083e6606996f736090a97f1fb</value>
      </object_component>
      <object_component id="oc-4f">
         <name>.text.hwi</name>
         <load_address>0x7005509c</load_address>
         <readonly>true</readonly>
         <executable>true</executable>
         <run_address>0x7005509c</run_address>
         <size>0x178</size>
         <alignment>0x4</alignment>
         <input_file_ref idref="fl-29"/>
         <refd_ro_sections>
            <object_component_ref idref="oc-53"/>
         </refd_ro_sections>
         <value>ad351fd738b9f24593d6b05084940481</value>
      </object_component>
      <object_component id="oc-76">
         <name>.text.hwi</name>
         <load_address>0x70055214</load_address>
         <readonly>true</readonly>
         <executable>true</executable>
         <run_address>0x70055214</run_address>
         <size>0x70</size>
         <alignment>0x4</alignment>
         <input_file_ref idref="fl-2c"/>
         <value>787d7b637e8a91b15a7ff1700f5395cd</value>
      </object_component>
      <object_component id="oc-3f5">
         <name>.tramp.HwiP_enableFIQ.1</name>
         <load_address>0x70055284</load_address>
         <readonly>true</readonly>
         <executable>true</executable>
         <run_address>0x70055284</run_address>
         <size>0x8</size>
         <alignment>0x4</alignment>
         <input_file_ref idref="fl-2c"/>
      </object_component>
      <object_component id="oc-c7">
         <name>.text.cache</name>
         <load_address>0x70055290</load_address>
         <readonly>true</readonly>
         <executable>true</executable>
         <run_address>0x70055290</run_address>
         <size>0x340</size>
         <alignment>0x4</alignment>
         <input_file_ref idref="fl-2e"/>
         <refd_ro_sections>
            <object_component_ref idref="oc-134"/>
            <object_component_ref idref="oc-135"/>
         </refd_ro_sections>
         <value>28201a9cf2d673acf236201cbf3c08e7</value>
      </object_component>
      <object_component id="oc-82">
         <name>.text.cache</name>
         <load_address>0x700555d0</load_address>
         <readonly>true</readonly>
         <executable>true</executable>
         <run_address>0x700555d0</run_address>
         <size>0xd8</size>
         <alignment>0x2</alignment>
         <input_file_ref idref="fl-26"/>
         <refd_ro_sections>
            <object_component_ref idref="oc-cb"/>
            <object_component_ref idref="oc-bb"/>
            <object_component_ref idref="oc-c7"/>
            <object_component_ref idref="oc-76"/>
         </refd_ro_sections>
         <value>46ca8e7e3e4609bb9292a5c682c59859</value>
      </object_component>
      <object_component id="oc-3f8">
         <name>.tramp.CacheP_invL1d.1</name>
         <load_address>0x700556a8</load_address>
         <readonly>true</readonly>
         <executable>true</executable>
         <run_address>0x700556a8</run_address>
         <size>0x8</size>
         <alignment>0x4</alignment>
         <input_file_ref idref="fl-2e"/>
      </object_component>
      <object_component id="oc-3f7">
         <name>.tramp.CacheP_enableL1p.1</name>
         <load_address>0x700556b0</load_address>
         <readonly>true</readonly>
         <executable>true</executable>
         <run_address>0x700556b0</run_address>
         <size>0x8</size>
         <alignment>0x4</alignment>
         <input_file_ref idref="fl-2e"/>
      </object_component>
      <object_component id="oc-3f6">
         <name>.tramp.HwiP_restore.2</name>
         <load_address>0x700556b8</load_address>
         <readonly>true</readonly>
         <executable>true</executable>
         <run_address>0x700556b8</run_address>
         <size>0x8</size>
         <alignment>0x4</alignment>
         <input_file_ref idref="fl-2c"/>
      </object_component>
      <object_component id="oc-7e">
         <name>.text.mpu</name>
         <load_address>0x700556c0</load_address>
         <readonly>true</readonly>
         <executable>true</executable>
         <run_address>0x700556c0</run_address>
         <size>0x190</size>
         <alignment>0x2</alignment>
         <input_file_ref idref="fl-25"/>
         <refd_ro_sections>
            <object_component_ref idref="oc-cb"/>
            <object_component_ref idref="oc-bb"/>
            <object_component_ref idref="oc-82"/>
            <object_component_ref idref="oc-c7"/>
            <object_component_ref idref="oc-76"/>
            <object_component_ref idref="oc-c3"/>
         </refd_ro_sections>
         <value>8ecc6258a1f7b53b58bf830d47013f8b</value>
      </object_component>
      <object_component id="oc-c3">
         <name>.text.mpu</name>
         <load_address>0x70055850</load_address>
         <readonly>true</readonly>
         <executable>true</executable>
         <run_address>0x70055850</run_address>
         <size>0x78</size>
         <alignment>0x4</alignment>
         <input_file_ref idref="fl-2d"/>
         <value>81f7fff56ae0fd196005f1def4853920</value>
      </object_component>
      <object_component id="oc-3fa">
         <name>.tramp.HwiP_restore.3</name>
         <load_address>0x700558c8</load_address>
         <readonly>true</readonly>
         <executable>true</executable>
         <run_address>0x700558c8</run_address>
         <size>0x8</size>
         <alignment>0x4</alignment>
         <input_file_ref idref="fl-2c"/>
      </object_component>
      <object_component id="oc-3f9">
         <name>.tramp.MpuP_isEnableAsm.1</name>
         <load_address>0x700558d0</load_address>
         <readonly>true</readonly>
         <executable>true</executable>
         <run_address>0x700558d0</run_address>
         <size>0x8</size>
         <alignment>0x4</alignment>
         <input_file_ref idref="fl-2d"/>
      </object_component>
      <object_component id="oc-4b">
         <name>.text.boot</name>
         <load_address>0x700558d8</load_address>
         <readonly>true</readonly>
         <executable>true</executable>
         <run_address>0x700558d8</run_address>
         <size>0x144</size>
         <alignment>0x4</alignment>
         <input_file_ref idref="fl-2b"/>
         <refd_ro_sections>
            <object_component_ref idref="oc-62"/>
            <object_component_ref idref="oc-5d"/>
            <object_component_ref idref="oc-b7"/>
            <object_component_ref idref="oc-67"/>
            <object_component_ref idref="oc-91"/>
         </refd_ro_sections>
         <refd_linker_syms>
            <symbol_ref idref="sm-f"/>
            <symbol_ref idref="sm-b"/>
            <symbol_ref idref="sm-9"/>
            <symbol_ref idref="sm-15"/>
            <symbol_ref idref="sm-d"/>
            <symbol_ref idref="sm-11"/>
         </refd_linker_syms>
         <value>3dda733e3a517cbab0fef541a85342e0</value>
      </object_component>
      <object_component id="oc-bb">
         <name>.text.boot</name>
         <load_address>0x70055a1c</load_address>
         <readonly>true</readonly>
         <executable>true</executable>
         <run_address>0x70055a1c</run_address>
         <size>0x1e</size>
         <alignment>0x2</alignment>
         <input_file_ref idref="fl-1e"/>
         <refd_ro_sections>
            <object_component_ref idref="oc-76"/>
         </refd_ro_sections>
         <value>71355147a8a5b75875ba8d68c20c33a8</value>
      </object_component>
      <object_component id="oc-62">
         <name>.text.boot</name>
         <load_address>0x70055a3a</load_address>
         <readonly>true</readonly>
         <executable>true</executable>
         <run_address>0x70055a3a</run_address>
         <size>0x1c</size>
         <alignment>0x2</alignment>
         <input_file_ref idref="fl-30"/>
         <refd_ro_sections>
            <object_component_ref idref="oc-89"/>
         </refd_ro_sections>
         <refd_linker_syms>
            <symbol_ref idref="sm-7"/>
            <symbol_ref idref="sm-6"/>
         </refd_linker_syms>
         <value>a7fddd2eab8a55466f5850478c0696ca</value>
      </object_component>
      <object_component id="oc-5d">
         <name>.text.boot</name>
         <load_address>0x70055a56</load_address>
         <readonly>true</readonly>
         <executable>true</executable>
         <run_address>0x70055a56</run_address>
         <size>0xe</size>
         <alignment>0x2</alignment>
         <input_file_ref idref="fl-2"/>
         <of_notshared>true</of_notshared>
         <refd_ro_sections>
            <object_component_ref idref="oc-82"/>
            <object_component_ref idref="oc-7e"/>
         </refd_ro_sections>
         <value>367db0d8226d91001836645e2bef4260</value>
      </object_component>
      <object_component id="oc-b2">
         <name>.text:abort</name>
         <load_address>0x70055a68</load_address>
         <readonly>true</readonly>
         <executable>true</executable>
         <run_address>0x70055a68</run_address>
         <size>0x8</size>
         <alignment>0x4</alignment>
         <input_file_ref idref="fl-54"/>
         <refd_ro_sections>
            <object_component_ref idref="oc-127"/>
         </refd_ro_sections>
         <value>e27b954847891444abf2be07f27b8b79</value>
      </object_component>
      <object_component id="oc-199">
         <name>.text.Drivers_adcOpen</name>
         <load_address>0x7004ce00</load_address>
         <readonly>true</readonly>
         <executable>true</executable>
         <run_address>0x7004ce00</run_address>
         <size>0x726</size>
         <alignment>0x2</alignment>
         <input_file_ref idref="fl-4"/>
         <refd_ro_sections>
            <object_component_ref idref="oc-200"/>
            <object_component_ref idref="oc-20b"/>
            <object_component_ref idref="oc-204"/>
            <object_component_ref idref="oc-208"/>
            <object_component_ref idref="oc-203"/>
            <object_component_ref idref="oc-20f"/>
            <object_component_ref idref="oc-20c"/>
            <object_component_ref idref="oc-20d"/>
            <object_component_ref idref="oc-1ff"/>
            <object_component_ref idref="oc-201"/>
            <object_component_ref idref="oc-207"/>
            <object_component_ref idref="oc-202"/>
            <object_component_ref idref="oc-20e"/>
            <object_component_ref idref="oc-205"/>
            <object_component_ref idref="oc-209"/>
            <object_component_ref idref="oc-20a"/>
            <object_component_ref idref="oc-1f9"/>
            <object_component_ref idref="oc-206"/>
            <object_component_ref idref="oc-191"/>
            <object_component_ref idref="oc-170"/>
         </refd_ro_sections>
         <value>a403747c4e5dd2ab1cf9359a68b72957</value>
      </object_component>
      <object_component id="oc-ae">
         <name>.text.Board_deinit</name>
         <load_address>0x7004d526</load_address>
         <readonly>true</readonly>
         <executable>true</executable>
         <run_address>0x7004d526</run_address>
         <size>0x2</size>
         <alignment>0x2</alignment>
         <input_file_ref idref="fl-7"/>
         <value>d1a51d9bea3c0661dce49dfbc1477361</value>
      </object_component>
      <object_component id="oc-217">
         <name>.text._vsnprintf</name>
         <load_address>0x7004d528</load_address>
         <readonly>true</readonly>
         <executable>true</executable>
         <run_address>0x7004d528</run_address>
         <size>0x580</size>
         <alignment>0x4</alignment>
         <input_file_ref idref="fl-27"/>
         <refd_ro_sections>
            <object_component_ref idref="oc-262"/>
            <object_component_ref idref="oc-261"/>
            <object_component_ref idref="oc-264"/>
            <object_component_ref idref="oc-263"/>
            <object_component_ref idref="oc-260"/>
         </refd_ro_sections>
         <value>11d285028d24beaa865a0843bd4c0694</value>
      </object_component>
      <object_component id="oc-235">
         <name>.text.SOC_rcmEnablePeripheralClock</name>
         <load_address>0x7004daa8</load_address>
         <readonly>true</readonly>
         <executable>true</executable>
         <run_address>0x7004daa8</run_address>
         <size>0x4cc</size>
         <alignment>0x4</alignment>
         <input_file_ref idref="fl-37"/>
         <value>e17ea71fe5fe5bad6ca3b5fa83ad9958</value>
      </object_component>
      <object_component id="oc-106">
         <name>.text.Board_driversOpen</name>
         <load_address>0x7004df74</load_address>
         <readonly>true</readonly>
         <executable>true</executable>
         <run_address>0x7004df74</run_address>
         <size>0x4</size>
         <alignment>0x2</alignment>
         <input_file_ref idref="fl-8"/>
         <value>cdac9d29ed467cddeb2ad48c78c0a1a4</value>
      </object_component>
      <object_component id="oc-261">
         <name>.text._ftoa</name>
         <load_address>0x7004df78</load_address>
         <readonly>true</readonly>
         <executable>true</executable>
         <run_address>0x7004df78</run_address>
         <size>0x400</size>
         <alignment>0x8</alignment>
         <input_file_ref idref="fl-27"/>
         <refd_ro_sections>
            <object_component_ref idref="oc-2a6"/>
            <object_component_ref idref="oc-2a2"/>
            <object_component_ref idref="oc-2a1"/>
            <object_component_ref idref="oc-2a3"/>
            <object_component_ref idref="oc-2a7"/>
            <object_component_ref idref="oc-2a5"/>
            <object_component_ref idref="oc-262"/>
            <object_component_ref idref="oc-2a4"/>
         </refd_ro_sections>
         <value>6fd4e41bffb081ef1d9a34ec4ba38e87</value>
      </object_component>
      <object_component id="oc-127">
         <name>.text.HOSTexit</name>
         <load_address>0x7004e378</load_address>
         <readonly>true</readonly>
         <executable>true</executable>
         <run_address>0x7004e378</run_address>
         <size>0x8</size>
         <alignment>0x4</alignment>
         <input_file_ref idref="fl-80"/>
         <value>a60a8ecca423be723d5fd2b97a6a35d9</value>
      </object_component>
      <object_component id="oc-3b5">
         <name>.text:strcmp</name>
         <load_address>0x7004e380</load_address>
         <readonly>true</readonly>
         <executable>true</executable>
         <run_address>0x7004e380</run_address>
         <size>0x390</size>
         <alignment>0x20</alignment>
         <input_file_ref idref="fl-11a"/>
         <refd_ro_sections>
            <object_component_ref idref="oc-3ba"/>
         </refd_ro_sections>
         <value>fd3c5b17c2b678f93f63ffd0e9262618</value>
      </object_component>
      <object_component id="oc-262">
         <name>.text._etoa</name>
         <load_address>0x7004e710</load_address>
         <readonly>true</readonly>
         <executable>true</executable>
         <run_address>0x7004e710</run_address>
         <size>0x310</size>
         <alignment>0x8</alignment>
         <input_file_ref idref="fl-27"/>
         <refd_ro_sections>
            <object_component_ref idref="oc-261"/>
            <object_component_ref idref="oc-264"/>
         </refd_ro_sections>
         <value>dce784b4ca6f12003d92507cb01ec67b</value>
      </object_component>
      <object_component id="oc-212">
         <name>.text.UART_open</name>
         <load_address>0x7004ea20</load_address>
         <readonly>true</readonly>
         <executable>true</executable>
         <run_address>0x7004ea20</run_address>
         <size>0x2a8</size>
         <alignment>0x4</alignment>
         <input_file_ref idref="fl-38"/>
         <refd_ro_sections>
            <object_component_ref idref="oc-24c"/>
            <object_component_ref idref="oc-255"/>
            <object_component_ref idref="oc-18a"/>
            <object_component_ref idref="oc-24d"/>
            <object_component_ref idref="oc-189"/>
            <object_component_ref idref="oc-24e"/>
            <object_component_ref idref="oc-24f"/>
            <object_component_ref idref="oc-21a"/>
            <object_component_ref idref="oc-180"/>
            <object_component_ref idref="oc-21b"/>
            <object_component_ref idref="oc-24b"/>
            <object_component_ref idref="oc-243"/>
            <object_component_ref idref="oc-215"/>
            <object_component_ref idref="oc-256"/>
            <object_component_ref idref="oc-252"/>
            <object_component_ref idref="oc-24a"/>
            <object_component_ref idref="oc-244"/>
            <object_component_ref idref="oc-250"/>
            <object_component_ref idref="oc-251"/>
            <object_component_ref idref="oc-170"/>
            <object_component_ref idref="oc-13d"/>
            <object_component_ref idref="oc-71"/>
         </refd_ro_sections>
         <refd_rw_sections>
            <object_component_ref idref="oc-188"/>
            <object_component_ref idref="oc-186"/>
            <object_component_ref idref="oc-254"/>
            <object_component_ref idref="oc-253"/>
            <object_component_ref idref="oc-187"/>
         </refd_rw_sections>
         <value>e4373512b47eea33bf38e5b352a8a00e</value>
      </object_component>
      <object_component id="oc-ef">
         <name>.text.EDMA_init</name>
         <load_address>0x7004ecc8</load_address>
         <readonly>true</readonly>
         <executable>true</executable>
         <run_address>0x7004ecc8</run_address>
         <size>0x27c</size>
         <alignment>0x4</alignment>
         <input_file_ref idref="fl-33"/>
         <refd_ro_sections>
            <object_component_ref idref="oc-177"/>
            <object_component_ref idref="oc-176"/>
            <object_component_ref idref="oc-175"/>
            <object_component_ref idref="oc-171"/>
            <object_component_ref idref="oc-172"/>
            <object_component_ref idref="oc-170"/>
            <object_component_ref idref="oc-89"/>
         </refd_ro_sections>
         <refd_rw_sections>
            <object_component_ref idref="oc-174"/>
            <object_component_ref idref="oc-173"/>
         </refd_rw_sections>
         <value>7aebf498f9916e14c247f9170a5ee52c</value>
      </object_component>
      <object_component id="oc-236">
         <name>.text.SOC_rcmSetPeripheralClock</name>
         <load_address>0x7004ef44</load_address>
         <readonly>true</readonly>
         <executable>true</executable>
         <run_address>0x7004ef44</run_address>
         <size>0x250</size>
         <alignment>0x4</alignment>
         <input_file_ref idref="fl-37"/>
         <refd_ro_sections>
            <object_component_ref idref="oc-278"/>
            <object_component_ref idref="oc-279"/>
            <object_component_ref idref="oc-276"/>
            <object_component_ref idref="oc-277"/>
            <object_component_ref idref="oc-27b"/>
            <object_component_ref idref="oc-27a"/>
            <object_component_ref idref="oc-275"/>
            <object_component_ref idref="oc-274"/>
         </refd_ro_sections>
         <value>4f0a9d2a32b2521ca55e2a6ccadb488a</value>
      </object_component>
      <object_component id="oc-282">
         <name>.text.UART_configInstance</name>
         <load_address>0x7004f194</load_address>
         <readonly>true</readonly>
         <executable>true</executable>
         <run_address>0x7004f194</run_address>
         <size>0x23c</size>
         <alignment>0x2</alignment>
         <input_file_ref idref="fl-39"/>
         <refd_ro_sections>
            <object_component_ref idref="oc-2b6"/>
            <object_component_ref idref="oc-2b5"/>
            <object_component_ref idref="oc-2b7"/>
            <object_component_ref idref="oc-2b4"/>
            <object_component_ref idref="oc-2b8"/>
            <object_component_ref idref="oc-258"/>
         </refd_ro_sections>
         <value>5477a707a619bf4237e60aceae2e714d</value>
      </object_component>
      <object_component id="oc-2c9">
         <name>.text.EDMA_freeChannelRegion</name>
         <load_address>0x7004f3d0</load_address>
         <readonly>true</readonly>
         <executable>true</executable>
         <run_address>0x7004f3d0</run_address>
         <size>0x204</size>
         <alignment>0x4</alignment>
         <input_file_ref idref="fl-33"/>
         <refd_ro_sections>
            <object_component_ref idref="oc-27d"/>
            <object_component_ref idref="oc-2e6"/>
            <object_component_ref idref="oc-2e7"/>
            <object_component_ref idref="oc-176"/>
            <object_component_ref idref="oc-23c"/>
            <object_component_ref idref="oc-2e8"/>
            <object_component_ref idref="oc-2e5"/>
            <object_component_ref idref="oc-175"/>
            <object_component_ref idref="oc-2e4"/>
            <object_component_ref idref="oc-2e2"/>
            <object_component_ref idref="oc-2e1"/>
            <object_component_ref idref="oc-2e3"/>
            <object_component_ref idref="oc-170"/>
         </refd_ro_sections>
         <refd_rw_sections>
            <object_component_ref idref="oc-174"/>
            <object_component_ref idref="oc-173"/>
         </refd_rw_sections>
         <value>1698eb8cafaed534bf73e3d13766dbda</value>
      </object_component>
      <object_component id="oc-329">
         <name>.text.free</name>
         <load_address>0x7004f5d4</load_address>
         <readonly>true</readonly>
         <executable>true</executable>
         <run_address>0x7004f5d4</run_address>
         <size>0x1a8</size>
         <alignment>0x4</alignment>
         <input_file_ref idref="fl-57"/>
         <refd_ro_sections>
            <object_component_ref idref="oc-344"/>
            <object_component_ref idref="oc-343"/>
         </refd_ro_sections>
         <refd_rw_sections>
            <object_component_ref idref="oc-12d"/>
            <object_component_ref idref="oc-130"/>
            <object_component_ref idref="oc-49"/>
         </refd_rw_sections>
         <refd_linker_syms>
            <symbol_ref idref="sm-16"/>
         </refd_linker_syms>
         <value>c2c6a0883acd2f1093dcc82e731bbced</value>
      </object_component>
      <object_component id="oc-345">
         <name>.text.aligned_alloc</name>
         <load_address>0x7004f77c</load_address>
         <readonly>true</readonly>
         <executable>true</executable>
         <run_address>0x7004f77c</run_address>
         <size>0x1a4</size>
         <alignment>0x4</alignment>
         <input_file_ref idref="fl-57"/>
         <refd_ro_sections>
            <object_component_ref idref="oc-344"/>
            <object_component_ref idref="oc-343"/>
            <object_component_ref idref="oc-372"/>
         </refd_ro_sections>
         <refd_rw_sections>
            <object_component_ref idref="oc-371"/>
            <object_component_ref idref="oc-12d"/>
            <object_component_ref idref="oc-130"/>
            <object_component_ref idref="oc-373"/>
            <object_component_ref idref="oc-49"/>
         </refd_rw_sections>
         <refd_linker_syms>
            <symbol_ref idref="sm-16"/>
         </refd_linker_syms>
         <value>897beb5ba77f18dd45527654a554f37b</value>
      </object_component>
      <object_component id="oc-283">
         <name>.text.UART_lld_dmaInit</name>
         <load_address>0x7004f920</load_address>
         <readonly>true</readonly>
         <executable>true</executable>
         <run_address>0x7004f920</run_address>
         <size>0x194</size>
         <alignment>0x4</alignment>
         <input_file_ref idref="fl-3a"/>
         <refd_ro_sections>
            <object_component_ref idref="oc-2bc"/>
            <object_component_ref idref="oc-2be"/>
            <object_component_ref idref="oc-2bd"/>
            <object_component_ref idref="oc-2bf"/>
            <object_component_ref idref="oc-2b9"/>
            <object_component_ref idref="oc-2ba"/>
            <object_component_ref idref="oc-2bb"/>
            <object_component_ref idref="oc-2c0"/>
            <object_component_ref idref="oc-2c3"/>
            <object_component_ref idref="oc-2c1"/>
            <object_component_ref idref="oc-2c2"/>
         </refd_ro_sections>
         <value>e7b6d4e56f74e336685e9beaf54a1509</value>
      </object_component>
      <object_component id="oc-123">
         <name>.text.EDMA_deinit</name>
         <load_address>0x7004fab4</load_address>
         <readonly>true</readonly>
         <executable>true</executable>
         <run_address>0x7004fab4</run_address>
         <size>0x160</size>
         <alignment>0x4</alignment>
         <input_file_ref idref="fl-33"/>
         <refd_ro_sections>
            <object_component_ref idref="oc-89"/>
         </refd_ro_sections>
         <refd_rw_sections>
            <object_component_ref idref="oc-174"/>
            <object_component_ref idref="oc-173"/>
         </refd_rw_sections>
         <value>6fc01ec0cb0b3ef7c9f17a3eb90b59ea</value>
      </object_component>
      <object_component id="oc-256">
         <name>.text.UART_lld_controllerIsr</name>
         <load_address>0x7004fc14</load_address>
         <readonly>true</readonly>
         <executable>true</executable>
         <run_address>0x7004fc14</run_address>
         <size>0x15c</size>
         <alignment>0x2</alignment>
         <input_file_ref idref="fl-39"/>
         <refd_ro_sections>
            <object_component_ref idref="oc-290"/>
            <object_component_ref idref="oc-28c"/>
            <object_component_ref idref="oc-258"/>
            <object_component_ref idref="oc-28d"/>
            <object_component_ref idref="oc-28f"/>
            <object_component_ref idref="oc-28e"/>
            <object_component_ref idref="oc-89"/>
         </refd_ro_sections>
         <value>5b69bdc693d0c4531baa82ed945422b6</value>
      </object_component>
      <object_component id="oc-299">
         <name>.text.UART_lld_dmaDeInit</name>
         <load_address>0x7004fd70</load_address>
         <readonly>true</readonly>
         <executable>true</executable>
         <run_address>0x7004fd70</run_address>
         <size>0x14e</size>
         <alignment>0x2</alignment>
         <input_file_ref idref="fl-3a"/>
         <refd_ro_sections>
            <object_component_ref idref="oc-2c9"/>
            <object_component_ref idref="oc-2ca"/>
            <object_component_ref idref="oc-2cc"/>
            <object_component_ref idref="oc-2cb"/>
            <object_component_ref idref="oc-2c8"/>
         </refd_ro_sections>
         <value>c368d92b3444e27c2e6a80a1c86984bb</value>
      </object_component>
      <object_component id="oc-a3">
         <name>.text.Board_init</name>
         <load_address>0x7004febe</load_address>
         <readonly>true</readonly>
         <executable>true</executable>
         <run_address>0x7004febe</run_address>
         <size>0x2</size>
         <alignment>0x2</alignment>
         <input_file_ref idref="fl-7"/>
         <value>d1a51d9bea3c0661dce49dfbc1477361</value>
      </object_component>
      <object_component id="oc-30e">
         <name>.text.setvbuf</name>
         <load_address>0x7004fec0</load_address>
         <readonly>true</readonly>
         <executable>true</executable>
         <run_address>0x7004fec0</run_address>
         <size>0x144</size>
         <alignment>0x4</alignment>
         <input_file_ref idref="fl-53"/>
         <refd_ro_sections>
            <object_component_ref idref="oc-32c"/>
            <object_component_ref idref="oc-329"/>
            <object_component_ref idref="oc-32b"/>
         </refd_ro_sections>
         <refd_rw_sections>
            <object_component_ref idref="oc-12f"/>
            <object_component_ref idref="oc-12d"/>
            <object_component_ref idref="oc-130"/>
         </refd_rw_sections>
         <value>64fe1afe11d1e7d97f8c4dcbf5d68045</value>
      </object_component>
      <object_component id="oc-1cb">
         <name>.text.TimerP_setup</name>
         <load_address>0x70050004</load_address>
         <readonly>true</readonly>
         <executable>true</executable>
         <run_address>0x70050004</run_address>
         <size>0x140</size>
         <alignment>0x2</alignment>
         <input_file_ref idref="fl-22"/>
         <refd_ro_sections>
            <object_component_ref idref="oc-225"/>
            <object_component_ref idref="oc-229"/>
            <object_component_ref idref="oc-228"/>
            <object_component_ref idref="oc-226"/>
            <object_component_ref idref="oc-22a"/>
            <object_component_ref idref="oc-224"/>
            <object_component_ref idref="oc-227"/>
            <object_component_ref idref="oc-170"/>
            <object_component_ref idref="oc-15d"/>
         </refd_ro_sections>
         <value>b9463f888aeea141dbed7262c1bbeda1</value>
      </object_component>
      <object_component id="oc-305">
         <name>.text.SOC_virtToPhy</name>
         <load_address>0x70050144</load_address>
         <readonly>true</readonly>
         <executable>true</executable>
         <run_address>0x70050144</run_address>
         <size>0x13c</size>
         <alignment>0x4</alignment>
         <input_file_ref idref="fl-36"/>
         <refd_ro_sections>
            <object_component_ref idref="oc-31c"/>
            <object_component_ref idref="oc-322"/>
         </refd_ro_sections>
         <refd_rw_sections>
            <object_component_ref idref="oc-324"/>
            <object_component_ref idref="oc-323"/>
         </refd_rw_sections>
         <value>2a0be40b83204e6e3b2b7e59600a808f</value>
      </object_component>
      <object_component id="oc-215">
         <name>.text.UART_close</name>
         <load_address>0x70050280</load_address>
         <readonly>true</readonly>
         <executable>true</executable>
         <run_address>0x70050280</run_address>
         <size>0x138</size>
         <alignment>0x4</alignment>
         <input_file_ref idref="fl-38"/>
         <refd_ro_sections>
            <object_component_ref idref="oc-24c"/>
            <object_component_ref idref="oc-25e"/>
            <object_component_ref idref="oc-18a"/>
            <object_component_ref idref="oc-25d"/>
            <object_component_ref idref="oc-189"/>
            <object_component_ref idref="oc-1ae"/>
            <object_component_ref idref="oc-21b"/>
            <object_component_ref idref="oc-24b"/>
            <object_component_ref idref="oc-257"/>
            <object_component_ref idref="oc-259"/>
            <object_component_ref idref="oc-258"/>
            <object_component_ref idref="oc-25c"/>
            <object_component_ref idref="oc-25b"/>
            <object_component_ref idref="oc-25a"/>
            <object_component_ref idref="oc-170"/>
            <object_component_ref idref="oc-71"/>
         </refd_ro_sections>
         <refd_rw_sections>
            <object_component_ref idref="oc-187"/>
         </refd_rw_sections>
         <value>96addec2cd2d4c0351e90d44bd8c4184</value>
      </object_component>
      <object_component id="oc-2a8">
         <name>.text._ntoa_format</name>
         <load_address>0x700503b8</load_address>
         <readonly>true</readonly>
         <executable>true</executable>
         <run_address>0x700503b8</run_address>
         <size>0x132</size>
         <alignment>0x2</alignment>
         <input_file_ref idref="fl-27"/>
         <refd_ro_sections>
            <object_component_ref idref="oc-2a5"/>
            <object_component_ref idref="oc-2a4"/>
         </refd_ro_sections>
         <value>a5a919170c2d613efdd401dc70285b4f</value>
      </object_component>
      <object_component id="oc-126">
         <name>.text.Dpl_deinit</name>
         <load_address>0x700504ea</load_address>
         <readonly>true</readonly>
         <executable>true</executable>
         <run_address>0x700504ea</run_address>
         <size>0x2</size>
         <alignment>0x2</alignment>
         <input_file_ref idref="fl-2"/>
         <value>d1a51d9bea3c0661dce49dfbc1477361</value>
      </object_component>
      <object_component id="oc-2d6">
         <name>.text.Alloc_resource</name>
         <load_address>0x700504ec</load_address>
         <readonly>true</readonly>
         <executable>true</executable>
         <run_address>0x700504ec</run_address>
         <size>0x118</size>
         <alignment>0x4</alignment>
         <input_file_ref idref="fl-33"/>
         <refd_ro_sections>
            <object_component_ref idref="oc-76"/>
         </refd_ro_sections>
         <value>3e4aae3ac20f8a21030fa48fe455052d</value>
      </object_component>
      <object_component id="oc-1d6">
         <name>.text</name>
         <load_address>0x70050604</load_address>
         <readonly>true</readonly>
         <executable>true</executable>
         <run_address>0x70050604</run_address>
         <size>0x118</size>
         <alignment>0x4</alignment>
         <input_file_ref idref="fl-121"/>
         <refd_ro_sections>
            <object_component_ref idref="oc-22e"/>
         </refd_ro_sections>
         <value>eaf1edc13536b37e5b03b807401e07f2</value>
      </object_component>
      <object_component id="oc-274">
         <name>.text.SOC_rcmGetPeripheralClockFrequency</name>
         <load_address>0x7005071c</load_address>
         <readonly>true</readonly>
         <executable>true</executable>
         <run_address>0x7005071c</run_address>
         <size>0x114</size>
         <alignment>0x4</alignment>
         <input_file_ref idref="fl-37"/>
         <refd_ro_sections>
            <object_component_ref idref="oc-2ae"/>
            <object_component_ref idref="oc-26d"/>
            <object_component_ref idref="oc-2b0"/>
            <object_component_ref idref="oc-2b1"/>
            <object_component_ref idref="oc-26e"/>
            <object_component_ref idref="oc-270"/>
            <object_component_ref idref="oc-2af"/>
            <object_component_ref idref="oc-26c"/>
            <object_component_ref idref="oc-22d"/>
            <object_component_ref idref="oc-170"/>
         </refd_ro_sections>
         <value>8b54793e3124248086d2ff5a08a09441</value>
      </object_component>
      <object_component id="oc-301">
         <name>.text.UART_lld_write</name>
         <load_address>0x70050830</load_address>
         <readonly>true</readonly>
         <executable>true</executable>
         <run_address>0x70050830</run_address>
         <size>0x10e</size>
         <alignment>0x2</alignment>
         <input_file_ref idref="fl-39"/>
         <refd_ro_sections>
            <object_component_ref idref="oc-28e"/>
            <object_component_ref idref="oc-89"/>
         </refd_ro_sections>
         <value>d779b19611bf6523b2e17a2f9cfedd5a</value>
      </object_component>
      <object_component id="oc-1ae">
         <name>.text.SemaphoreP_destruct</name>
         <load_address>0x7005093e</load_address>
         <readonly>true</readonly>
         <executable>true</executable>
         <run_address>0x7005093e</run_address>
         <size>0x2</size>
         <alignment>0x2</alignment>
         <input_file_ref idref="fl-31"/>
         <value>d1a51d9bea3c0661dce49dfbc1477361</value>
      </object_component>
      <object_component id="oc-238">
         <name>.text.EDMA_transferCompletionMasterIsrFxn</name>
         <load_address>0x70050940</load_address>
         <readonly>true</readonly>
         <executable>true</executable>
         <run_address>0x70050940</run_address>
         <size>0x104</size>
         <alignment>0x4</alignment>
         <input_file_ref idref="fl-33"/>
         <refd_ro_sections>
            <object_component_ref idref="oc-27d"/>
            <object_component_ref idref="oc-27e"/>
            <object_component_ref idref="oc-176"/>
            <object_component_ref idref="oc-23c"/>
            <object_component_ref idref="oc-175"/>
            <object_component_ref idref="oc-170"/>
         </refd_ro_sections>
         <value>c10fda514200d5d6dcb3a0638004a1ec</value>
      </object_component>
      <object_component id="oc-2df">
         <name>.text.UART_lld_dmaWrite</name>
         <load_address>0x70050a44</load_address>
         <readonly>true</readonly>
         <executable>true</executable>
         <run_address>0x70050a44</run_address>
         <size>0x104</size>
         <alignment>0x4</alignment>
         <input_file_ref idref="fl-3a"/>
         <refd_ro_sections>
            <object_component_ref idref="oc-304"/>
            <object_component_ref idref="oc-306"/>
            <object_component_ref idref="oc-307"/>
            <object_component_ref idref="oc-308"/>
            <object_component_ref idref="oc-172"/>
            <object_component_ref idref="oc-305"/>
            <object_component_ref idref="oc-291"/>
         </refd_ro_sections>
         <value>a9f258f08249f69da3e08e56c6a20813</value>
      </object_component>
      <object_component id="oc-14b">
         <name>.text.ClockP_init</name>
         <load_address>0x70050b48</load_address>
         <readonly>true</readonly>
         <executable>true</executable>
         <run_address>0x70050b48</run_address>
         <size>0x102</size>
         <alignment>0x2</alignment>
         <input_file_ref idref="fl-21"/>
         <refd_ro_sections>
            <object_component_ref idref="oc-1c0"/>
            <object_component_ref idref="oc-1c3"/>
            <object_component_ref idref="oc-1c1"/>
            <object_component_ref idref="oc-1c4"/>
            <object_component_ref idref="oc-1c2"/>
            <object_component_ref idref="oc-1c5"/>
            <object_component_ref idref="oc-1ce"/>
            <object_component_ref idref="oc-1c6"/>
            <object_component_ref idref="oc-1cd"/>
            <object_component_ref idref="oc-1cb"/>
            <object_component_ref idref="oc-1cf"/>
            <object_component_ref idref="oc-170"/>
            <object_component_ref idref="oc-71"/>
         </refd_ro_sections>
         <refd_rw_sections>
            <object_component_ref idref="oc-1aa"/>
            <object_component_ref idref="oc-1bf"/>
         </refd_rw_sections>
         <value>86fa344941a8417a49cf9ce6d03d2b79</value>
      </object_component>
      <object_component id="oc-292">
         <name>.text.TaskP_yield</name>
         <load_address>0x70050c4a</load_address>
         <readonly>true</readonly>
         <executable>true</executable>
         <run_address>0x70050c4a</run_address>
         <size>0x2</size>
         <alignment>0x2</alignment>
         <input_file_ref idref="fl-125"/>
         <value>d1a51d9bea3c0661dce49dfbc1477361</value>
      </object_component>
      <object_component id="oc-2d4">
         <name>.text.UART_write</name>
         <load_address>0x70050c4c</load_address>
         <readonly>true</readonly>
         <executable>true</executable>
         <run_address>0x70050c4c</run_address>
         <size>0xfc</size>
         <alignment>0x4</alignment>
         <input_file_ref idref="fl-38"/>
         <refd_ro_sections>
            <object_component_ref idref="oc-25e"/>
            <object_component_ref idref="oc-18a"/>
            <object_component_ref idref="oc-303"/>
            <object_component_ref idref="oc-189"/>
            <object_component_ref idref="oc-21b"/>
            <object_component_ref idref="oc-301"/>
            <object_component_ref idref="oc-300"/>
            <object_component_ref idref="oc-2ff"/>
            <object_component_ref idref="oc-302"/>
            <object_component_ref idref="oc-170"/>
            <object_component_ref idref="oc-76"/>
         </refd_ro_sections>
         <value>d330943501921ea1c6eb8e86c7d878b1</value>
      </object_component>
      <object_component id="oc-2cd">
         <name>.text.fputc</name>
         <load_address>0x70050d48</load_address>
         <readonly>true</readonly>
         <executable>true</executable>
         <run_address>0x70050d48</run_address>
         <size>0xf0</size>
         <alignment>0x4</alignment>
         <input_file_ref idref="fl-51"/>
         <refd_ro_sections>
            <object_component_ref idref="oc-2f6"/>
            <object_component_ref idref="oc-2ec"/>
            <object_component_ref idref="oc-2f2"/>
         </refd_ro_sections>
         <refd_rw_sections>
            <object_component_ref idref="oc-12d"/>
            <object_component_ref idref="oc-130"/>
         </refd_rw_sections>
         <value>78817c6884ee8f26e2662c495ba03c3d</value>
      </object_component>
      <object_component id="oc-2c8">
         <name>.text.EDMA_unregisterIntr</name>
         <load_address>0x70050e38</load_address>
         <readonly>true</readonly>
         <executable>true</executable>
         <run_address>0x70050e38</run_address>
         <size>0xcc</size>
         <alignment>0x4</alignment>
         <input_file_ref idref="fl-33"/>
         <refd_ro_sections>
            <object_component_ref idref="oc-2e0"/>
            <object_component_ref idref="oc-176"/>
            <object_component_ref idref="oc-23c"/>
            <object_component_ref idref="oc-175"/>
            <object_component_ref idref="oc-170"/>
            <object_component_ref idref="oc-76"/>
         </refd_ro_sections>
         <value>fd37efc9abb5314fb52f3dc935952207</value>
      </object_component>
      <object_component id="oc-244">
         <name>.text.UART_lld_initDma</name>
         <load_address>0x70050f04</load_address>
         <readonly>true</readonly>
         <executable>true</executable>
         <run_address>0x70050f04</run_address>
         <size>0xcc</size>
         <alignment>0x4</alignment>
         <input_file_ref idref="fl-39"/>
         <refd_ro_sections>
            <object_component_ref idref="oc-289"/>
            <object_component_ref idref="oc-27f"/>
            <object_component_ref idref="oc-280"/>
            <object_component_ref idref="oc-281"/>
            <object_component_ref idref="oc-282"/>
            <object_component_ref idref="oc-25b"/>
            <object_component_ref idref="oc-283"/>
         </refd_ro_sections>
         <value>fce7bf5b59cf7e1ad11b03d092596bc1</value>
      </object_component>
      <object_component id="oc-3a9">
         <name>.text.getdevice</name>
         <load_address>0x70050fd0</load_address>
         <readonly>true</readonly>
         <executable>true</executable>
         <run_address>0x70050fd0</run_address>
         <size>0xc8</size>
         <alignment>0x4</alignment>
         <input_file_ref idref="fl-119"/>
         <refd_ro_sections>
            <object_component_ref idref="oc-89"/>
            <object_component_ref idref="oc-3b2"/>
         </refd_ro_sections>
         <refd_rw_sections>
            <object_component_ref idref="oc-335"/>
         </refd_rw_sections>
         <value>3de42f20f2ba4c7243ed450665f157e9</value>
      </object_component>
      <object_component id="oc-24a">
         <name>.text.UART_lld_init</name>
         <load_address>0x70051098</load_address>
         <readonly>true</readonly>
         <executable>true</executable>
         <run_address>0x70051098</run_address>
         <size>0xc0</size>
         <alignment>0x4</alignment>
         <input_file_ref idref="fl-39"/>
         <refd_ro_sections>
            <object_component_ref idref="oc-289"/>
            <object_component_ref idref="oc-27f"/>
            <object_component_ref idref="oc-280"/>
            <object_component_ref idref="oc-281"/>
            <object_component_ref idref="oc-282"/>
            <object_component_ref idref="oc-25c"/>
         </refd_ro_sections>
         <value>245c88175bc27d69dc59351f6bdde342</value>
      </object_component>
      <object_component id="oc-2c0">
         <name>.text.EDMA_registerIntr</name>
         <load_address>0x70051158</load_address>
         <readonly>true</readonly>
         <executable>true</executable>
         <run_address>0x70051158</run_address>
         <size>0xbc</size>
         <alignment>0x4</alignment>
         <input_file_ref idref="fl-33"/>
         <refd_ro_sections>
            <object_component_ref idref="oc-176"/>
            <object_component_ref idref="oc-2dc"/>
            <object_component_ref idref="oc-23c"/>
            <object_component_ref idref="oc-175"/>
            <object_component_ref idref="oc-170"/>
            <object_component_ref idref="oc-76"/>
         </refd_ro_sections>
         <value>9fddce062b01a69960d364eba93de253</value>
      </object_component>
      <object_component id="oc-325">
         <name>.text.fseeko</name>
         <load_address>0x70051214</load_address>
         <readonly>true</readonly>
         <executable>true</executable>
         <run_address>0x70051214</run_address>
         <size>0xb4</size>
         <alignment>0x4</alignment>
         <input_file_ref idref="fl-5c"/>
         <refd_ro_sections>
            <object_component_ref idref="oc-2f6"/>
            <object_component_ref idref="oc-33f"/>
         </refd_ro_sections>
         <refd_rw_sections>
            <object_component_ref idref="oc-12d"/>
            <object_component_ref idref="oc-130"/>
         </refd_rw_sections>
         <value>2d0582b64ca4381b787fd8d9415b78d7</value>
      </object_component>
      <object_component id="oc-346">
         <name>.text.__TI_closefile</name>
         <load_address>0x700512c8</load_address>
         <readonly>true</readonly>
         <executable>true</executable>
         <run_address>0x700512c8</run_address>
         <size>0xb0</size>
         <alignment>0x4</alignment>
         <input_file_ref idref="fl-60"/>
         <refd_ro_sections>
            <object_component_ref idref="oc-2f6"/>
            <object_component_ref idref="oc-374"/>
            <object_component_ref idref="oc-329"/>
            <object_component_ref idref="oc-378"/>
         </refd_ro_sections>
         <refd_rw_sections>
            <object_component_ref idref="oc-37c"/>
            <object_component_ref idref="oc-12d"/>
            <object_component_ref idref="oc-130"/>
         </refd_rw_sections>
         <value>187979fcd67a930590fda94a592d888b</value>
      </object_component>
      <object_component id="oc-263">
         <name>.text._ntoa_long_long</name>
         <load_address>0x70051378</load_address>
         <readonly>true</readonly>
         <executable>true</executable>
         <run_address>0x70051378</run_address>
         <size>0xb0</size>
         <alignment>0x2</alignment>
         <input_file_ref idref="fl-27"/>
         <refd_ro_sections>
            <object_component_ref idref="oc-15d"/>
            <object_component_ref idref="oc-2a8"/>
         </refd_ro_sections>
         <value>e274e78b5ba2e95a01711dfffd67ef68</value>
      </object_component>
      <object_component id="oc-22d">
         <name>.text.SOC_rcmGetCoreHSDivOut</name>
         <load_address>0x70051428</load_address>
         <readonly>true</readonly>
         <executable>true</executable>
         <run_address>0x70051428</run_address>
         <size>0xac</size>
         <alignment>0x4</alignment>
         <input_file_ref idref="fl-37"/>
         <refd_ro_sections>
            <object_component_ref idref="oc-26d"/>
            <object_component_ref idref="oc-271"/>
            <object_component_ref idref="oc-26e"/>
            <object_component_ref idref="oc-26f"/>
            <object_component_ref idref="oc-270"/>
            <object_component_ref idref="oc-26c"/>
            <object_component_ref idref="oc-170"/>
         </refd_ro_sections>
         <value>0ce70e0679ae649eb6fd043e2108a565</value>
      </object_component>
      <object_component id="oc-2b5">
         <name>.text.UART_divisorLatchWrite</name>
         <load_address>0x700514d4</load_address>
         <readonly>true</readonly>
         <executable>true</executable>
         <run_address>0x700514d4</run_address>
         <size>0xac</size>
         <alignment>0x2</alignment>
         <input_file_ref idref="fl-39"/>
         <value>baa0d7bf7de20e32b490a3beeba102b8</value>
      </object_component>
      <object_component id="oc-1f2">
         <name>.text.EDMA_open</name>
         <load_address>0x70051580</load_address>
         <readonly>true</readonly>
         <executable>true</executable>
         <run_address>0x70051580</run_address>
         <size>0xa8</size>
         <alignment>0x4</alignment>
         <input_file_ref idref="fl-33"/>
         <refd_ro_sections>
            <object_component_ref idref="oc-239"/>
            <object_component_ref idref="oc-176"/>
            <object_component_ref idref="oc-23a"/>
            <object_component_ref idref="oc-238"/>
            <object_component_ref idref="oc-170"/>
            <object_component_ref idref="oc-71"/>
         </refd_ro_sections>
         <refd_rw_sections>
            <object_component_ref idref="oc-174"/>
            <object_component_ref idref="oc-173"/>
         </refd_rw_sections>
         <value>d52f4041da32e0be04d852bc7831721d</value>
      </object_component>
      <object_component id="oc-2a4">
         <name>.text._out_rev</name>
         <load_address>0x70051628</load_address>
         <readonly>true</readonly>
         <executable>true</executable>
         <run_address>0x70051628</run_address>
         <size>0xa6</size>
         <alignment>0x2</alignment>
         <input_file_ref idref="fl-27"/>
         <value>89c9ef2a7b0f990fee21da3ea4ad42bc</value>
      </object_component>
      <object_component id="oc-2c3">
         <name>.text.UART_edmaDoNothing</name>
         <load_address>0x700516ce</load_address>
         <readonly>true</readonly>
[...]
         <object_component_ref idref="oc-3a9"/>
         <local>true</local>
      </symbol>
      <symbol id="sm-671">
         <name></name>
         <value>0x125cd</value>
         <object_component_ref idref="oc-3ac"/>
         <local>true</local>
      </symbol>
      <symbol id="sm-672">
         <name></name>
         <value>0x4688</value>
         <object_component_ref idref="oc-3b3"/>
         <local>true</local>
      </symbol>
      <symbol id="sm-673">
         <name></name>
         <value>0x2508</value>
         <object_component_ref idref="oc-3ab"/>
         <local>true</local>
      </symbol>
      <symbol id="sm-674">
         <name></name>
         <value>0x1918b</value>
         <object_component_ref idref="oc-3b4"/>
         <local>true</local>
      </symbol>
      <symbol id="sm-675">
         <name></name>
         <value>0x3060</value>
         <object_component_ref idref="oc-3aa"/>
         <local>true</local>
      </symbol>
      <symbol id="sm-676">
         <name></name>
         <value>0xf612</value>
         <object_component_ref idref="oc-3ad"/>
         <local>true</local>
      </symbol>
      <symbol id="sm-677">
         <name>finddevice</name>
         <value>0x70052b08</value>
         <object_component_ref idref="oc-3b2"/>
         <function>true</function>
         <callees>
            <symbol_ref idref="sm-683"/>
         </callees>
      </symbol>
      <symbol id="sm-678">
         <name>getdevice</name>
         <value>0x70050fd0</value>
         <object_component_ref idref="oc-3a9"/>
         <function>true</function>
         <callees>
            <symbol_ref idref="sm-6a2"/>
            <symbol_ref idref="sm-677"/>
         </callees>
      </symbol>
      <symbol id="sm-679">
         <name></name>
         <value>0x70053d20</value>
         <object_component_ref idref="oc-3ba"/>
         <local>true</local>
      </symbol>
      <symbol id="sm-67a">
         <name>.Lfastpath_exit</name>
         <value>0x70053d20</value>
         <object_component_ref idref="oc-3ba"/>
         <local>true</local>
      </symbol>
      <symbol id="sm-67b">
         <name>$a.0</name>
         <value>0x70053d20</value>
         <object_component_ref idref="oc-3ba"/>
         <local>true</local>
      </symbol>
      <symbol id="sm-67c">
         <name></name>
         <value>0x7004e380</value>
         <object_component_ref idref="oc-3b5"/>
         <local>true</local>
      </symbol>
      <symbol id="sm-67d">
         <name></name>
         <value>0x7004e380</value>
         <object_component_ref idref="oc-3b5"/>
         <local>true</local>
      </symbol>
      <symbol id="sm-67e">
         <name>$a.1</name>
         <value>0x7004e380</value>
         <object_component_ref idref="oc-3b5"/>
         <local>true</local>
      </symbol>
      <symbol id="sm-67f">
         <name></name>
         <value>0x2756a</value>
         <object_component_ref idref="oc-3b8"/>
         <local>true</local>
      </symbol>
      <symbol id="sm-680">
         <name></name>
         <value>0x480d</value>
         <object_component_ref idref="oc-3bb"/>
         <local>true</local>
      </symbol>
      <symbol id="sm-681">
         <name></name>
         <value>0x2520</value>
         <object_component_ref idref="oc-3b7"/>
         <local>true</local>
      </symbol>
      <symbol id="sm-682">
         <name></name>
         <value>0xf81a</value>
         <object_component_ref idref="oc-3b9"/>
         <local>true</local>
      </symbol>
      <symbol id="sm-683">
         <name>strcmp</name>
         <value>0x7004e380</value>
         <object_component_ref idref="oc-3b5"/>
         <function>true</function>
      </symbol>
      <symbol id="sm-685">
         <name></name>
         <value>0x70053d90</value>
         <object_component_ref idref="oc-22e"/>
         <local>true</local>
      </symbol>
      <symbol id="sm-686">
         <name>$a.1</name>
         <value>0x70053d90</value>
         <object_component_ref idref="oc-22e"/>
         <local>true</local>
      </symbol>
      <symbol id="sm-687">
         <name></name>
         <value>0x1270d</value>
         <object_component_ref idref="oc-22f"/>
         <local>true</local>
      </symbol>
      <symbol id="sm-688">
         <name></name>
         <value>0x482c</value>
         <object_component_ref idref="oc-272"/>
         <local>true</local>
      </symbol>
      <symbol id="sm-689">
         <name></name>
         <value>0x2548</value>
         <object_component_ref idref="oc-231"/>
         <local>true</local>
      </symbol>
      <symbol id="sm-68a">
         <name></name>
         <value>0x19362</value>
         <object_component_ref idref="oc-273"/>
         <local>true</local>
      </symbol>
      <symbol id="sm-68b">
         <name></name>
         <value>0x30b0</value>
         <object_component_ref idref="oc-233"/>
         <local>true</local>
      </symbol>
      <symbol id="sm-68c">
         <name></name>
         <value>0xf94d</value>
         <object_component_ref idref="oc-232"/>
         <local>true</local>
      </symbol>
      <symbol id="sm-68d">
         <name>__aeabi_ldiv0</name>
         <value>0x70053d90</value>
         <object_component_ref idref="oc-22e"/>
         <function>true</function>
      </symbol>
      <symbol id="sm-68e">
         <name></name>
         <value>0x70053d94</value>
         <object_component_ref idref="oc-13d"/>
         <local>true</local>
      </symbol>
      <symbol id="sm-68f">
         <name>$a.0</name>
         <value>0x70053d94</value>
         <object_component_ref idref="oc-13d"/>
         <local>true</local>
      </symbol>
      <symbol id="sm-690">
         <name></name>
         <value>0x276fa</value>
         <object_component_ref idref="oc-13e"/>
         <local>true</local>
      </symbol>
      <symbol id="sm-691">
         <name></name>
         <value>0x4885</value>
         <object_component_ref idref="oc-1ba"/>
         <local>true</local>
      </symbol>
      <symbol id="sm-692">
         <name></name>
         <value>0xfa02</value>
         <object_component_ref idref="oc-140"/>
         <local>true</local>
      </symbol>
      <symbol id="sm-693">
         <name>__aeabi_memcpy</name>
         <value>0x70053d94</value>
         <object_component_ref idref="oc-13d"/>
         <function>true</function>
         <callees>
            <symbol_ref idref="sm-6b7"/>
         </callees>
      </symbol>
      <symbol id="sm-694">
         <name>__aeabi_memcpy4</name>
         <value>0x70053d94</value>
         <object_component_ref idref="oc-13d"/>
         <function>true</function>
         <callees>
            <symbol_ref idref="sm-6b7"/>
         </callees>
      </symbol>
      <symbol id="sm-695">
         <name>__aeabi_memcpy8</name>
         <value>0x70053d94</value>
         <object_component_ref idref="oc-13d"/>
         <function>true</function>
         <callees>
            <symbol_ref idref="sm-6b7"/>
         </callees>
      </symbol>
      <symbol id="sm-696">
         <name></name>
         <value>0x70053c90</value>
         <object_component_ref idref="oc-2a5"/>
         <local>true</local>
      </symbol>
      <symbol id="sm-697">
         <name>$a.0</name>
         <value>0x70053c90</value>
         <object_component_ref idref="oc-2a5"/>
         <local>true</local>
      </symbol>
      <symbol id="sm-698">
         <name></name>
         <value>0x70053d00</value>
         <object_component_ref idref="oc-89"/>
         <local>true</local>
      </symbol>
      <symbol id="sm-699">
         <name>$a.1</name>
         <value>0x70053d00</value>
         <object_component_ref idref="oc-89"/>
         <local>true</local>
      </symbol>
      <symbol id="sm-69a">
         <name></name>
         <value>0x27895</value>
         <object_component_ref idref="oc-8c"/>
         <local>true</local>
      </symbol>
      <symbol id="sm-69b">
         <name></name>
         <value>0x48ac</value>
         <object_component_ref idref="oc-d4"/>
         <local>true</local>
      </symbol>
      <symbol id="sm-69c">
         <name></name>
         <value>0x2560</value>
         <object_component_ref idref="oc-8d"/>
         <local>true</local>
      </symbol>
      <symbol id="sm-69d">
         <name></name>
         <value>0xfaa4</value>
         <object_component_ref idref="oc-8b"/>
         <local>true</local>
      </symbol>
      <symbol id="sm-69e">
         <name>__aeabi_memset</name>
         <value>0x70053c90</value>
         <object_component_ref idref="oc-2a5"/>
         <function>true</function>
         <callees>
            <symbol_ref idref="sm-6bf"/>
         </callees>
      </symbol>
      <symbol id="sm-69f">
         <name>__aeabi_memset4</name>
         <value>0x70053c90</value>
         <object_component_ref idref="oc-2a5"/>
         <function>true</function>
         <callees>
            <symbol_ref idref="sm-6bf"/>
         </callees>
      </symbol>
      <symbol id="sm-6a0">
         <name>__aeabi_memset8</name>
         <value>0x70053c90</value>
         <object_component_ref idref="oc-2a5"/>
         <function>true</function>
         <callees>
            <symbol_ref idref="sm-6bf"/>
         </callees>
      </symbol>
      <symbol id="sm-6a1">
         <name>__aeabi_memclr</name>
         <value>0x70053d00</value>
         <object_component_ref idref="oc-89"/>
         <function>true</function>
         <callees>
            <symbol_ref idref="sm-6bf"/>
         </callees>
      </symbol>
      <symbol id="sm-6a2">
         <name>__aeabi_memclr4</name>
         <value>0x70053d00</value>
         <object_component_ref idref="oc-89"/>
         <function>true</function>
         <callees>
            <symbol_ref idref="sm-6bf"/>
         </callees>
      </symbol>
      <symbol id="sm-6a3">
         <name>__aeabi_memclr8</name>
         <value>0x70053d00</value>
         <object_component_ref idref="oc-89"/>
         <function>true</function>
         <callees>
            <symbol_ref idref="sm-6bf"/>
         </callees>
      </symbol>
      <symbol id="sm-6a4">
         <name></name>
         <value>0x700539a8</value>
         <object_component_ref idref="oc-15d"/>
         <local>true</local>
      </symbol>
      <symbol id="sm-6a5">
         <name>$a.0</name>
         <value>0x700539a8</value>
         <object_component_ref idref="oc-15d"/>
         <local>true</local>
      </symbol>
      <symbol id="sm-6a6">
         <name></name>
         <value>0x27a4c</value>
         <object_component_ref idref="oc-160"/>
         <local>true</local>
      </symbol>
      <symbol id="sm-6a7">
         <name></name>
         <value>0x48d1</value>
         <object_component_ref idref="oc-1da"/>
         <local>true</local>
      </symbol>
      <symbol id="sm-6a8">
         <name></name>
         <value>0xfb5a</value>
         <object_component_ref idref="oc-15f"/>
         <local>true</local>
      </symbol>
      <symbol id="sm-6a9">
         <name>__aeabi_uldivmod</name>
         <value>0x700539a8</value>
         <object_component_ref idref="oc-15d"/>
         <function>true</function>
         <callees>
            <symbol_ref idref="sm-6af"/>
         </callees>
      </symbol>
      <symbol id="sm-6aa">
         <name></name>
         <value>0x70050604</value>
         <object_component_ref idref="oc-1d6"/>
         <local>true</local>
      </symbol>
      <symbol id="sm-6ab">
         <name>$a.0</name>
         <value>0x70050604</value>
         <object_component_ref idref="oc-1d6"/>
         <local>true</local>
      </symbol>
      <symbol id="sm-6ac">
         <name></name>
         <value>0x27beb</value>
         <object_component_ref idref="oc-1d8"/>
         <local>true</local>
      </symbol>
      <symbol id="sm-6ad">
         <name></name>
         <value>0x48f8</value>
         <object_component_ref idref="oc-234"/>
         <local>true</local>
      </symbol>
      <symbol id="sm-6ae">
         <name></name>
         <value>0xfc08</value>
         <object_component_ref idref="oc-1d9"/>
         <local>true</local>
      </symbol>
      <symbol id="sm-6af">
         <name>__udivmoddi4</name>
         <value>0x70050604</value>
         <object_component_ref idref="oc-1d6"/>
         <function>true</function>
         <callees>
            <symbol_ref idref="sm-68d"/>
         </callees>
      </symbol>
      <symbol id="sm-6b0">
         <name></name>
         <value>0x70053ae0</value>
         <object_component_ref idref="oc-21c"/>
         <local>true</local>
      </symbol>
      <symbol id="sm-6b1">
         <name>$a.1</name>
         <value>0x70053ae0</value>
         <object_component_ref idref="oc-21c"/>
         <local>true</local>
      </symbol>
      <symbol id="sm-6b2">
         <name>_loop</name>
         <value>0x70053ae4</value>
         <object_component_ref idref="oc-21c"/>
         <local>true</local>
      </symbol>
      <symbol id="sm-6b3">
         <name></name>
         <value>0x27d82</value>
         <object_component_ref idref="oc-220"/>
         <local>true</local>
      </symbol>
      <symbol id="sm-6b4">
         <name></name>
         <value>0x491f</value>
         <object_component_ref idref="oc-26a"/>
         <local>true</local>
      </symbol>
      <symbol id="sm-6b5">
         <name></name>
         <value>0x2588</value>
         <object_component_ref idref="oc-21f"/>
         <local>true</local>
      </symbol>
      <symbol id="sm-6b6">
         <name></name>
         <value>0xfcf7</value>
         <object_component_ref idref="oc-21e"/>
         <local>true</local>
      </symbol>
      <symbol id="sm-6b7">
         <name>TI_memcpy_small</name>
         <value>0x70053ae0</value>
         <object_component_ref idref="oc-21c"/>
         <function>true</function>
      </symbol>
      <symbol id="sm-6b8">
         <name></name>
         <value>0x70053b7c</value>
         <object_component_ref idref="oc-137"/>
         <local>true</local>
      </symbol>
      <symbol id="sm-6b9">
         <name>$a.1</name>
         <value>0x70053b7c</value>
         <object_component_ref idref="oc-137"/>
         <local>true</local>
      </symbol>
      <symbol id="sm-6ba">
         <name>_loop</name>
         <value>0x70053b80</value>
         <object_component_ref idref="oc-137"/>
         <local>true</local>
      </symbol>
      <symbol id="sm-6bb">
         <name></name>
         <value>0x28032</value>
         <object_component_ref idref="oc-138"/>
         <local>true</local>
      </symbol>
      <symbol id="sm-6bc">
         <name></name>
         <value>0x4944</value>
         <object_component_ref idref="oc-1b8"/>
         <local>true</local>
      </symbol>
      <symbol id="sm-6bd">
         <name></name>
         <value>0x25b0</value>
         <object_component_ref idref="oc-13a"/>
         <local>true</local>
      </symbol>
      <symbol id="sm-6be">
         <name></name>
         <value>0xfda8</value>
         <object_component_ref idref="oc-13b"/>
         <local>true</local>
      </symbol>
      <symbol id="sm-6bf">
         <name>TI_memset_small</name>
         <value>0x70053b7c</value>
         <object_component_ref idref="oc-137"/>
         <function>true</function>
      </symbol>
      <symbol id="sm-6c1">
         <name></name>
         <value>0x70053afc</value>
         <object_component_ref idref="oc-31c"/>
         <local>true</local>
      </symbol>
      <symbol id="sm-6c2">
         <name>$t.0</name>
         <value>0x70053afc</value>
         <object_component_ref idref="oc-31c"/>
         <local>true</local>
      </symbol>
      <symbol id="sm-6c3">
         <name></name>
         <value>0x1272d</value>
         <object_component_ref idref="oc-320"/>
         <local>true</local>
      </symbol>
      <symbol id="sm-6c4">
         <name></name>
         <value>0x4969</value>
         <object_component_ref idref="oc-33d"/>
         <local>true</local>
      </symbol>
      <symbol id="sm-6c5">
         <name></name>
         <value>0x25d8</value>
         <object_component_ref idref="oc-321"/>
         <local>true</local>
      </symbol>
      <symbol id="sm-6c6">
         <name></name>
         <value>0x194f7</value>
         <object_component_ref idref="oc-33e"/>
         <local>true</local>
      </symbol>
      <symbol id="sm-6c7">
         <name></name>
         <value>0x30e0</value>
         <object_component_ref idref="oc-31f"/>
         <local>true</local>
      </symbol>
      <symbol id="sm-6c8">
         <name></name>
         <value>0xfe1e</value>
         <object_component_ref idref="oc-31e"/>
         <local>true</local>
      </symbol>
      <symbol id="sm-6c9">
         <name>CSL_armR5GetCpuID</name>
         <value>0x70053afd</value>
         <object_component_ref idref="oc-31c"/>
         <function>true</function>
         <callees>
            <symbol_ref idref="sm-6d7"/>
         </callees>
      </symbol>
      <symbol id="sm-6cb">
         <name></name>
         <value>0x70050c4a</value>
         <object_component_ref idref="oc-292"/>
         <local>true</local>
      </symbol>
      <symbol id="sm-6cc">
         <name>$t.0</name>
         <value>0x70050c4a</value>
         <object_component_ref idref="oc-292"/>
         <local>true</local>
      </symbol>
      <symbol id="sm-6cd">
         <name></name>
         <value>0x4a12</value>
         <object_component_ref idref="oc-2c6"/>
         <local>true</local>
      </symbol>
      <symbol id="sm-6ce">
         <name></name>
         <value>0x1966c</value>
         <object_component_ref idref="oc-2c7"/>
         <local>true</local>
      </symbol>
      <symbol id="sm-6cf">
         <name></name>
         <value>0x3118</value>
         <object_component_ref idref="oc-295"/>
         <local>true</local>
      </symbol>
      <symbol id="sm-6d0">
         <name></name>
         <value>0xff84</value>
         <object_component_ref idref="oc-294"/>
         <local>true</local>
      </symbol>
      <symbol id="sm-6d1">
         <name>TaskP_yield</name>
         <value>0x70050c4b</value>
         <object_component_ref idref="oc-292"/>
         <function>true</function>
      </symbol>
      <symbol id="sm-6d2">
         <name></name>
         <value>0x70053d2c</value>
         <object_component_ref idref="oc-339"/>
         <local>true</local>
      </symbol>
      <symbol id="sm-6d3">
         <name>$a.0</name>
         <value>0x70053d2c</value>
         <object_component_ref idref="oc-339"/>
         <local>true</local>
      </symbol>
      <symbol id="sm-6d4">
         <name></name>
         <value>0x28327</value>
         <object_component_ref idref="oc-33a"/>
         <local>true</local>
      </symbol>
      <symbol id="sm-6d5">
         <name></name>
         <value>0x4a3e</value>
         <object_component_ref idref="oc-36d"/>
         <local>true</local>
      </symbol>
      <symbol id="sm-6d6">
         <name></name>
         <value>0xffd0</value>
         <object_component_ref idref="oc-33c"/>
         <local>true</local>
      </symbol>
      <symbol id="sm-6d7">
         <name>CSL_armR5ReadMpidrReg</name>
         <value>0x70053d2c</value>
         <object_component_ref idref="oc-339"/>
         <function>true</function>
      </symbol>
      <symbol id="sm-6d8">
         <name>_system_post_cinit</name>
         <value>0x0</value>
      </symbol>
      <symbol id="sm-6d9">
         <name>__TI_Handler_Table_Limit</name>
         <value>0x0</value>
      </symbol>
      <symbol id="sm-6da">
         <name>__TI_Handler_Table_Base</name>
         <value>0x0</value>
      </symbol>
      <symbol id="sm-6db">
         <name>__TI_CINIT_Base</name>
         <value>0x0</value>
      </symbol>
      <symbol id="sm-6dc">
         <name>__TI_CINIT_Limit</name>
         <value>0x0</value>
      </symbol>
   </symbol_table>
   <title>Link successful</title>
</link_info>
